Archive member included to satisfy reference by file (symbol)

/usr/lib/gcc/arm-none-eabi/10.3.1/thumb/v6-m/nofp/libgcc.a(_dvmd_tls.o)
                              CMakeFiles/kyblRTOS.dir/home/fetak/pico/pico-sdk/src/rp2_common/pico_divider/divider.S.obj (__aeabi_idiv0)
/usr/lib/gcc/arm-none-eabi/10.3.1/../../../arm-none-eabi/lib/thumb/v6-m/nofp/libc.a(lib_a-atexit.o)
                              /usr/lib/gcc/arm-none-eabi/10.3.1/../../../arm-none-eabi/lib/thumb/v6-m/nofp/crt0.o (atexit)
/usr/lib/gcc/arm-none-eabi/10.3.1/../../../arm-none-eabi/lib/thumb/v6-m/nofp/libc.a(lib_a-atoi.o)
                              CMakeFiles/kyblRTOS.dir/command.c.obj (atoi)
/usr/lib/gcc/arm-none-eabi/10.3.1/../../../arm-none-eabi/lib/thumb/v6-m/nofp/libc.a(lib_a-calloc.o)
                              CMakeFiles/kyblRTOS.dir/home/fetak/pico/pico-sdk/src/rp2_common/pico_malloc/pico_malloc.c.obj (calloc)
/usr/lib/gcc/arm-none-eabi/10.3.1/../../../arm-none-eabi/lib/thumb/v6-m/nofp/libc.a(lib_a-callocr.o)
                              /usr/lib/gcc/arm-none-eabi/10.3.1/../../../arm-none-eabi/lib/thumb/v6-m/nofp/libc.a(lib_a-calloc.o) (_calloc_r)
/usr/lib/gcc/arm-none-eabi/10.3.1/../../../arm-none-eabi/lib/thumb/v6-m/nofp/libc.a(lib_a-fflush.o)
                              CMakeFiles/kyblRTOS.dir/main.c.obj (fflush)
/usr/lib/gcc/arm-none-eabi/10.3.1/../../../arm-none-eabi/lib/thumb/v6-m/nofp/libc.a(lib_a-findfp.o)
                              /usr/lib/gcc/arm-none-eabi/10.3.1/../../../arm-none-eabi/lib/thumb/v6-m/nofp/libc.a(lib_a-fflush.o) (__sinit)
/usr/lib/gcc/arm-none-eabi/10.3.1/../../../arm-none-eabi/lib/thumb/v6-m/nofp/libc.a(lib_a-fini.o)
                              /usr/lib/gcc/arm-none-eabi/10.3.1/../../../arm-none-eabi/lib/thumb/v6-m/nofp/crt0.o (__libc_fini_array)
/usr/lib/gcc/arm-none-eabi/10.3.1/../../../arm-none-eabi/lib/thumb/v6-m/nofp/libc.a(lib_a-freer.o)
                              /usr/lib/gcc/arm-none-eabi/10.3.1/../../../arm-none-eabi/lib/thumb/v6-m/nofp/libc.a(lib_a-fflush.o) (_free_r)
/usr/lib/gcc/arm-none-eabi/10.3.1/../../../arm-none-eabi/lib/thumb/v6-m/nofp/libc.a(lib_a-fwalk.o)
                              /usr/lib/gcc/arm-none-eabi/10.3.1/../../../arm-none-eabi/lib/thumb/v6-m/nofp/libc.a(lib_a-findfp.o) (_fwalk)
/usr/lib/gcc/arm-none-eabi/10.3.1/../../../arm-none-eabi/lib/thumb/v6-m/nofp/libc.a(lib_a-impure.o)
                              /usr/lib/gcc/arm-none-eabi/10.3.1/../../../arm-none-eabi/lib/thumb/v6-m/nofp/libc.a(lib_a-fflush.o) (_global_impure_ptr)
/usr/lib/gcc/arm-none-eabi/10.3.1/../../../arm-none-eabi/lib/thumb/v6-m/nofp/libc.a(lib_a-init.o)
                              /usr/lib/gcc/arm-none-eabi/10.3.1/../../../arm-none-eabi/lib/thumb/v6-m/nofp/crt0.o (__libc_init_array)
/usr/lib/gcc/arm-none-eabi/10.3.1/../../../arm-none-eabi/lib/thumb/v6-m/nofp/libc.a(lib_a-malloc.o)
                              CMakeFiles/kyblRTOS.dir/home/fetak/pico/pico-sdk/src/rp2_common/pico_malloc/pico_malloc.c.obj (malloc)
/usr/lib/gcc/arm-none-eabi/10.3.1/../../../arm-none-eabi/lib/thumb/v6-m/nofp/libc.a(lib_a-mallocr.o)
                              /usr/lib/gcc/arm-none-eabi/10.3.1/../../../arm-none-eabi/lib/thumb/v6-m/nofp/libc.a(lib_a-callocr.o) (_malloc_r)
/usr/lib/gcc/arm-none-eabi/10.3.1/../../../arm-none-eabi/lib/thumb/v6-m/nofp/libc.a(lib_a-mlock.o)
                              /usr/lib/gcc/arm-none-eabi/10.3.1/../../../arm-none-eabi/lib/thumb/v6-m/nofp/libc.a(lib_a-freer.o) (__malloc_lock)
/usr/lib/gcc/arm-none-eabi/10.3.1/../../../arm-none-eabi/lib/thumb/v6-m/nofp/libc.a(lib_a-realloc.o)
                              CMakeFiles/kyblRTOS.dir/home/fetak/pico/pico-sdk/src/rp2_common/pico_malloc/pico_malloc.c.obj (realloc)
/usr/lib/gcc/arm-none-eabi/10.3.1/../../../arm-none-eabi/lib/thumb/v6-m/nofp/libc.a(lib_a-reallocr.o)
                              /usr/lib/gcc/arm-none-eabi/10.3.1/../../../arm-none-eabi/lib/thumb/v6-m/nofp/libc.a(lib_a-realloc.o) (_realloc_r)
/usr/lib/gcc/arm-none-eabi/10.3.1/../../../arm-none-eabi/lib/thumb/v6-m/nofp/libc.a(lib_a-sbrkr.o)
                              /usr/lib/gcc/arm-none-eabi/10.3.1/../../../arm-none-eabi/lib/thumb/v6-m/nofp/libc.a(lib_a-freer.o) (_sbrk_r)
/usr/lib/gcc/arm-none-eabi/10.3.1/../../../arm-none-eabi/lib/thumb/v6-m/nofp/libc.a(lib_a-stdio.o)
                              /usr/lib/gcc/arm-none-eabi/10.3.1/../../../arm-none-eabi/lib/thumb/v6-m/nofp/libc.a(lib_a-findfp.o) (__sread)
/usr/lib/gcc/arm-none-eabi/10.3.1/../../../arm-none-eabi/lib/thumb/v6-m/nofp/libc.a(lib_a-strcmp.o)
                              CMakeFiles/kyblRTOS.dir/main.c.obj (strcmp)
/usr/lib/gcc/arm-none-eabi/10.3.1/../../../arm-none-eabi/lib/thumb/v6-m/nofp/libc.a(lib_a-strlen-stub.o)
                              CMakeFiles/kyblRTOS.dir/home/fetak/pico/pico-sdk/src/rp2_common/pico_stdio/stdio.c.obj (strlen)
/usr/lib/gcc/arm-none-eabi/10.3.1/../../../arm-none-eabi/lib/thumb/v6-m/nofp/libc.a(lib_a-strtok.o)
[...]
Memory Configuration

Name             Origin             Length             Attributes
FLASH            0x0000000010000000 0x0000000000200000 xr
RAM              0x0000000020000000 0x0000000000040000 xrw
SCRATCH_X        0x0000000020040000 0x0000000000001000 xrw
SCRATCH_Y        0x0000000020041000 0x0000000000001000 xrw
*default*        0x0000000000000000 0xffffffffffffffff

Linker script and memory map

LOAD /usr/lib/gcc/arm-none-eabi/10.3.1/thumb/v6-m/nofp/crti.o
LOAD /usr/lib/gcc/arm-none-eabi/10.3.1/thumb/v6-m/nofp/crtbegin.o
LOAD /usr/lib/gcc/arm-none-eabi/10.3.1/../../../arm-none-eabi/lib/thumb/v6-m/nofp/crt0.o

.flash_begin    0x0000000010000000        0x0
                0x0000000010000000                __flash_binary_start = .

.boot2          0x0000000010000000      0x100
                0x0000000010000000                __boot2_start__ = .
 *(.boot2)
 .boot2         0x0000000010000000      0x100 /tmp/ccWCOAfI.o
                0x0000000010000100                __boot2_end__ = .
                0x0000000000000001                ASSERT (((__boot2_end__ - __boot2_start__) == 0x100), ERROR: Pico second stage bootloader must be 256 bytes in size)

.text           0x0000000010000100     0xa2f8
                0x0000000010000100                __logical_binary_start = .
 *(.vectors)
 .vectors       0x0000000010000100       0xd4 CMakeFiles/kyblRTOS.dir/home/fetak/pico/pico-sdk/src/rp2_common/pico_standard_link/crt0.S.obj
                0x0000000010000100                __vectors
                0x0000000010000100                __VECTOR_TABLE
                0x00000000100001c0                isr_invalid
                0x00000000100001c0                __default_isrs_start
                0x00000000100001c2                isr_nmi
                0x00000000100001c4                isr_hardfault
                0x00000000100001c6                isr_svcall
                0x00000000100001c8                isr_pendsv
                0x00000000100001ca                isr_systick
                0x00000000100001cc                isr_irq30
                0x00000000100001cc                __unhandled_user_irq
                0x00000000100001cc                isr_irq13
                0x00000000100001cc                isr_irq27
                0x00000000100001cc                isr_irq31
                0x00000000100001cc                isr_irq5
                0x00000000100001cc                isr_irq11
                0x00000000100001cc                isr_irq23
                0x00000000100001cc                isr_irq18
                0x00000000100001cc                isr_irq28
                0x00000000100001cc                isr_irq19
                0x00000000100001cc                isr_irq0
                0x00000000100001cc                isr_irq6
                0x00000000100001cc                isr_irq22
                0x00000000100001cc                isr_irq17
                0x00000000100001cc                isr_irq14
                0x00000000100001cc                isr_irq2
                0x00000000100001cc                isr_irq10
                0x00000000100001cc                isr_irq8
                0x00000000100001cc                isr_irq24
                0x00000000100001cc                isr_irq1
                0x00000000100001cc                isr_irq7
                0x00000000100001cc                isr_irq21
                0x00000000100001cc                isr_irq20
                0x00000000100001cc                isr_irq15
                0x00000000100001cc                isr_irq25
                0x00000000100001cc                isr_irq4
                0x00000000100001cc                isr_irq16
                0x00000000100001cc                isr_irq29
                0x00000000100001cc                isr_irq26
                0x00000000100001cc                __default_isrs_end
                0x00000000100001cc                isr_irq3
                0x00000000100001cc                isr_irq12
                0x00000000100001cc                isr_irq9
                0x00000000100001d2                unhandled_user_irq_num_in_r0
 *(.binary_info_header)
 .binary_info_header
                0x00000000100001d4       0x14 CMakeFiles/kyblRTOS.dir/home/fetak/pico/pico-sdk/src/rp2_common/pico_standard_link/crt0.S.obj
                0x00000000100001e8                __binary_info_header_end = .
 *(.reset)
 .reset         0x00000000100001e8       0xa0 CMakeFiles/kyblRTOS.dir/home/fetak/pico/pico-sdk/src/rp2_common/pico_standard_link/crt0.S.obj
                0x00000000100001e8                _entry_point
 .reset         0x0000000010000288       0x30 CMakeFiles/kyblRTOS.dir/home/fetak/pico/pico-sdk/src/rp2_common/pico_standard_link/binary_info.c.obj
 *(.init)
 .init          0x00000000100002b8        0x4 /usr/lib/gcc/arm-none-eabi/10.3.1/thumb/v6-m/nofp/crti.o
                0x00000000100002b8                _init
 *(EXCLUDE_FILE(*libm.a: *libc.a:*lib_a-mem*.o *libgcc.a:) .text*)
 .text          0x00000000100002bc       0x98 /usr/lib/gcc/arm-none-eabi/10.3.1/thumb/v6-m/nofp/crtbegin.o
 .text.status_led
                0x0000000010000354       0xb4 CMakeFiles/kyblRTOS.dir/main.c.obj
                0x0000000010000354                status_led
 .text.input_task
                0x0000000010000408      0x100 CMakeFiles/kyblRTOS.dir/main.c.obj
                0x0000000010000408                input_task
 .text.startup.main
                0x0000000010000508       0x70 CMakeFiles/kyblRTOS.dir/main.c.obj
                0x0000000010000508                main
 .text.help     0x0000000010000578       0x40 CMakeFiles/kyblRTOS.dir/command.c.obj
                0x0000000010000578                help
 .text.echo     0x00000000100005b8       0x14 CMakeFiles/kyblRTOS.dir/command.c.obj
                0x00000000100005b8                echo
 .text.clear    0x00000000100005cc       0x10 CMakeFiles/kyblRTOS.dir/command.c.obj
                0x00000000100005cc                clear
 .text.ver      0x00000000100005dc       0x2c CMakeFiles/kyblRTOS.dir/command.c.obj
                0x00000000100005dc                ver
 .text.bin      0x0000000010000608       0x90 CMakeFiles/kyblRTOS.dir/command.c.obj
                0x0000000010000608                bin
 .text.execute_command
                0x0000000010000698       0x4c CMakeFiles/kyblRTOS.dir/command.c.obj
                0x0000000010000698                execute_command
 .text.boot     0x00000000100006e4       0x5c CMakeFiles/kyblRTOS.dir/boot.c.obj
                0x00000000100006e4                boot
 .text.gpio_init
                0x0000000010000740       0x3c CMakeFiles/kyblRTOS.dir/home/fetak/pico/pico-sdk/src/rp2_common/hardware_gpio/gpio.c.obj
                0x0000000010000740                gpio_init
 .text.running_on_fpga
                0x000000001000077c       0x10 CMakeFiles/kyblRTOS.dir/home/fetak/pico/pico-sdk/src/rp2_common/pico_platform/platform.c.obj
                0x000000001000077c                running_on_fpga
 .text.hw_claim_or_assert
                0x000000001000078c       0x44 CMakeFiles/kyblRTOS.dir/home/fetak/pico/pico-sdk/src/rp2_common/hardware_claim/claim.c.obj
                0x000000001000078c                hw_claim_or_assert
 .text.hw_claim_unused_from_range
                0x00000000100007d0       0x9c CMakeFiles/kyblRTOS.dir/home/fetak/pico/pico-sdk/src/rp2_common/hardware_claim/claim.c.obj
                0x00000000100007d0                hw_claim_unused_from_range
 .text.spin_locks_reset
                0x000000001000086c       0x1c CMakeFiles/kyblRTOS.dir/home/fetak/pico/pico-sdk/src/rp2_common/hardware_sync/sync.c.obj
                0x000000001000086c                spin_locks_reset
 .text.next_striped_spin_lock_num
                0x0000000010000888       0x18 CMakeFiles/kyblRTOS.dir/home/fetak/pico/pico-sdk/src/rp2_common/hardware_sync/sync.c.obj
                0x0000000010000888                next_striped_spin_lock_num
 .text.spin_lock_claim_unused
                0x00000000100008a0       0x20 CMakeFiles/kyblRTOS.dir/home/fetak/pico/pico-sdk/src/rp2_common/hardware_sync/sync.c.obj
                0x00000000100008a0                spin_lock_claim_unused
 .text.irq_set_enabled
                0x00000000100008c0       0x24 CMakeFiles/kyblRTOS.dir/home/fetak/pico/pico-sdk/src/rp2_common/hardware_irq/irq.c.obj
                0x00000000100008c0                irq_set_enabled
 .text.irq_set_pending
                0x00000000100008e4       0x10 CMakeFiles/kyblRTOS.dir/home/fetak/pico/pico-sdk/src/rp2_common/hardware_irq/irq.c.obj
                0x00000000100008e4                irq_set_pending
 .text.irq_has_shared_handler
                0x00000000100008f4       0x2c CMakeFiles/kyblRTOS.dir/home/fetak/pico/pico-sdk/src/rp2_common/hardware_irq/irq.c.obj
                0x00000000100008f4                irq_has_shared_handler
 .text.irq_get_vtable_handler
                0x0000000010000920       0x10 CMakeFiles/kyblRTOS.dir/home/fetak/pico/pico-sdk/src/rp2_common/hardware_irq/irq.c.obj
                0x0000000010000920                irq_get_vtable_handler
 .text.irq_set_exclusive_handler
                0x0000000010000930       0x54 CMakeFiles/kyblRTOS.dir/home/fetak/pico/pico-sdk/src/rp2_common/hardware_irq/irq.c.obj
                0x0000000010000930                irq_set_exclusive_handler
 .text.irq_add_shared_handler
                0x0000000010000984      0x1e8 CMakeFiles/kyblRTOS.dir/home/fetak/pico/pico-sdk/src/rp2_common/hardware_irq/irq.c.obj
                0x0000000010000984                irq_add_shared_handler
 .text.irq_remove_handler
                0x0000000010000b6c      0x1b0 CMakeFiles/kyblRTOS.dir/home/fetak/pico/pico-sdk/src/rp2_common/hardware_irq/irq.c.obj
                0x0000000010000b6c                irq_remove_handler
 .text.irq_set_priority
                0x0000000010000d1c       0x28 CMakeFiles/kyblRTOS.dir/home/fetak/pico/pico-sdk/src/rp2_common/hardware_irq/irq.c.obj
                0x0000000010000d1c                irq_set_priority
 .text.irq_add_tail_to_free_list
                0x0000000010000d44       0xb4 CMakeFiles/kyblRTOS.dir/home/fetak/pico/pico-sdk/src/rp2_common/hardware_irq/irq.c.obj
                0x0000000010000d44                irq_add_tail_to_free_list
 .text.irq_init_priorities
                0x0000000010000df8       0x24 CMakeFiles/kyblRTOS.dir/home/fetak/pico/pico-sdk/src/rp2_common/hardware_irq/irq.c.obj
                0x0000000010000df8                irq_init_priorities
 .text.user_irq_claim_unused
                0x0000000010000e1c       0x28 CMakeFiles/kyblRTOS.dir/home/fetak/pico/pico-sdk/src/rp2_common/hardware_irq/irq.c.obj
                0x0000000010000e1c                user_irq_claim_unused
 .text.lock_init
                0x0000000010000e44       0x10 CMakeFiles/kyblRTOS.dir/home/fetak/pico/pico-sdk/src/common/pico_sync/lock_core.c.obj
                0x0000000010000e44                lock_init
 .text.mutex_init
                0x0000000010000e54       0x1c CMakeFiles/kyblRTOS.dir/home/fetak/pico/pico-sdk/src/common/pico_sync/mutex.c.obj
                0x0000000010000e54                mutex_init
 .text.recursive_mutex_init
                0x0000000010000e70       0x20 CMakeFiles/kyblRTOS.dir/home/fetak/pico/pico-sdk/src/common/pico_sync/mutex.c.obj
                0x0000000010000e70                recursive_mutex_init
 .text.critical_section_init
                0x0000000010000e90       0x20 CMakeFiles/kyblRTOS.dir/home/fetak/pico/pico-sdk/src/common/pico_sync/critical_section.c.obj
                0x0000000010000e90                critical_section_init
 .text.critical_section_init_with_lock_num
                0x0000000010000eb0       0x14 CMakeFiles/kyblRTOS.dir/home/fetak/pico/pico-sdk/src/common/pico_sync/critical_section.c.obj
                0x0000000010000eb0                critical_section_init_with_lock_num
 .text.timer_pool_entry_comparator
                0x0000000010000ec4       0x34 CMakeFiles/kyblRTOS.dir/home/fetak/pico/pico-sdk/src/common/pico_time/time.c.obj
                0x0000000010000ec4                timer_pool_entry_comparator
 .text.sleep_until_callback
                0x0000000010000ef8       0x24 CMakeFiles/kyblRTOS.dir/home/fetak/pico/pico-sdk/src/common/pico_time/time.c.obj
 .text.add_alarm_under_lock.isra.0
                0x0000000010000f1c      0x100 CMakeFiles/kyblRTOS.dir/home/fetak/pico/pico-sdk/src/common/pico_time/time.c.obj
 .text.alarm_pool_alarm_callback
                0x000000001000101c      0x1bc CMakeFiles/kyblRTOS.dir/home/fetak/pico/pico-sdk/src/common/pico_time/time.c.obj
 .text.alarm_pool_init_default
                0x00000000100011d8       0x6c CMakeFiles/kyblRTOS.dir/home/fetak/pico/pico-sdk/src/common/pico_time/time.c.obj
                0x00000000100011d8                alarm_pool_init_default
 .text.alarm_pool_get_default
                0x0000000010001244        0x8 CMakeFiles/kyblRTOS.dir/home/fetak/pico/pico-sdk/src/common/pico_time/time.c.obj
                0x0000000010001244                alarm_pool_get_default
 .text.alarm_pool_add_alarm_at
                0x000000001000124c      0x178 CMakeFiles/kyblRTOS.dir/home/fetak/pico/pico-sdk/src/common/pico_time/time.c.obj
                0x000000001000124c                alarm_pool_add_alarm_at
 .text.alarm_pool_core_num
                0x00000000100013c4        0x4 CMakeFiles/kyblRTOS.dir/home/fetak/pico/pico-sdk/src/common/pico_time/time.c.obj
                0x00000000100013c4                alarm_pool_core_num
 .text.best_effort_wfe_or_timeout
                0x00000000100013c8       0xd4 CMakeFiles/kyblRTOS.dir/home/fetak/pico/pico-sdk/src/common/pico_time/time.c.obj
                0x00000000100013c8                best_effort_wfe_or_timeout
 .text.hardware_alarm_irq_handler
                0x000000001000149c       0xbc CMakeFiles/kyblRTOS.dir/home/fetak/pico/pico-sdk/src/rp2_common/hardware_timer/timer.c.obj
 .text.hardware_alarm_claim
                0x0000000010001558       0x18 CMakeFiles/kyblRTOS.dir/home/fetak/pico/pico-sdk/src/rp2_common/hardware_timer/timer.c.obj
                0x0000000010001558                hardware_alarm_claim
 .text.time_us_64
                0x0000000010001570       0x14 CMakeFiles/kyblRTOS.dir/home/fetak/pico/pico-sdk/src/rp2_common/hardware_timer/timer.c.obj
                0x0000000010001570                time_us_64
 .text.busy_wait_us
                0x0000000010001584       0x54 CMakeFiles/kyblRTOS.dir/home/fetak/pico/pico-sdk/src/rp2_common/hardware_timer/timer.c.obj
                0x0000000010001584                busy_wait_us
 .text.hardware_alarm_set_callback
                0x00000000100015d8       0x8c CMakeFiles/kyblRTOS.dir/home/fetak/pico/pico-sdk/src/rp2_common/hardware_timer/timer.c.obj
                0x00000000100015d8                hardware_alarm_set_callback
 .text.hardware_alarm_set_target
                0x0000000010001664       0xd4 CMakeFiles/kyblRTOS.dir/home/fetak/pico/pico-sdk/src/rp2_common/hardware_timer/timer.c.obj
                0x0000000010001664                hardware_alarm_set_target
 .text.hardware_alarm_cancel
                0x0000000010001738       0x3c CMakeFiles/kyblRTOS.dir/home/fetak/pico/pico-sdk/src/rp2_common/hardware_timer/timer.c.obj
                0x0000000010001738                hardware_alarm_cancel
 .text.ph_merge_nodes
                0x0000000010001774       0x68 CMakeFiles/kyblRTOS.dir/home/fetak/pico/pico-sdk/src/common/pico_util/pheap.c.obj
 .text.ph_post_alloc_init
                0x00000000100017dc       0x3c CMakeFiles/kyblRTOS.dir/home/fetak/pico/pico-sdk/src/common/pico_util/pheap.c.obj
                0x00000000100017dc                ph_post_alloc_init
 .text.ph_merge_two_pass
                0x0000000010001818       0x90 CMakeFiles/kyblRTOS.dir/home/fetak/pico/pico-sdk/src/common/pico_util/pheap.c.obj
                0x0000000010001818                ph_merge_two_pass
 .text.ph_remove_any_head
                0x00000000100018a8      0x100 CMakeFiles/kyblRTOS.dir/home/fetak/pico/pico-sdk/src/common/pico_util/pheap.c.obj
 .text.ph_remove_head
                0x00000000100019a8      0x104 CMakeFiles/kyblRTOS.dir/home/fetak/pico/pico-sdk/src/common/pico_util/pheap.c.obj
                0x00000000100019a8                ph_remove_head
 .text.ph_remove_and_free_node
                0x0000000010001aac       0x7c CMakeFiles/kyblRTOS.dir/home/fetak/pico/pico-sdk/src/common/pico_util/pheap.c.obj
                0x0000000010001aac                ph_remove_and_free_node
 .text.clocks_init
                0x0000000010001b28      0x2d0 CMakeFiles/kyblRTOS.dir/home/fetak/pico/pico-sdk/src/rp2_common/hardware_clocks/clocks.c.obj
                0x0000000010001b28                clocks_init
 .text.clock_get_hz
                0x0000000010001df8        0xc CMakeFiles/kyblRTOS.dir/home/fetak/pico/pico-sdk/src/rp2_common/hardware_clocks/clocks.c.obj
                0x0000000010001df8                clock_get_hz
 .text.pll_init
                0x0000000010001e04       0xa0 CMakeFiles/kyblRTOS.dir/home/fetak/pico/pico-sdk/src/rp2_common/hardware_pll/pll.c.obj
                0x0000000010001e04                pll_init
 .text.watchdog_start_tick
                0x0000000010001ea4       0x10 CMakeFiles/kyblRTOS.dir/home/fetak/pico/pico-sdk/src/rp2_common/hardware_watchdog/watchdog.c.obj
                0x0000000010001ea4                watchdog_start_tick
 .text.watchdog_reboot
                0x0000000010001eb4       0x98 CMakeFiles/kyblRTOS.dir/home/fetak/pico/pico-sdk/src/rp2_common/hardware_watchdog/watchdog.c.obj
                0x0000000010001eb4                watchdog_reboot
 .text.xosc_init
                0x0000000010001f4c       0x28 CMakeFiles/kyblRTOS.dir/home/fetak/pico/pico-sdk/src/rp2_common/hardware_xosc/xosc.c.obj
                0x0000000010001f4c                xosc_init
 .text.runtime_init
                0x0000000010001f74       0xf0 CMakeFiles/kyblRTOS.dir/home/fetak/pico/pico-sdk/src/rp2_common/pico_runtime/runtime.c.obj
                0x0000000010001f74                runtime_init
 .text._exit    0x0000000010002064        0x4 CMakeFiles/kyblRTOS.dir/home/fetak/pico/pico-sdk/src/rp2_common/pico_runtime/runtime.c.obj
                0x0000000010002064                _exit
 .text._sbrk    0x0000000010002068       0x34 CMakeFiles/kyblRTOS.dir/home/fetak/pico/pico-sdk/src/rp2_common/pico_runtime/runtime.c.obj
                0x0000000010002068                _sbrk
 .text.exit     0x000000001000209c        0x8 CMakeFiles/kyblRTOS.dir/home/fetak/pico/pico-sdk/src/rp2_common/pico_runtime/runtime.c.obj
                0x000000001000209c                exit
 .text.panic    0x00000000100020a4       0x30 CMakeFiles/kyblRTOS.dir/home/fetak/pico/pico-sdk/src/rp2_common/pico_runtime/runtime.c.obj
                0x00000000100020a4                panic
 .text.panic_unsupported
                0x00000000100020d4        0xc CMakeFiles/kyblRTOS.dir/home/fetak/pico/pico-sdk/src/rp2_common/pico_runtime/runtime.c.obj
                0x00000000100020d4                panic_unsupported
 .text.hard_assertion_failure
                0x00000000100020e0        0xc CMakeFiles/kyblRTOS.dir/home/fetak/pico/pico-sdk/src/rp2_common/pico_runtime/runtime.c.obj
                0x00000000100020e0                hard_assertion_failure
 .text._out_null
                0x00000000100020ec        0x4 CMakeFiles/kyblRTOS.dir/home/fetak/pico/pico-sdk/src/rp2_common/pico_printf/printf.c.obj
 .text._out_rev
                0x00000000100020f0       0x9c CMakeFiles/kyblRTOS.dir/home/fetak/pico/pico-sdk/src/rp2_common/pico_printf/printf.c.obj
 .text._ntoa_format
                0x000000001000218c      0x1cc CMakeFiles/kyblRTOS.dir/home/fetak/pico/pico-sdk/src/rp2_common/pico_printf/printf.c.obj
 .text._out_char
                0x0000000010002358       0x10 CMakeFiles/kyblRTOS.dir/home/fetak/pico/pico-sdk/src/rp2_common/pico_printf/printf.c.obj
 .text._out_fct
                0x0000000010002368       0x10 CMakeFiles/kyblRTOS.dir/home/fetak/pico/pico-sdk/src/rp2_common/pico_printf/printf.c.obj
 .text._etoa    0x0000000010002378      0x44c CMakeFiles/kyblRTOS.dir/home/fetak/pico/pico-sdk/src/rp2_common/pico_printf/printf.c.obj
 .text._ftoa    0x00000000100027c4      0x398 CMakeFiles/kyblRTOS.dir/home/fetak/pico/pico-sdk/src/rp2_common/pico_printf/printf.c.obj
 .text._vsnprintf
                0x0000000010002b5c      0xb04 CMakeFiles/kyblRTOS.dir/home/fetak/pico/pico-sdk/src/rp2_common/pico_printf/printf.c.obj
 .text.vfctprintf
                0x0000000010003660       0x20 CMakeFiles/kyblRTOS.dir/home/fetak/pico/pico-sdk/src/rp2_common/pico_printf/printf.c.obj
                0x0000000010003660                vfctprintf
 .text.weak_raw_vprintf
                0x0000000010003680       0x30 CMakeFiles/kyblRTOS.dir/home/fetak/pico/pico-sdk/src/rp2_common/pico_printf/printf.c.obj
                0x0000000010003680                weak_raw_vprintf
 .text          0x00000000100036b0       0x10 CMakeFiles/kyblRTOS.dir/home/fetak/pico/pico-sdk/src/rp2_common/pico_bit_ops/bit_ops_aeabi.S.obj
 .text.rom_func_lookup
                0x00000000100036c0       0x10 CMakeFiles/kyblRTOS.dir/home/fetak/pico/pico-sdk/src/rp2_common/pico_bootrom/bootrom.c.obj
                0x00000000100036c0                rom_func_lookup
 .text.rom_data_lookup
                0x00000000100036d0       0x10 CMakeFiles/kyblRTOS.dir/home/fetak/pico/pico-sdk/src/rp2_common/pico_bootrom/bootrom.c.obj
                0x00000000100036d0                rom_data_lookup
 .text.rom_funcs_lookup
                0x00000000100036e0       0x44 CMakeFiles/kyblRTOS.dir/home/fetak/pico/pico-sdk/src/rp2_common/pico_bootrom/bootrom.c.obj
                0x00000000100036e0                rom_funcs_lookup
 .text.__wrap___aeabi_idiv
                0x0000000010003724       0x50 CMakeFiles/kyblRTOS.dir/home/fetak/pico/pico-sdk/src/rp2_common/pico_divider/divider.S.obj
                0x0000000010003724                __wrap___aeabi_idivmod
                0x0000000010003724                divmod_s32s32
                0x0000000010003724                div_s32s32
                0x0000000010003724                __wrap___aeabi_idiv
                0x000000001000372c                divmod_s32s32_unsafe
                0x0000000010003758                divmod_s32s32_savestate
 .text.__wrap___aeabi_uidiv
                0x0000000010003774       0x4c CMakeFiles/kyblRTOS.dir/home/fetak/pico/pico-sdk/src/rp2_common/pico_divider/divider.S.obj
                0x0000000010003774                __wrap___aeabi_uidiv
                0x0000000010003774                __wrap___aeabi_uidivmod
                0x0000000010003774                div_u32u32
                0x0000000010003774                divmod_u32u32
                0x000000001000377c                divmod_u32u32_unsafe
                0x00000000100037a4                divmod_u32u32_savestate
 .text.__wrap___aeabi_ldiv
                0x00000000100037c0      0x424 CMakeFiles/kyblRTOS.dir/home/fetak/pico/pico-sdk/src/rp2_common/pico_divider/divider.S.obj
                0x00000000100037c0                div_s64s64
                0x00000000100037c0                divmod_s64s64
                0x00000000100037c0                __wrap___aeabi_ldivmod
                0x00000000100037f0                div_u64u64
                0x00000000100037f0                divmod_u64u64
                0x00000000100037f0                __wrap___aeabi_uldivmod
                0x0000000010003800                divmod_u64u64_savestate
                0x0000000010003820                divmod_s64s64_unsafe
                0x00000000100038a8                divmod_u64u64_unsafe
 .text.__wrap___aeabi_darithmetic
                0x0000000010003be4       0x80 CMakeFiles/kyblRTOS.dir/home/fetak/pico/pico-sdk/src/rp2_common/pico_double/double_aeabi.S.obj
                0x0000000010003be4                __wrap___aeabi_drsub
                0x0000000010003bea                __wrap___aeabi_dsub
                0x0000000010003bfc                __wrap___aeabi_dadd
                0x0000000010003c0e                __wrap___aeabi_ddiv
                0x0000000010003c4a                __wrap___aeabi_dmul
 .text.__wrap___aeabi_cdcmple
                0x0000000010003c64       0x6c CMakeFiles/kyblRTOS.dir/home/fetak/pico/pico-sdk/src/rp2_common/pico_double/double_aeabi.S.obj
                0x0000000010003c64                __wrap___aeabi_cdrcmple
                0x0000000010003c74                __wrap___aeabi_cdcmple
                0x0000000010003c74                __wrap___aeabi_cdcmpeq
 .text.__wrap___aeabi_dcmplt
                0x0000000010003cd0        0xc CMakeFiles/kyblRTOS.dir/home/fetak/pico/pico-sdk/src/rp2_common/pico_double/double_aeabi.S.obj
                0x0000000010003cd0                __wrap___aeabi_dcmplt
 .text.__wrap___aeabi_dcmple
                0x0000000010003cdc       0x10 CMakeFiles/kyblRTOS.dir/home/fetak/pico/pico-sdk/src/rp2_common/pico_double/double_aeabi.S.obj
                0x0000000010003cdc                __wrap___aeabi_dcmple
 .text.__wrap___aeabi_dcmpge
                0x0000000010003cec       0x10 CMakeFiles/kyblRTOS.dir/home/fetak/pico/pico-sdk/src/rp2_common/pico_double/double_aeabi.S.obj
                0x0000000010003cec                __wrap___aeabi_dcmpge
 .text.__wrap___aeabi_dcmpgt
                0x0000000010003cfc        0xa CMakeFiles/kyblRTOS.dir/home/fetak/pico/pico-sdk/src/rp2_common/pico_double/double_aeabi.S.obj
                0x0000000010003cfc                __wrap___aeabi_dcmpgt
 .text.__wrap___aeabi_dcmpun
                0x0000000010003d06       0x1c CMakeFiles/kyblRTOS.dir/home/fetak/pico/pico-sdk/src/rp2_common/pico_double/double_aeabi.S.obj
                0x0000000010003d06                __wrap___aeabi_dcmpun
 *fill*         0x0000000010003d22        0x2 
 .text.__wrap___aeabi_i2d
                0x0000000010003d24       0x38 CMakeFiles/kyblRTOS.dir/home/fetak/pico/pico-sdk/src/rp2_common/pico_double/double_aeabi.S.obj
                0x0000000010003d24                __wrap___aeabi_ui2d
                0x0000000010003d2c                __wrap___aeabi_i2d
 .text.__wrap___aeabi_d2iz
                0x0000000010003d5c       0x48 CMakeFiles/kyblRTOS.dir/home/fetak/pico/pico-sdk/src/rp2_common/pico_double/double_aeabi.S.obj
                0x0000000010003d5c                __wrap___aeabi_d2iz
                0x0000000010003d5c                double2int_z
 .text.__wrap___aeabi_d2uiz
                0x0000000010003da4       0x18 CMakeFiles/kyblRTOS.dir/home/fetak/pico/pico-sdk/src/rp2_common/pico_double/double_aeabi.S.obj
                0x0000000010003da4                double2uint
                0x0000000010003da4                __wrap___aeabi_d2uiz
 .text.__aeabi_double_init
                0x0000000010003dbc       0x94 CMakeFiles/kyblRTOS.dir/home/fetak/pico/pico-sdk/src/rp2_common/pico_double/double_init_rom.c.obj
                0x0000000010003dbc                __aeabi_double_init
 .text.double_table_shim_on_use_helper
                0x0000000010003e50       0x2c CMakeFiles/kyblRTOS.dir/home/fetak/pico/pico-sdk/src/rp2_common/pico_double/double_v1_rom_shim.S.obj
                0x0000000010003e50                double_table_shim_on_use_helper
 .text.__wrap___aeabi_dsub
                0x0000000010003e7c       0x10 CMakeFiles/kyblRTOS.dir/home/fetak/pico/pico-sdk/src/rp2_common/pico_double/double_v1_rom_shim.S.obj
                0x0000000010003e7c                drsub_shim
                0x0000000010003e82                dsub_shim
 .text.dadd_shim
                0x0000000010003e8c      0x15c CMakeFiles/kyblRTOS.dir/home/fetak/pico/pico-sdk/src/rp2_common/pico_double/double_v1_rom_shim.S.obj
                0x0000000010003e8c                dadd_shim
 .text.dmul_shim
                0x0000000010003fe8      0x15c CMakeFiles/kyblRTOS.dir/home/fetak/pico/pico-sdk/src/rp2_common/pico_double/double_v1_rom_shim.S.obj
                0x0000000010003fe8                dmul_shim
 .text.ddiv_shim
                0x0000000010004144      0x1b0 CMakeFiles/kyblRTOS.dir/home/fetak/pico/pico-sdk/src/rp2_common/pico_double/double_v1_rom_shim.S.obj
                0x0000000010004144                ddiv_shim
 .text.double2uint_shim
                0x00000000100042f4        0xe CMakeFiles/kyblRTOS.dir/home/fetak/pico/pico-sdk/src/rp2_common/pico_double/double_v1_rom_shim.S.obj
                0x00000000100042f4                double2uint_shim
                0x00000000100042f6                double2ufix_shim
 *fill*         0x0000000010004302        0x2 
 .text.double2uint64_shim
                0x0000000010004304       0x70 CMakeFiles/kyblRTOS.dir/home/fetak/pico/pico-sdk/src/rp2_common/pico_double/double_v1_rom_shim.S.obj
                0x0000000010004304                double2uint64_shim
                0x0000000010004306                double2ufix64_shim
                0x0000000010004326                d2fix_a
 .text.dunpacks
                0x0000000010004374       0x3c CMakeFiles/kyblRTOS.dir/home/fetak/pico/pico-sdk/src/rp2_common/pico_double/double_v1_rom_shim.S.obj
                0x0000000010004374                dunpacks
 .text.__aeabi_lmul
                0x00000000100043b0       0x32 CMakeFiles/kyblRTOS.dir/home/fetak/pico/pico-sdk/src/rp2_common/pico_int64_ops/pico_int64_ops_aeabi.S.obj
                0x00000000100043b0                __wrap___aeabi_lmul
 *fill*         0x00000000100043e2        0x2 
 .text.__aeabi_float_init
                0x00000000100043e4       0x64 CMakeFiles/kyblRTOS.dir/home/fetak/pico/pico-sdk/src/rp2_common/pico_float/float_init_rom.c.obj
                0x00000000100043e4                __aeabi_float_init
 .text.float_table_shim_on_use_helper
                0x0000000010004448       0x2c CMakeFiles/kyblRTOS.dir/home/fetak/pico/pico-sdk/src/rp2_common/pico_float/float_v1_rom_shim.S.obj
                0x0000000010004448                float_table_shim_on_use_helper
 .text          0x0000000010004474       0x10 CMakeFiles/kyblRTOS.dir/home/fetak/pico/pico-sdk/src/rp2_common/pico_mem_ops/mem_ops_aeabi.S.obj
                0x0000000010004474                __aeabi_mem_init
 .text.memset   0x0000000010004484        0xc CMakeFiles/kyblRTOS.dir/home/fetak/pico/pico-sdk/src/rp2_common/pico_mem_ops/mem_ops_aeabi.S.obj
                0x0000000010004484                __wrap_memset
 .text.memcpy   0x0000000010004490        0xc CMakeFiles/kyblRTOS.dir/home/fetak/pico/pico-sdk/src/rp2_common/pico_mem_ops/mem_ops_aeabi.S.obj
                0x0000000010004490                __wrap___aeabi_memcpy
                0x0000000010004490                __wrap_memcpy
 .text.stdio_out_chars_no_crlf
                0x000000001000449c       0x10 CMakeFiles/kyblRTOS.dir/home/fetak/pico/pico-sdk/src/rp2_common/pico_stdio/stdio.c.obj
 .text.stdio_out_chars_crlf
                0x00000000100044ac       0xb4 CMakeFiles/kyblRTOS.dir/home/fetak/pico/pico-sdk/src/rp2_common/pico_stdio/stdio.c.obj
 .text.stdio_buffered_printer
                0x0000000010004560       0x64 CMakeFiles/kyblRTOS.dir/home/fetak/pico/pico-sdk/src/rp2_common/pico_stdio/stdio.c.obj
 .text.stdio_put_string.isra.0
                0x00000000100045c4       0xfc CMakeFiles/kyblRTOS.dir/home/fetak/pico/pico-sdk/src/rp2_common/pico_stdio/stdio.c.obj
 .text.__wrap_putchar
                0x00000000100046c0       0x98 CMakeFiles/kyblRTOS.dir/home/fetak/pico/pico-sdk/src/rp2_common/pico_stdio/stdio.c.obj
                0x00000000100046c0                __wrap_putchar
 .text.__wrap_puts
                0x0000000010004758       0x3c CMakeFiles/kyblRTOS.dir/home/fetak/pico/pico-sdk/src/rp2_common/pico_stdio/stdio.c.obj
                0x0000000010004758                __wrap_puts
 .text._read    0x0000000010004794       0x94 CMakeFiles/kyblRTOS.dir/home/fetak/pico/pico-sdk/src/rp2_common/pico_stdio/stdio.c.obj
                0x0000000010004794                _read
 .text._write   0x0000000010004828       0xac CMakeFiles/kyblRTOS.dir/home/fetak/pico/pico-sdk/src/rp2_common/pico_stdio/stdio.c.obj
                0x0000000010004828                _write
 .text._close   0x00000000100048d4        0x8 CMakeFiles/kyblRTOS.dir/home/fetak/pico/pico-sdk/src/rp2_common/pico_stdio/stdio.c.obj
                0x00000000100048d4                _close
 .text._lseek   0x00000000100048dc        0x8 CMakeFiles/kyblRTOS.dir/home/fetak/pico/pico-sdk/src/rp2_common/pico_stdio/stdio.c.obj
                0x00000000100048dc                _lseek
 .text.stdio_set_driver_enabled
                0x00000000100048e4       0x30 CMakeFiles/kyblRTOS.dir/home/fetak/pico/pico-sdk/src/rp2_common/pico_stdio/stdio.c.obj
                0x00000000100048e4                stdio_set_driver_enabled
 .text.__wrap_vprintf
                0x0000000010004914       0xd8 CMakeFiles/kyblRTOS.dir/home/fetak/pico/pico-sdk/src/rp2_common/pico_stdio/stdio.c.obj
                0x0000000010004914                __wrap_vprintf
 .text.__wrap_printf
                0x00000000100049ec       0x18 CMakeFiles/kyblRTOS.dir/home/fetak/pico/pico-sdk/src/rp2_common/pico_stdio/stdio.c.obj
                0x00000000100049ec                __wrap_printf
 .text.stdio_init_all
                0x0000000010004a04        0x8 CMakeFiles/kyblRTOS.dir/home/fetak/pico/pico-sdk/src/rp2_common/pico_stdio/stdio.c.obj
                0x0000000010004a04                stdio_init_all
 .text.getchar_timeout_us
                0x0000000010004a0c       0x98 CMakeFiles/kyblRTOS.dir/home/fetak/pico/pico-sdk/src/rp2_common/pico_stdio/stdio.c.obj
                0x0000000010004a0c                getchar_timeout_us
 .text.resetd_init
                0x0000000010004aa4        0x4 CMakeFiles/kyblRTOS.dir/home/fetak/pico/pico-sdk/src/rp2_common/pico_stdio_usb/reset_interface.c.obj
 .text.resetd_reset
                0x0000000010004aa8        0xc CMakeFiles/kyblRTOS.dir/home/fetak/pico/pico-sdk/src/rp2_common/pico_stdio_usb/reset_interface.c.obj
 .text.resetd_open
                0x0000000010004ab4       0x28 CMakeFiles/kyblRTOS.dir/home/fetak/pico/pico-sdk/src/rp2_common/pico_stdio_usb/reset_interface.c.obj
 .text.resetd_xfer_cb
                0x0000000010004adc        0x4 CMakeFiles/kyblRTOS.dir/home/fetak/pico/pico-sdk/src/rp2_common/pico_stdio_usb/reset_interface.c.obj
 .text.resetd_control_xfer_cb
                0x0000000010004ae0       0x64 CMakeFiles/kyblRTOS.dir/home/fetak/pico/pico-sdk/src/rp2_common/pico_stdio_usb/reset_interface.c.obj
 .text.usbd_app_driver_get_cb
                0x0000000010004b44        0xc CMakeFiles/kyblRTOS.dir/home/fetak/pico/pico-sdk/src/rp2_common/pico_stdio_usb/reset_interface.c.obj
                0x0000000010004b44                usbd_app_driver_get_cb
 .text.tud_cdc_line_coding_cb
                0x0000000010004b50       0x34 CMakeFiles/kyblRTOS.dir/home/fetak/pico/pico-sdk/src/rp2_common/pico_stdio_usb/reset_interface.c.obj
                0x0000000010004b50                tud_cdc_line_coding_cb
 .text.stdio_usb_set_chars_available_callback
                0x0000000010004b84       0x14 CMakeFiles/kyblRTOS.dir/home/fetak/pico/pico-sdk/src/rp2_common/pico_stdio_usb/stdio_usb.c.obj
                0x0000000010004b84                stdio_usb_set_chars_available_callback
 .text.usb_irq  0x0000000010004b98       0x10 CMakeFiles/kyblRTOS.dir/home/fetak/pico/pico-sdk/src/rp2_common/pico_stdio_usb/stdio_usb.c.obj
 .text.timer_task
                0x0000000010004ba8       0x54 CMakeFiles/kyblRTOS.dir/home/fetak/pico/pico-sdk/src/rp2_common/pico_stdio_usb/stdio_usb.c.obj
 .text.stdio_usb_in_chars
                0x0000000010004bfc       0x90 CMakeFiles/kyblRTOS.dir/home/fetak/pico/pico-sdk/src/rp2_common/pico_stdio_usb/stdio_usb.c.obj
                0x0000000010004bfc                stdio_usb_in_chars
 .text.stdio_usb_out_chars
                0x0000000010004c8c      0x100 CMakeFiles/kyblRTOS.dir/home/fetak/pico/pico-sdk/src/rp2_common/pico_stdio_usb/stdio_usb.c.obj
 .text.low_priority_worker_irq
                0x0000000010004d8c       0xa8 CMakeFiles/kyblRTOS.dir/home/fetak/pico/pico-sdk/src/rp2_common/pico_stdio_usb/stdio_usb.c.obj
 .text.tud_cdc_rx_cb
                0x0000000010004e34       0x20 CMakeFiles/kyblRTOS.dir/home/fetak/pico/pico-sdk/src/rp2_common/pico_stdio_usb/stdio_usb.c.obj
                0x0000000010004e34                tud_cdc_rx_cb
 .text.stdio_usb_init
                0x0000000010004e54       0xdc CMakeFiles/kyblRTOS.dir/home/fetak/pico/pico-sdk/src/rp2_common/pico_stdio_usb/stdio_usb.c.obj
                0x0000000010004e54                stdio_usb_init
 .text.tud_descriptor_device_cb
                0x0000000010004f30        0x8 CMakeFiles/kyblRTOS.dir/home/fetak/pico/pico-sdk/src/rp2_common/pico_stdio_usb/stdio_usb_descriptors.c.obj
                0x0000000010004f30                tud_descriptor_device_cb
 .text.tud_descriptor_configuration_cb
                0x0000000010004f38        0x8 CMakeFiles/kyblRTOS.dir/home/fetak/pico/pico-sdk/src/rp2_common/pico_stdio_usb/stdio_usb_descriptors.c.obj
                0x0000000010004f38                tud_descriptor_configuration_cb
 .text.tud_descriptor_string_cb
                0x0000000010004f40       0x74 CMakeFiles/kyblRTOS.dir/home/fetak/pico/pico-sdk/src/rp2_common/pico_stdio_usb/stdio_usb_descriptors.c.obj
                0x0000000010004f40                tud_descriptor_string_cb
 .text.startup._retrieve_unique_id_on_boot
                0x0000000010004fb4       0x10 CMakeFiles/kyblRTOS.dir/home/fetak/pico/pico-sdk/src/rp2_common/pico_unique_id/unique_id.c.obj
 .text.pico_get_unique_board_id_string
                0x0000000010004fc4      0x1a8 CMakeFiles/kyblRTOS.dir/home/fetak/pico/pico-sdk/src/rp2_common/pico_unique_id/unique_id.c.obj
                0x0000000010004fc4                pico_get_unique_board_id_string
 .text.flash_get_unique_id
                0x000000001000516c       0x40 CMakeFiles/kyblRTOS.dir/home/fetak/pico/pico-sdk/src/rp2_common/hardware_flash/flash.c.obj
                0x000000001000516c                flash_get_unique_id
 .text.dcd_int_enable
                0x00000000100051ac        0xc CMakeFiles/kyblRTOS.dir/home/fetak/pico/pico-sdk/lib/tinyusb/src/portable/raspberrypi/rp2040/dcd_rp2040.c.obj
                0x00000000100051ac                dcd_int_enable
 .text.dcd_set_address
                0x00000000100051b8       0x14 CMakeFiles/kyblRTOS.dir/home/fetak/pico/pico-sdk/lib/tinyusb/src/portable/raspberrypi/rp2040/dcd_rp2040.c.obj
                0x00000000100051b8                dcd_set_address
 .text.dcd_connect
                0x00000000100051cc       0x10 CMakeFiles/kyblRTOS.dir/home/fetak/pico/pico-sdk/lib/tinyusb/src/portable/raspberrypi/rp2040/dcd_rp2040.c.obj
                0x00000000100051cc                dcd_connect
 .text.dcd_init
                0x00000000100051dc       0x98 CMakeFiles/kyblRTOS.dir/home/fetak/pico/pico-sdk/lib/tinyusb/src/portable/raspberrypi/rp2040/dcd_rp2040.c.obj
                0x00000000100051dc                dcd_init
 .text.dcd_edpt0_status_complete
                0x0000000010005274       0x1c CMakeFiles/kyblRTOS.dir/home/fetak/pico/pico-sdk/lib/tinyusb/src/portable/raspberrypi/rp2040/dcd_rp2040.c.obj
                0x0000000010005274                dcd_edpt0_status_complete
 .text.dcd_edpt_open
                0x0000000010005290      0x108 CMakeFiles/kyblRTOS.dir/home/fetak/pico/pico-sdk/lib/tinyusb/src/portable/raspberrypi/rp2040/dcd_rp2040.c.obj
                0x0000000010005290                dcd_edpt_open
 .text.dcd_edpt_close_all
                0x0000000010005398        0x8 CMakeFiles/kyblRTOS.dir/home/fetak/pico/pico-sdk/lib/tinyusb/src/portable/raspberrypi/rp2040/dcd_rp2040.c.obj
                0x0000000010005398                dcd_edpt_close_all
 .text.dcd_edpt_xfer
                0x00000000100053a0       0x24 CMakeFiles/kyblRTOS.dir/home/fetak/pico/pico-sdk/lib/tinyusb/src/portable/raspberrypi/rp2040/dcd_rp2040.c.obj
                0x00000000100053a0                dcd_edpt_xfer
 .text.dcd_edpt_stall
                0x00000000100053c4       0x38 CMakeFiles/kyblRTOS.dir/home/fetak/pico/pico-sdk/lib/tinyusb/src/portable/raspberrypi/rp2040/dcd_rp2040.c.obj
                0x00000000100053c4                dcd_edpt_stall
 .text.dcd_edpt_clear_stall
                0x00000000100053fc       0x30 CMakeFiles/kyblRTOS.dir/home/fetak/pico/pico-sdk/lib/tinyusb/src/portable/raspberrypi/rp2040/dcd_rp2040.c.obj
                0x00000000100053fc                dcd_edpt_clear_stall
 .text.rp2040_usb_init
                0x000000001000542c       0x4c CMakeFiles/kyblRTOS.dir/home/fetak/pico/pico-sdk/lib/tinyusb/src/portable/raspberrypi/rp2040/rp2040_usb.c.obj
                0x000000001000542c                rp2040_usb_init
 .text.hw_endpoint_xfer_start
                0x0000000010005478       0x50 CMakeFiles/kyblRTOS.dir/home/fetak/pico/pico-sdk/lib/tinyusb/src/portable/raspberrypi/rp2040/rp2040_usb.c.obj
                0x0000000010005478                hw_endpoint_xfer_start
 .text.tud_mounted
                0x00000000100054c8       0x10 CMakeFiles/kyblRTOS.dir/home/fetak/pico/pico-sdk/lib/tinyusb/src/device/usbd.c.obj
                0x00000000100054c8                tud_mounted
 .text.tud_suspended
                0x00000000100054d8       0x10 CMakeFiles/kyblRTOS.dir/home/fetak/pico/pico-sdk/lib/tinyusb/src/device/usbd.c.obj
                0x00000000100054d8                tud_suspended
 .text.tud_inited
                0x00000000100054e8       0x14 CMakeFiles/kyblRTOS.dir/home/fetak/pico/pico-sdk/lib/tinyusb/src/device/usbd.c.obj
                0x00000000100054e8                tud_inited
 .text.tud_init
                0x00000000100054fc       0xe4 CMakeFiles/kyblRTOS.dir/home/fetak/pico/pico-sdk/lib/tinyusb/src/device/usbd.c.obj
                0x00000000100054fc                tud_init
 .text.tud_task_ext
                0x00000000100055e0      0x854 CMakeFiles/kyblRTOS.dir/home/fetak/pico/pico-sdk/lib/tinyusb/src/device/usbd.c.obj
                0x00000000100055e0                tud_task_ext
 .text.usbd_open_edpt_pair
                0x0000000010005e34       0x9c CMakeFiles/kyblRTOS.dir/home/fetak/pico/pico-sdk/lib/tinyusb/src/device/usbd.c.obj
                0x0000000010005e34                usbd_open_edpt_pair
 .text.usbd_defer_func
                0x0000000010005ed0       0x48 CMakeFiles/kyblRTOS.dir/home/fetak/pico/pico-sdk/lib/tinyusb/src/device/usbd.c.obj
                0x0000000010005ed0                usbd_defer_func
 .text.usbd_edpt_open
                0x0000000010005f18       0x34 CMakeFiles/kyblRTOS.dir/home/fetak/pico/pico-sdk/lib/tinyusb/src/device/usbd.c.obj
                0x0000000010005f18                usbd_edpt_open
 .text.usbd_edpt_claim
                0x0000000010005f4c       0x28 CMakeFiles/kyblRTOS.dir/home/fetak/pico/pico-sdk/lib/tinyusb/src/device/usbd.c.obj
                0x0000000010005f4c                usbd_edpt_claim
 .text.usbd_edpt_release
                0x0000000010005f74       0x28 CMakeFiles/kyblRTOS.dir/home/fetak/pico/pico-sdk/lib/tinyusb/src/device/usbd.c.obj
                0x0000000010005f74                usbd_edpt_release
 .text.usbd_edpt_xfer
                0x0000000010005f9c       0x4c CMakeFiles/kyblRTOS.dir/home/fetak/pico/pico-sdk/lib/tinyusb/src/device/usbd.c.obj
                0x0000000010005f9c                usbd_edpt_xfer
 .text.tud_control_status
                0x0000000010005fe8       0x30 CMakeFiles/kyblRTOS.dir/home/fetak/pico/pico-sdk/lib/tinyusb/src/device/usbd_control.c.obj
                0x0000000010005fe8                tud_control_status
 .text.tud_control_xfer
                0x0000000010006018       0xbc CMakeFiles/kyblRTOS.dir/home/fetak/pico/pico-sdk/lib/tinyusb/src/device/usbd_control.c.obj
                0x0000000010006018                tud_control_xfer
 .text.usbd_control_reset
                0x00000000100060d4       0x14 CMakeFiles/kyblRTOS.dir/home/fetak/pico/pico-sdk/lib/tinyusb/src/device/usbd_control.c.obj
                0x00000000100060d4                usbd_control_reset
 .text.usbd_control_set_complete_callback
                0x00000000100060e8        0xc CMakeFiles/kyblRTOS.dir/home/fetak/pico/pico-sdk/lib/tinyusb/src/device/usbd_control.c.obj
                0x00000000100060e8                usbd_control_set_complete_callback
 .text.usbd_control_set_request
                0x00000000100060f4       0x1c CMakeFiles/kyblRTOS.dir/home/fetak/pico/pico-sdk/lib/tinyusb/src/device/usbd_control.c.obj
                0x00000000100060f4                usbd_control_set_request
 .text.usbd_control_xfer_cb
                0x0000000010006110       0xfc CMakeFiles/kyblRTOS.dir/home/fetak/pico/pico-sdk/lib/tinyusb/src/device/usbd_control.c.obj
                0x0000000010006110                usbd_control_xfer_cb
 .text.tud_cdc_n_connected
                0x000000001000620c       0x30 CMakeFiles/kyblRTOS.dir/home/fetak/pico/pico-sdk/lib/tinyusb/src/class/cdc/cdc_device.c.obj
                0x000000001000620c                tud_cdc_n_connected
 .text.tud_cdc_n_available
                0x000000001000623c       0x18 CMakeFiles/kyblRTOS.dir/home/fetak/pico/pico-sdk/lib/tinyusb/src/class/cdc/cdc_device.c.obj
                0x000000001000623c                tud_cdc_n_available
 .text.tud_cdc_n_read
                0x0000000010006254       0x70 CMakeFiles/kyblRTOS.dir/home/fetak/pico/pico-sdk/lib/tinyusb/src/class/cdc/cdc_device.c.obj
                0x0000000010006254                tud_cdc_n_read
 .text.tud_cdc_n_write_flush
                0x00000000100062c4       0x78 CMakeFiles/kyblRTOS.dir/home/fetak/pico/pico-sdk/lib/tinyusb/src/class/cdc/cdc_device.c.obj
                0x00000000100062c4                tud_cdc_n_write_flush
 .text.tud_cdc_n_write
                0x000000001000633c       0x34 CMakeFiles/kyblRTOS.dir/home/fetak/pico/pico-sdk/lib/tinyusb/src/class/cdc/cdc_device.c.obj
                0x000000001000633c                tud_cdc_n_write
 .text.tud_cdc_n_write_available
                0x0000000010006370       0x18 CMakeFiles/kyblRTOS.dir/home/fetak/pico/pico-sdk/lib/tinyusb/src/class/cdc/cdc_device.c.obj
                0x0000000010006370                tud_cdc_n_write_available
 .text.cdcd_init
                0x0000000010006388       0x7c CMakeFiles/kyblRTOS.dir/home/fetak/pico/pico-sdk/lib/tinyusb/src/class/cdc/cdc_device.c.obj
                0x0000000010006388                cdcd_init
 .text.cdcd_reset
                0x0000000010006404       0x2c CMakeFiles/kyblRTOS.dir/home/fetak/pico/pico-sdk/lib/tinyusb/src/class/cdc/cdc_device.c.obj
                0x0000000010006404                cdcd_reset
 .text.cdcd_open
                0x0000000010006430       0xe8 CMakeFiles/kyblRTOS.dir/home/fetak/pico/pico-sdk/lib/tinyusb/src/class/cdc/cdc_device.c.obj
                0x0000000010006430                cdcd_open
 .text.cdcd_control_xfer_cb
                0x0000000010006518       0xe4 CMakeFiles/kyblRTOS.dir/home/fetak/pico/pico-sdk/lib/tinyusb/src/class/cdc/cdc_device.c.obj
                0x0000000010006518                cdcd_control_xfer_cb
 .text.cdcd_xfer_cb
                0x00000000100065fc      0x148 CMakeFiles/kyblRTOS.dir/home/fetak/pico/pico-sdk/lib/tinyusb/src/class/cdc/cdc_device.c.obj
                0x00000000100065fc                cdcd_xfer_cb
 .text.tusb_init
                0x0000000010006744        0xc CMakeFiles/kyblRTOS.dir/home/fetak/pico/pico-sdk/lib/tinyusb/src/tusb.c.obj
                0x0000000010006744                tusb_init
 .text.tusb_inited
                0x0000000010006750        0x8 CMakeFiles/kyblRTOS.dir/home/fetak/pico/pico-sdk/lib/tinyusb/src/tusb.c.obj
                0x0000000010006750                tusb_inited
 .text.tu_edpt_claim
                0x0000000010006758       0x50 CMakeFiles/kyblRTOS.dir/home/fetak/pico/pico-sdk/lib/tinyusb/src/tusb.c.obj
                0x0000000010006758                tu_edpt_claim
 .text.tu_edpt_release
                0x00000000100067a8       0x38 CMakeFiles/kyblRTOS.dir/home/fetak/pico/pico-sdk/lib/tinyusb/src/tusb.c.obj
                0x00000000100067a8                tu_edpt_release
 .text.tu_edpt_validate
                0x00000000100067e0       0x78 CMakeFiles/kyblRTOS.dir/home/fetak/pico/pico-sdk/lib/tinyusb/src/tusb.c.obj
                0x00000000100067e0                tu_edpt_validate
 .text.tu_edpt_bind_driver
                0x0000000010006858       0x34 CMakeFiles/kyblRTOS.dir/home/fetak/pico/pico-sdk/lib/tinyusb/src/tusb.c.obj
                0x0000000010006858                tu_edpt_bind_driver
 .text.tu_fifo_config
                0x000000001000688c       0x70 CMakeFiles/kyblRTOS.dir/home/fetak/pico/pico-sdk/lib/tinyusb/src/common/tusb_fifo.c.obj
                0x000000001000688c                tu_fifo_config
 .text.tu_fifo_count
                0x00000000100068fc       0x2c CMakeFiles/kyblRTOS.dir/home/fetak/pico/pico-sdk/lib/tinyusb/src/common/tusb_fifo.c.obj
                0x00000000100068fc                tu_fifo_count
 .text.tu_fifo_empty
                0x0000000010006928       0x10 CMakeFiles/kyblRTOS.dir/home/fetak/pico/pico-sdk/lib/tinyusb/src/common/tusb_fifo.c.obj
                0x0000000010006928                tu_fifo_empty
 .text.tu_fifo_remaining
                0x0000000010006938       0x2c CMakeFiles/kyblRTOS.dir/home/fetak/pico/pico-sdk/lib/tinyusb/src/common/tusb_fifo.c.obj
                0x0000000010006938                tu_fifo_remaining
 .text.tu_fifo_read
                0x0000000010006964       0xa0 CMakeFiles/kyblRTOS.dir/home/fetak/pico/pico-sdk/lib/tinyusb/src/common/tusb_fifo.c.obj
                0x0000000010006964                tu_fifo_read
 .text.tu_fifo_read_n
                0x0000000010006a04       0xec CMakeFiles/kyblRTOS.dir/home/fetak/pico/pico-sdk/lib/tinyusb/src/common/tusb_fifo.c.obj
                0x0000000010006a04                tu_fifo_read_n
 .text.tu_fifo_write
                0x0000000010006af0       0x88 CMakeFiles/kyblRTOS.dir/home/fetak/pico/pico-sdk/lib/tinyusb/src/common/tusb_fifo.c.obj
                0x0000000010006af0                tu_fifo_write
 .text.tu_fifo_write_n
                0x0000000010006b78      0x168 CMakeFiles/kyblRTOS.dir/home/fetak/pico/pico-sdk/lib/tinyusb/src/common/tusb_fifo.c.obj
                0x0000000010006b78                tu_fifo_write_n
 .text.tu_fifo_clear
                0x0000000010006ce0       0x40 CMakeFiles/kyblRTOS.dir/home/fetak/pico/pico-sdk/lib/tinyusb/src/common/tusb_fifo.c.obj
                0x0000000010006ce0                tu_fifo_clear
 .text.tu_fifo_set_overwritable
                0x0000000010006d20       0x48 CMakeFiles/kyblRTOS.dir/home/fetak/pico/pico-sdk/lib/tinyusb/src/common/tusb_fifo.c.obj
                0x0000000010006d20                tu_fifo_set_overwritable
 .text.pvPortMalloc
                0x0000000010006d68      0x118 CMakeFiles/kyblRTOS.dir/__/lib/FreeRTOS-Kernel/portable/MemMang/heap_4.c.obj
                0x0000000010006d68                pvPortMalloc
 .text.vPortFree
                0x0000000010006e80       0x8c CMakeFiles/kyblRTOS.dir/__/lib/FreeRTOS-Kernel/portable/MemMang/heap_4.c.obj
                0x0000000010006e80                vPortFree
 .text.vPortSVCHandler
                0x0000000010006f0c        0x4 CMakeFiles/kyblRTOS.dir/__/lib/FreeRTOS-Kernel/portable/ThirdParty/GCC/RP2040/port.c.obj
                0x0000000010006f0c                vPortSVCHandler
 .text.vPortStartFirstTask
                0x0000000010006f10       0x34 CMakeFiles/kyblRTOS.dir/__/lib/FreeRTOS-Kernel/portable/ThirdParty/GCC/RP2040/port.c.obj
 *fill*         0x0000000010006f44        0xc 
 .text.xPortPendSVHandler
                0x0000000010006f50       0x64 CMakeFiles/kyblRTOS.dir/__/lib/FreeRTOS-Kernel/portable/ThirdParty/GCC/RP2040/port.c.obj
                0x0000000010006f50                xPortPendSVHandler
 .text.prvFIFOInterruptHandler
                0x0000000010006fb4       0x78 CMakeFiles/kyblRTOS.dir/__/lib/FreeRTOS-Kernel/portable/ThirdParty/GCC/RP2040/port.c.obj
 .text.prvTaskExitError
                0x000000001000702c        0x8 CMakeFiles/kyblRTOS.dir/__/lib/FreeRTOS-Kernel/portable/ThirdParty/GCC/RP2040/port.c.obj
 .text.pxPortInitialiseStack
                0x0000000010007034       0x20 CMakeFiles/kyblRTOS.dir/__/lib/FreeRTOS-Kernel/portable/ThirdParty/GCC/RP2040/port.c.obj
                0x0000000010007034                pxPortInitialiseStack
 .text.vPortYield
                0x0000000010007054       0x18 CMakeFiles/kyblRTOS.dir/__/lib/FreeRTOS-Kernel/portable/ThirdParty/GCC/RP2040/port.c.obj
                0x0000000010007054                vPortYield
 .text.vPortEnterCritical
                0x000000001000706c       0x18 CMakeFiles/kyblRTOS.dir/__/lib/FreeRTOS-Kernel/portable/ThirdParty/GCC/RP2040/port.c.obj
                0x000000001000706c                vPortEnterCritical
 .text.vPortExitCritical
                0x0000000010007084       0x34 CMakeFiles/kyblRTOS.dir/__/lib/FreeRTOS-Kernel/portable/ThirdParty/GCC/RP2040/port.c.obj
                0x0000000010007084                vPortExitCritical
 .text.ulSetInterruptMaskFromISR
                0x00000000100070b8        0x8 CMakeFiles/kyblRTOS.dir/__/lib/FreeRTOS-Kernel/portable/ThirdParty/GCC/RP2040/port.c.obj
                0x00000000100070b8                ulSetInterruptMaskFromISR
 .text.vClearInterruptMaskFromISR
                0x00000000100070c0        0x8 CMakeFiles/kyblRTOS.dir/__/lib/FreeRTOS-Kernel/portable/ThirdParty/GCC/RP2040/port.c.obj
                0x00000000100070c0                vClearInterruptMaskFromISR
 .text.xPortSysTickHandler
                0x00000000100070c8       0x24 CMakeFiles/kyblRTOS.dir/__/lib/FreeRTOS-Kernel/portable/ThirdParty/GCC/RP2040/port.c.obj
                0x00000000100070c8                xPortSysTickHandler
 .text.vPortSetupTimerInterrupt
                0x00000000100070ec       0x34 CMakeFiles/kyblRTOS.dir/__/lib/FreeRTOS-Kernel/portable/ThirdParty/GCC/RP2040/port.c.obj
                0x00000000100070ec                vPortSetupTimerInterrupt
 .text.xPortStartScheduler
                0x0000000010007120       0xa8 CMakeFiles/kyblRTOS.dir/__/lib/FreeRTOS-Kernel/portable/ThirdParty/GCC/RP2040/port.c.obj
                0x0000000010007120                xPortStartScheduler
 .text.ulPortLockGetCurrentOwnerId
                0x00000000100071c8       0x2c CMakeFiles/kyblRTOS.dir/__/lib/FreeRTOS-Kernel/portable/ThirdParty/GCC/RP2040/port.c.obj
                0x00000000100071c8                ulPortLockGetCurrentOwnerId
 .text.vPortLockInternalSpinUnlockWithNotify
                0x00000000100071f4       0xc8 CMakeFiles/kyblRTOS.dir/__/lib/FreeRTOS-Kernel/portable/ThirdParty/GCC/RP2040/port.c.obj
                0x00000000100071f4                vPortLockInternalSpinUnlockWithNotify
 .text.xPortLockInternalSpinUnlockWithBestEffortWaitOrTimeout
                0x00000000100072bc       0xfc CMakeFiles/kyblRTOS.dir/__/lib/FreeRTOS-Kernel/portable/ThirdParty/GCC/RP2040/port.c.obj
                0x00000000100072bc                xPortLockInternalSpinUnlockWithBestEffortWaitOrTimeout
 .text.startup.prvRuntimeInitializer
                0x00000000100073b8       0x28 CMakeFiles/kyblRTOS.dir/__/lib/FreeRTOS-Kernel/portable/ThirdParty/GCC/RP2040/port.c.obj
 .text.vEventGroupSetBitsCallback
                0x00000000100073e0       0x8c CMakeFiles/kyblRTOS.dir/__/lib/FreeRTOS-Kernel/event_groups.c.obj
                0x00000000100073e0                vEventGroupSetBitsCallback
 .text.xEventGroupCreate
                0x000000001000746c       0x18 CMakeFiles/kyblRTOS.dir/__/lib/FreeRTOS-Kernel/event_groups.c.obj
                0x000000001000746c                xEventGroupCreate
 .text.xEventGroupWaitBits
                0x0000000010007484       0xb8 CMakeFiles/kyblRTOS.dir/__/lib/FreeRTOS-Kernel/event_groups.c.obj
                0x0000000010007484                xEventGroupWaitBits
 .text.xEventGroupSetBits
                0x000000001000753c       0x90 CMakeFiles/kyblRTOS.dir/__/lib/FreeRTOS-Kernel/event_groups.c.obj
                0x000000001000753c                xEventGroupSetBits
 .text.xEventGroupSetBitsFromISR
                0x00000000100075cc       0x14 CMakeFiles/kyblRTOS.dir/__/lib/FreeRTOS-Kernel/event_groups.c.obj
                0x00000000100075cc                xEventGroupSetBitsFromISR
 .text.vListInitialise
                0x00000000100075e0       0x18 CMakeFiles/kyblRTOS.dir/__/lib/FreeRTOS-Kernel/list.c.obj
                0x00000000100075e0                vListInitialise
 .text.vListInitialiseItem
                0x00000000100075f8        0x8 CMakeFiles/kyblRTOS.dir/__/lib/FreeRTOS-Kernel/list.c.obj
                0x00000000100075f8                vListInitialiseItem
 .text.vListInsertEnd
                0x0000000010007600       0x18 CMakeFiles/kyblRTOS.dir/__/lib/FreeRTOS-Kernel/list.c.obj
                0x0000000010007600                vListInsertEnd
 .text.vListInsert
                0x0000000010007618       0x30 CMakeFiles/kyblRTOS.dir/__/lib/FreeRTOS-Kernel/list.c.obj
                0x0000000010007618                vListInsert
 .text.uxListRemove
                0x0000000010007648       0x24 CMakeFiles/kyblRTOS.dir/__/lib/FreeRTOS-Kernel/list.c.obj
                0x0000000010007648                uxListRemove
 .text.prvUnlockQueue
                0x000000001000766c      0x148 CMakeFiles/kyblRTOS.dir/__/lib/FreeRTOS-Kernel/queue.c.obj
 .text.prvNotifyQueueSetContainer
                0x00000000100077b4       0x9c CMakeFiles/kyblRTOS.dir/__/lib/FreeRTOS-Kernel/queue.c.obj
 .text.xQueueGenericCreate
                0x0000000010007850       0xa0 CMakeFiles/kyblRTOS.dir/__/lib/FreeRTOS-Kernel/queue.c.obj
                0x0000000010007850                xQueueGenericCreate
 .text.xQueueGenericSend
                0x00000000100078f0      0x1cc CMakeFiles/kyblRTOS.dir/__/lib/FreeRTOS-Kernel/queue.c.obj
                0x00000000100078f0                xQueueGenericSend
 .text.xQueueGenericSendFromISR
                0x0000000010007abc      0x138 CMakeFiles/kyblRTOS.dir/__/lib/FreeRTOS-Kernel/queue.c.obj
                0x0000000010007abc                xQueueGenericSendFromISR
 .text.xQueueReceive
                0x0000000010007bf4      0x11c CMakeFiles/kyblRTOS.dir/__/lib/FreeRTOS-Kernel/queue.c.obj
                0x0000000010007bf4                xQueueReceive
 .text.vQueueAddToRegistry
                0x0000000010007d10       0xec CMakeFiles/kyblRTOS.dir/__/lib/FreeRTOS-Kernel/queue.c.obj
                0x0000000010007d10                vQueueAddToRegistry
 .text.vQueueWaitForMessageRestricted
                0x0000000010007dfc       0x48 CMakeFiles/kyblRTOS.dir/__/lib/FreeRTOS-Kernel/queue.c.obj
                0x0000000010007dfc                vQueueWaitForMessageRestricted
 .text.prvIdleTask
                0x0000000010007e44       0x60 CMakeFiles/kyblRTOS.dir/__/lib/FreeRTOS-Kernel/tasks.c.obj
 .text.xTaskIncrementTick.part.0
                0x0000000010007ea4      0x1a0 CMakeFiles/kyblRTOS.dir/__/lib/FreeRTOS-Kernel/tasks.c.obj
 .text.xTaskCreate
                0x0000000010008044      0x280 CMakeFiles/kyblRTOS.dir/__/lib/FreeRTOS-Kernel/tasks.c.obj
                0x0000000010008044                xTaskCreate
 .text.vTaskDelete
                0x00000000100082c4       0xb8 CMakeFiles/kyblRTOS.dir/__/lib/FreeRTOS-Kernel/tasks.c.obj
                0x00000000100082c4                vTaskDelete
 .text.vTaskStartScheduler
                0x000000001000837c      0x1e0 CMakeFiles/kyblRTOS.dir/__/lib/FreeRTOS-Kernel/tasks.c.obj
                0x000000001000837c                vTaskStartScheduler
 .text.vTaskSuspendAll
                0x000000001000855c       0x10 CMakeFiles/kyblRTOS.dir/__/lib/FreeRTOS-Kernel/tasks.c.obj
                0x000000001000855c                vTaskSuspendAll
 .text.xTaskResumeAll
                0x000000001000856c      0x18c CMakeFiles/kyblRTOS.dir/__/lib/FreeRTOS-Kernel/tasks.c.obj
                0x000000001000856c                xTaskResumeAll
 .text.vTaskDelay
                0x00000000100086f8       0x78 CMakeFiles/kyblRTOS.dir/__/lib/FreeRTOS-Kernel/tasks.c.obj
                0x00000000100086f8                vTaskDelay
 .text.xTaskGetTickCount
                0x0000000010008770        0xc CMakeFiles/kyblRTOS.dir/__/lib/FreeRTOS-Kernel/tasks.c.obj
                0x0000000010008770                xTaskGetTickCount
 .text.uxTaskGetNumberOfTasks
                0x000000001000877c        0xc CMakeFiles/kyblRTOS.dir/__/lib/FreeRTOS-Kernel/tasks.c.obj
                0x000000001000877c                uxTaskGetNumberOfTasks
 .text.xTaskIncrementTick
                0x0000000010008788       0x24 CMakeFiles/kyblRTOS.dir/__/lib/FreeRTOS-Kernel/tasks.c.obj
                0x0000000010008788                xTaskIncrementTick
 .text.vTaskSwitchContext
                0x00000000100087ac       0x6c CMakeFiles/kyblRTOS.dir/__/lib/FreeRTOS-Kernel/tasks.c.obj
                0x00000000100087ac                vTaskSwitchContext
 .text.vTaskPlaceOnEventList
                0x0000000010008818       0x98 CMakeFiles/kyblRTOS.dir/__/lib/FreeRTOS-Kernel/tasks.c.obj
                0x0000000010008818                vTaskPlaceOnEventList
 .text.vTaskPlaceOnUnorderedEventList
                0x00000000100088b0       0xbc CMakeFiles/kyblRTOS.dir/__/lib/FreeRTOS-Kernel/tasks.c.obj
                0x00000000100088b0                vTaskPlaceOnUnorderedEventList
 .text.vTaskPlaceOnEventListRestricted
                0x000000001000896c       0xc4 CMakeFiles/kyblRTOS.dir/__/lib/FreeRTOS-Kernel/tasks.c.obj
                0x000000001000896c                vTaskPlaceOnEventListRestricted
 .text.xTaskRemoveFromEventList
                0x0000000010008a30       0xd8 CMakeFiles/kyblRTOS.dir/__/lib/FreeRTOS-Kernel/tasks.c.obj
                0x0000000010008a30                xTaskRemoveFromEventList
 .text.vTaskRemoveFromUnorderedEventList
                0x0000000010008b08       0x98 CMakeFiles/kyblRTOS.dir/__/lib/FreeRTOS-Kernel/tasks.c.obj
                0x0000000010008b08                vTaskRemoveFromUnorderedEventList
 .text.vTaskInternalSetTimeOutState
                0x0000000010008ba0       0x18 CMakeFiles/kyblRTOS.dir/__/lib/FreeRTOS-Kernel/tasks.c.obj
                0x0000000010008ba0                vTaskInternalSetTimeOutState
 .text.xTaskCheckForTimeOut
                0x0000000010008bb8       0x74 CMakeFiles/kyblRTOS.dir/__/lib/FreeRTOS-Kernel/tasks.c.obj
                0x0000000010008bb8                xTaskCheckForTimeOut
 .text.vTaskMissedYield
                0x0000000010008c2c        0xc CMakeFiles/kyblRTOS.dir/__/lib/FreeRTOS-Kernel/tasks.c.obj
                0x0000000010008c2c                vTaskMissedYield
 .text.xTaskGetCurrentTaskHandle
                0x0000000010008c38        0xc CMakeFiles/kyblRTOS.dir/__/lib/FreeRTOS-Kernel/tasks.c.obj
                0x0000000010008c38                xTaskGetCurrentTaskHandle
 .text.xTaskPriorityDisinherit
                0x0000000010008c44       0x64 CMakeFiles/kyblRTOS.dir/__/lib/FreeRTOS-Kernel/tasks.c.obj
                0x0000000010008c44                xTaskPriorityDisinherit
 .text.uxTaskResetEventItemValue
                0x0000000010008ca8       0x18 CMakeFiles/kyblRTOS.dir/__/lib/FreeRTOS-Kernel/tasks.c.obj
                0x0000000010008ca8                uxTaskResetEventItemValue
 .text.prvTimerTask
                0x0000000010008cc0      0x360 CMakeFiles/kyblRTOS.dir/__/lib/FreeRTOS-Kernel/timers.c.obj
 .text.xTimerCreateTimerTask
                0x0000000010009020       0x8c CMakeFiles/kyblRTOS.dir/__/lib/FreeRTOS-Kernel/timers.c.obj
                0x0000000010009020                xTimerCreateTimerTask
 .text.xTimerPendFunctionCallFromISR
                0x00000000100090ac       0x28 CMakeFiles/kyblRTOS.dir/__/lib/FreeRTOS-Kernel/timers.c.obj
                0x00000000100090ac                xTimerPendFunctionCallFromISR
 .text.exception_set_exclusive_handler
                0x00000000100090d4       0x48 CMakeFiles/kyblRTOS.dir/home/fetak/pico/pico-sdk/src/rp2_common/hardware_exception/exception.c.obj
                0x00000000100090d4                exception_set_exclusive_handler
 .text          0x000000001000911c       0x18 /usr/lib/gcc/arm-none-eabi/10.3.1/../../../arm-none-eabi/lib/thumb/v6-m/nofp/libc.a(lib_a-atoi.o)
                0x000000001000911c                atoi
                0x0000000010009128                _atoi_r
 .text          0x0000000010009134      0x1c0 /usr/lib/gcc/arm-none-eabi/10.3.1/../../../arm-none-eabi/lib/thumb/v6-m/nofp/libc.a(lib_a-fflush.o)
                0x0000000010009134                __sflush_r
                0x0000000010009274                _fflush_r
                0x00000000100092a0                fflush
 .text          0x00000000100092f4      0x248 /usr/lib/gcc/arm-none-eabi/10.3.1/../../../arm-none-eabi/lib/thumb/v6-m/nofp/libc.a(lib_a-findfp.o)
                0x00000000100092f8                _cleanup_r
                0x00000000100093f4                __sfmoreglue
                0x0000000010009424                __sfp
                0x00000000100094d4                _cleanup
                0x00000000100094ec                __sinit
                0x00000000100094fc                __sfp_lock_acquire
                0x0000000010009500                __sfp_lock_release
                0x0000000010009504                __sinit_lock_acquire
                0x0000000010009508                __sinit_lock_release
                0x000000001000950c                __fp_lock_all
                0x0000000010009524                __fp_unlock_all
 .text          0x000000001000953c      0x260 /usr/lib/gcc/arm-none-eabi/10.3.1/../../../arm-none-eabi/lib/thumb/v6-m/nofp/libc.a(lib_a-freer.o)
                0x000000001000953c                _malloc_trim_r
                0x00000000100095d8                _free_r
 .text          0x000000001000979c       0x88 /usr/lib/gcc/arm-none-eabi/10.3.1/../../../arm-none-eabi/lib/thumb/v6-m/nofp/libc.a(lib_a-fwalk.o)
                0x000000001000979c                _fwalk
                0x00000000100097dc                _fwalk_reent
 .text          0x0000000010009824      0x574 /usr/lib/gcc/arm-none-eabi/10.3.1/../../../arm-none-eabi/lib/thumb/v6-m/nofp/libc.a(lib_a-mallocr.o)
                0x0000000010009824                _malloc_r
 .text          0x0000000010009d98        0x8 /usr/lib/gcc/arm-none-eabi/10.3.1/../../../arm-none-eabi/lib/thumb/v6-m/nofp/libc.a(lib_a-mlock.o)
                0x0000000010009d98                __malloc_lock
                0x0000000010009d9c                __malloc_unlock
 .text          0x0000000010009da0       0x24 /usr/lib/gcc/arm-none-eabi/10.3.1/../../../arm-none-eabi/lib/thumb/v6-m/nofp/libc.a(lib_a-sbrkr.o)
                0x0000000010009da0                _sbrk_r
 .text          0x0000000010009dc4       0xa4 /usr/lib/gcc/arm-none-eabi/10.3.1/../../../arm-none-eabi/lib/thumb/v6-m/nofp/libc.a(lib_a-stdio.o)
                0x0000000010009dc4                __sread
                0x0000000010009dec                __seofread
                0x0000000010009df0                __swrite
                0x0000000010009e30                __sseek
                0x0000000010009e5c                __sclose
 .text          0x0000000010009e68       0x88 /usr/lib/gcc/arm-none-eabi/10.3.1/../../../arm-none-eabi/lib/thumb/v6-m/nofp/libc.a(lib_a-strcmp.o)
                0x0000000010009e68                strcmp
 .text          0x0000000010009ef0       0x5c /usr/lib/gcc/arm-none-eabi/10.3.1/../../../arm-none-eabi/lib/thumb/v6-m/nofp/libc.a(lib_a-strlen-stub.o)
                0x0000000010009ef0                strlen
 .text          0x0000000010009f4c       0x14 /usr/lib/gcc/arm-none-eabi/10.3.1/../../../arm-none-eabi/lib/thumb/v6-m/nofp/libc.a(lib_a-strtok.o)
                0x0000000010009f4c                strtok
 .text          0x0000000010009f60       0x78 /usr/lib/gcc/arm-none-eabi/10.3.1/../../../arm-none-eabi/lib/thumb/v6-m/nofp/libc.a(lib_a-strtok_r.o)
                0x0000000010009f60                __strtok_r
                0x0000000010009fcc                strtok_r
 .text          0x0000000010009fd8      0x1b8 /usr/lib/gcc/arm-none-eabi/10.3.1/../../../arm-none-eabi/lib/thumb/v6-m/nofp/libc.a(lib_a-strtol.o)
                0x000000001000a11c                _strtol_r
                0x000000001000a138                strtol_l
                0x000000001000a164                strtol
 .text          0x000000001000a190       0x28 /usr/lib/gcc/arm-none-eabi/10.3.1/../../../arm-none-eabi/lib/thumb/v6-m/nofp/libc.a(lib_a-writer.o)
                0x000000001000a190                _write_r
 .text          0x000000001000a1b8       0x24 /usr/lib/gcc/arm-none-eabi/10.3.1/../../../arm-none-eabi/lib/thumb/v6-m/nofp/libc.a(lib_a-closer.o)
                0x000000001000a1b8                _close_r
 .text          0x000000001000a1dc        0xc /usr/lib/gcc/arm-none-eabi/10.3.1/../../../arm-none-eabi/lib/thumb/v6-m/nofp/libc.a(lib_a-errno.o)
                0x000000001000a1dc                __errno
 .text          0x000000001000a1e8       0xe8 /usr/lib/gcc/arm-none-eabi/10.3.1/../../../arm-none-eabi/lib/thumb/v6-m/nofp/libc.a(lib_a-fclose.o)
                0x000000001000a258                _fclose_r
                0x000000001000a290                fclose
 .text          0x000000001000a2d0       0x28 /usr/lib/gcc/arm-none-eabi/10.3.1/../../../arm-none-eabi/lib/thumb/v6-m/nofp/libc.a(lib_a-lseekr.o)
                0x000000001000a2d0                _lseek_r
 .text          0x000000001000a2f8       0x28 /usr/lib/gcc/arm-none-eabi/10.3.1/../../../arm-none-eabi/lib/thumb/v6-m/nofp/libc.a(lib_a-readr.o)
                0x000000001000a2f8                _read_r
 *(.fini)
 .fini          0x000000001000a320        0x4 /usr/lib/gcc/arm-none-eabi/10.3.1/thumb/v6-m/nofp/crti.o
                0x000000001000a320                _fini
 *fill*         0x000000001000a324        0x4 
 .fini.__stub   0x000000001000a328       0xd0 linker stubs
 *crtbegin.o(.ctors)
 *crtbegin?.o(.ctors)
 *(EXCLUDE_FILE(*crtend.o *crtend?.o) .ctors)
 *(SORT_BY_NAME(.ctors.*))
 *(.ctors)
 *crtbegin.o(.dtors)
 *crtbegin?.o(.dtors)
 *(EXCLUDE_FILE(*crtend.o *crtend?.o) .dtors)
 *(SORT_BY_NAME(.dtors.*))
 *(.dtors)
 *(.eh_frame*)
 .eh_frame      0x000000001000a3f8        0x0 /usr/lib/gcc/arm-none-eabi/10.3.1/thumb/v6-m/nofp/crtbegin.o
                0x000000001000a3f8                . = ALIGN (0x4)

.glue_7         0x000000001000a3f8        0x0
 .glue_7        0x000000001000a3f8        0x0 linker stubs

.glue_7t        0x000000001000a3f8        0x0
 .glue_7t       0x000000001000a3f8        0x0 linker stubs

.vfp11_veneer   0x000000001000a3f8        0x0
 .vfp11_veneer  0x000000001000a3f8        0x0 linker stubs

.v4_bx          0x000000001000a3f8        0x0
 .v4_bx         0x000000001000a3f8        0x0 linker stubs

.iplt           0x000000001000a3f8        0x0
 .iplt          0x000000001000a3f8        0x0 /usr/lib/gcc/arm-none-eabi/10.3.1/thumb/v6-m/nofp/crtbegin.o

.rodata         0x000000001000a3f8      0x858
 *(EXCLUDE_FILE(*libm.a: *libc.a:*lib_a-mem*.o *libgcc.a:) .rodata*)
 .rodata.status_led.str1.4
                0x000000001000a3f8       0x1b CMakeFiles/kyblRTOS.dir/main.c.obj
 *fill*         0x000000001000a413        0x1 
 .rodata.input_task.str1.4
                0x000000001000a414       0x24 CMakeFiles/kyblRTOS.dir/main.c.obj
                                         0x28 (size before relaxing)
 .rodata.main.str1.4
                0x000000001000a438       0x44 CMakeFiles/kyblRTOS.dir/main.c.obj
 .rodata.help.str1.4
                0x000000001000a47c       0xd2 CMakeFiles/kyblRTOS.dir/command.c.obj
 *fill*         0x000000001000a54e        0x2 
 .rodata.clear.str1.4
                0x000000001000a550        0x8 CMakeFiles/kyblRTOS.dir/command.c.obj
 .rodata.ver.str1.4
                0x000000001000a558       0x2e CMakeFiles/kyblRTOS.dir/command.c.obj
 *fill*         0x000000001000a586        0x2 
 .rodata.bin.str1.4
                0x000000001000a588       0x2a CMakeFiles/kyblRTOS.dir/command.c.obj
 *fill*         0x000000001000a5b2        0x2 
 .rodata.str1.4
                0x000000001000a5b4       0x20 CMakeFiles/kyblRTOS.dir/command.c.obj
 .rodata.spin_lock_claim_unused.str1.4
                0x000000001000a5d4       0x1b CMakeFiles/kyblRTOS.dir/home/fetak/pico/pico-sdk/src/rp2_common/hardware_sync/sync.c.obj
 *fill*         0x000000001000a5ef        0x1 
 .rodata.user_irq_claim_unused.str1.4
                0x000000001000a5f0       0x1b CMakeFiles/kyblRTOS.dir/home/fetak/pico/pico-sdk/src/rp2_common/hardware_irq/irq.c.obj
 *fill*         0x000000001000a60b        0x5 
 .rodata.at_the_end_of_time
                0x000000001000a610        0x8 CMakeFiles/kyblRTOS.dir/home/fetak/pico/pico-sdk/src/common/pico_time/time.c.obj
                0x000000001000a610                at_the_end_of_time
 .rodata.hardware_alarm_claim.str1.4
                0x000000001000a618       0x22 CMakeFiles/kyblRTOS.dir/home/fetak/pico/pico-sdk/src/rp2_common/hardware_timer/timer.c.obj
 *fill*         0x000000001000a63a        0x2 
 .rodata.panic.str1.4
                0x000000001000a63c       0x12 CMakeFiles/kyblRTOS.dir/home/fetak/pico/pico-sdk/src/rp2_common/pico_runtime/runtime.c.obj
 *fill*         0x000000001000a64e        0x2 
 .rodata.panic_unsupported.str1.4
                0x000000001000a650        0xe CMakeFiles/kyblRTOS.dir/home/fetak/pico/pico-sdk/src/rp2_common/pico_runtime/runtime.c.obj
 *fill*         0x000000001000a65e        0x2 
 .rodata.hard_assertion_failure.str1.4
                0x000000001000a660        0xc CMakeFiles/kyblRTOS.dir/home/fetak/pico/pico-sdk/src/rp2_common/pico_runtime/runtime.c.obj
 .rodata._ftoa.str1.4
                0x000000001000a66c       0x15 CMakeFiles/kyblRTOS.dir/home/fetak/pico/pico-sdk/src/rp2_common/pico_printf/printf.c.obj
 *fill*         0x000000001000a681        0x3 
 .rodata._vsnprintf
                0x000000001000a684      0x1e0 CMakeFiles/kyblRTOS.dir/home/fetak/pico/pico-sdk/src/rp2_common/pico_printf/printf.c.obj
 *fill*         0x000000001000a864        0x4 
 .rodata.pow10.0
                0x000000001000a868       0x50 CMakeFiles/kyblRTOS.dir/home/fetak/pico/pico-sdk/src/rp2_common/pico_printf/printf.c.obj
 .rodata.str1.4
                0x000000001000a8b8       0x40 CMakeFiles/kyblRTOS.dir/home/fetak/pico/pico-sdk/src/rp2_common/pico_standard_link/binary_info.c.obj
 .rodata.__bi_44
                0x000000001000a8f8        0xc CMakeFiles/kyblRTOS.dir/home/fetak/pico/pico-sdk/src/rp2_common/pico_standard_link/binary_info.c.obj
 .rodata.__bi_75
                0x000000001000a904        0xc CMakeFiles/kyblRTOS.dir/home/fetak/pico/pico-sdk/src/rp2_common/pico_standard_link/binary_info.c.obj
 .rodata.__bi_81
                0x000000001000a910        0xc CMakeFiles/kyblRTOS.dir/home/fetak/pico/pico-sdk/src/rp2_common/pico_standard_link/binary_info.c.obj
 .rodata.crlf_str.0
                0x000000001000a91c        0x2 CMakeFiles/kyblRTOS.dir/home/fetak/pico/pico-sdk/src/rp2_common/pico_stdio/stdio.c.obj
 *fill*         0x000000001000a91e        0x2 
 .rodata._resetd_driver
                0x000000001000a920       0x18 CMakeFiles/kyblRTOS.dir/home/fetak/pico/pico-sdk/src/rp2_common/pico_stdio_usb/reset_interface.c.obj
 .rodata.str1.4
                0x000000001000a938       0x13 CMakeFiles/kyblRTOS.dir/home/fetak/pico/pico-sdk/src/rp2_common/pico_stdio_usb/stdio_usb.c.obj
 *fill*         0x000000001000a94b        0x1 
 .rodata.__bi_182.0
                0x000000001000a94c        0xc CMakeFiles/kyblRTOS.dir/home/fetak/pico/pico-sdk/src/rp2_common/pico_stdio_usb/stdio_usb.c.obj
 .rodata.str1.4
                0x000000001000a958       0x2a CMakeFiles/kyblRTOS.dir/home/fetak/pico/pico-sdk/src/rp2_common/pico_stdio_usb/stdio_usb_descriptors.c.obj
 *fill*         0x000000001000a982        0x2 
 .rodata.usbd_desc_cfg
                0x000000001000a984       0x54 CMakeFiles/kyblRTOS.dir/home/fetak/pico/pico-sdk/src/rp2_common/pico_stdio_usb/stdio_usb_descriptors.c.obj
 .rodata.usbd_desc_device
                0x000000001000a9d8       0x12 CMakeFiles/kyblRTOS.dir/home/fetak/pico/pico-sdk/src/rp2_common/pico_stdio_usb/stdio_usb_descriptors.c.obj
 *fill*         0x000000001000a9ea        0x2 
 .rodata.usbd_desc_str
                0x000000001000a9ec       0x18 CMakeFiles/kyblRTOS.dir/home/fetak/pico/pico-sdk/src/rp2_common/pico_stdio_usb/stdio_usb_descriptors.c.obj
 .rodata.str1.4
                0x000000001000aa04       0x14 CMakeFiles/kyblRTOS.dir/home/fetak/pico/pico-sdk/lib/tinyusb/src/portable/raspberrypi/rp2040/dcd_rp2040.c.obj
 .rodata.str1.4
                0x000000001000aa18       0x53 CMakeFiles/kyblRTOS.dir/home/fetak/pico/pico-sdk/lib/tinyusb/src/portable/raspberrypi/rp2040/rp2040_usb.c.obj
 *fill*         0x000000001000aa6b        0x1 
 .rodata.tud_task_ext
                0x000000001000aa6c       0x8c CMakeFiles/kyblRTOS.dir/home/fetak/pico/pico-sdk/lib/tinyusb/src/device/usbd.c.obj
 .rodata._usbd_driver
                0x000000001000aaf8       0x18 CMakeFiles/kyblRTOS.dir/home/fetak/pico/pico-sdk/lib/tinyusb/src/device/usbd.c.obj
 .rodata.prvTimerTask
                0x000000001000ab10       0x28 CMakeFiles/kyblRTOS.dir/__/lib/FreeRTOS-Kernel/timers.c.obj
 .rodata.xTimerCreateTimerTask.str1.4
                0x000000001000ab38       0x10 CMakeFiles/kyblRTOS.dir/__/lib/FreeRTOS-Kernel/timers.c.obj
 .rodata        0x000000001000ab48        0x4 /usr/lib/gcc/arm-none-eabi/10.3.1/../../../arm-none-eabi/lib/thumb/v6-m/nofp/libc.a(lib_a-impure.o)
                0x000000001000ab48                _global_impure_ptr
 .rodata        0x000000001000ab4c      0x101 /usr/lib/gcc/arm-none-eabi/10.3.1/../../../arm-none-eabi/lib/thumb/v6-m/nofp/libc.a(lib_a-ctype_.o)
                0x000000001000ab4c                _ctype_
                0x000000001000ac50                . = ALIGN (0x4)
 *fill*         0x000000001000ac4d        0x3 
 *(SORT_BY_ALIGNMENT(SORT_BY_NAME(.flashdata*)))
                0x000000001000ac50                . = ALIGN (0x4)

.ARM.extab
 *(.ARM.extab* .gnu.linkonce.armextab.*)
                0x000000001000ac50                __exidx_start = .

.ARM.exidx
 *(.ARM.exidx* .gnu.linkonce.armexidx.*)
                0x000000001000ac50                __exidx_end = .
                0x000000001000ac50                . = ALIGN (0x4)
                0x000000001000ac50                __binary_info_start = .

.binary_info    0x000000001000ac50       0x20
 *(.binary_info.keep.*)
 .binary_info.keep.__bi_ptr22
                0x000000001000ac50        0x4 CMakeFiles/kyblRTOS.dir/home/fetak/pico/pico-sdk/src/rp2_common/pico_standard_link/binary_info.c.obj
 .binary_info.keep.__bi_ptr30
                0x000000001000ac54        0x4 CMakeFiles/kyblRTOS.dir/home/fetak/pico/pico-sdk/src/rp2_common/pico_standard_link/binary_info.c.obj
 .binary_info.keep.__bi_ptr38
                0x000000001000ac58        0x4 CMakeFiles/kyblRTOS.dir/home/fetak/pico/pico-sdk/src/rp2_common/pico_standard_link/binary_info.c.obj
 .binary_info.keep.__bi_ptr44
                0x000000001000ac5c        0x4 CMakeFiles/kyblRTOS.dir/home/fetak/pico/pico-sdk/src/rp2_common/pico_standard_link/binary_info.c.obj
 .binary_info.keep.__bi_ptr50
                0x000000001000ac60        0x4 CMakeFiles/kyblRTOS.dir/home/fetak/pico/pico-sdk/src/rp2_common/pico_standard_link/binary_info.c.obj
 .binary_info.keep.__bi_ptr75
                0x000000001000ac64        0x4 CMakeFiles/kyblRTOS.dir/home/fetak/pico/pico-sdk/src/rp2_common/pico_standard_link/binary_info.c.obj
 .binary_info.keep.__bi_ptr81
                0x000000001000ac68        0x4 CMakeFiles/kyblRTOS.dir/home/fetak/pico/pico-sdk/src/rp2_common/pico_standard_link/binary_info.c.obj
 *(.binary_info.*)
 .binary_info.__bi_ptr182
                0x000000001000ac6c        0x4 CMakeFiles/kyblRTOS.dir/home/fetak/pico/pico-sdk/src/rp2_common/pico_stdio_usb/stdio_usb.c.obj
                0x000000001000ac70                __binary_info_end = .

.rel.dyn        0x000000001000ac70        0x0
 .rel.iplt      0x000000001000ac70        0x0 /usr/lib/gcc/arm-none-eabi/10.3.1/thumb/v6-m/nofp/crtbegin.o
                0x000000001000ac70                . = ALIGN (0x4)

.ram_vector_table
                0x0000000020000000       0xc0
 *(.ram_vector_table)
 .ram_vector_table
                0x0000000020000000       0xc0 CMakeFiles/kyblRTOS.dir/home/fetak/pico/pico-sdk/src/rp2_common/pico_runtime/runtime.c.obj
                0x0000000020000000                ram_vector_table

.data           0x00000000200000c0     0x16d4 load address 0x000000001000ac70
                0x00000000200000c0                __data_start__ = .
 *(vtable)
 *(.time_critical*)
 .time_critical.mutex_try_enter
                0x00000000200000c0       0x44 CMakeFiles/kyblRTOS.dir/home/fetak/pico/pico-sdk/src/common/pico_sync/mutex.c.obj
                0x00000000200000c0                mutex_try_enter
 .time_critical.mutex_try_enter_block_until
                0x0000000020000104       0x9c CMakeFiles/kyblRTOS.dir/home/fetak/pico/pico-sdk/src/common/pico_sync/mutex.c.obj
                0x0000000020000104                mutex_try_enter_block_until
 .time_critical.mutex_enter_timeout_ms
                0x00000000200001a0       0x78 CMakeFiles/kyblRTOS.dir/home/fetak/pico/pico-sdk/src/common/pico_sync/mutex.c.obj
                0x00000000200001a0                mutex_enter_timeout_ms
 .time_critical.mutex_exit
                0x0000000020000218       0x20 CMakeFiles/kyblRTOS.dir/home/fetak/pico/pico-sdk/src/common/pico_sync/mutex.c.obj
                0x0000000020000218                mutex_exit
 .time_critical.flash_init_boot2_copyout
                0x0000000020000238       0x30 CMakeFiles/kyblRTOS.dir/home/fetak/pico/pico-sdk/src/rp2_common/hardware_flash/flash.c.obj
 .time_critical.flash_enable_xip_via_boot2
                0x0000000020000268       0x10 CMakeFiles/kyblRTOS.dir/home/fetak/pico/pico-sdk/src/rp2_common/hardware_flash/flash.c.obj
 .time_critical.flash_cs_force
                0x0000000020000278       0x38 CMakeFiles/kyblRTOS.dir/home/fetak/pico/pico-sdk/src/rp2_common/hardware_flash/flash.c.obj
 .time_critical.flash_do_cmd
                0x00000000200002b0       0xc4 CMakeFiles/kyblRTOS.dir/home/fetak/pico/pico-sdk/src/rp2_common/hardware_flash/flash.c.obj
                0x00000000200002b0                flash_do_cmd
 .time_critical.reset_non_control_endpoints
                0x0000000020000374       0xbc CMakeFiles/kyblRTOS.dir/home/fetak/pico/pico-sdk/lib/tinyusb/src/portable/raspberrypi/rp2040/dcd_rp2040.c.obj
 .time_critical.hw_handle_buff_status
                0x0000000020000430       0xa8 CMakeFiles/kyblRTOS.dir/home/fetak/pico/pico-sdk/lib/tinyusb/src/portable/raspberrypi/rp2040/dcd_rp2040.c.obj
 .time_critical.dcd_rp2040_irq
                0x00000000200004d8      0x4d8 CMakeFiles/kyblRTOS.dir/home/fetak/pico/pico-sdk/lib/tinyusb/src/portable/raspberrypi/rp2040/dcd_rp2040.c.obj
 .time_critical.e15_is_bulkin_ep
                0x00000000200009b0       0x28 CMakeFiles/kyblRTOS.dir/home/fetak/pico/pico-sdk/lib/tinyusb/src/portable/raspberrypi/rp2040/rp2040_usb.c.obj
 .time_critical.e15_is_critical_frame_period
                0x00000000200009d8       0x34 CMakeFiles/kyblRTOS.dir/home/fetak/pico/pico-sdk/lib/tinyusb/src/portable/raspberrypi/rp2040/rp2040_usb.c.obj
 .time_critical.prepare_ep_buffer
                0x0000000020000a0c       0x70 CMakeFiles/kyblRTOS.dir/home/fetak/pico/pico-sdk/lib/tinyusb/src/portable/raspberrypi/rp2040/rp2040_usb.c.obj
 .time_critical.sync_ep_buffer
                0x0000000020000a7c       0x4c CMakeFiles/kyblRTOS.dir/home/fetak/pico/pico-sdk/lib/tinyusb/src/portable/raspberrypi/rp2040/rp2040_usb.c.obj
 .time_critical._hw_endpoint_xfer_sync
                0x0000000020000ac8       0x28 CMakeFiles/kyblRTOS.dir/home/fetak/pico/pico-sdk/lib/tinyusb/src/portable/raspberrypi/rp2040/rp2040_usb.c.obj
 .time_critical.hw_endpoint_reset_transfer
                0x0000000020000af0        0xc CMakeFiles/kyblRTOS.dir/home/fetak/pico/pico-sdk/lib/tinyusb/src/portable/raspberrypi/rp2040/rp2040_usb.c.obj
                0x0000000020000af0                hw_endpoint_reset_transfer
 .time_critical._hw_endpoint_buffer_control_update32
                0x0000000020000afc       0x58 CMakeFiles/kyblRTOS.dir/home/fetak/pico/pico-sdk/lib/tinyusb/src/portable/raspberrypi/rp2040/rp2040_usb.c.obj
                0x0000000020000afc                _hw_endpoint_buffer_control_update32
 .time_critical.hw_endpoint_start_next_buffer
                0x0000000020000b54       0x6c CMakeFiles/kyblRTOS.dir/home/fetak/pico/pico-sdk/lib/tinyusb/src/portable/raspberrypi/rp2040/rp2040_usb.c.obj
                0x0000000020000b54                hw_endpoint_start_next_buffer
 .time_critical.hw_endpoint_xfer_continue
                0x0000000020000bc0       0x50 CMakeFiles/kyblRTOS.dir/home/fetak/pico/pico-sdk/lib/tinyusb/src/portable/raspberrypi/rp2040/rp2040_usb.c.obj
                0x0000000020000bc0                hw_endpoint_xfer_continue
 .time_critical.tinyusb
                0x0000000020000c10      0x170 CMakeFiles/kyblRTOS.dir/home/fetak/pico/pico-sdk/lib/tinyusb/src/device/usbd.c.obj
                0x0000000020000c10                dcd_event_handler
 *(.text*)
 .text          0x0000000020000d80        0x4 /usr/lib/gcc/arm-none-eabi/10.3.1/thumb/v6-m/nofp/libgcc.a(_dvmd_tls.o)
                0x0000000020000d80                __aeabi_ldiv0
                0x0000000020000d80                __aeabi_idiv0
 *fill*         0x0000000020000d84        0x4 
 .text.__stub   0x0000000020000d88       0x90 linker stubs
                0x0000000020000e18                . = ALIGN (0x4)
 *(.rodata*)
                0x0000000020000e18                . = ALIGN (0x4)
 *(.data*)
 .data.commands
                0x0000000020000e18       0x30 CMakeFiles/kyblRTOS.dir/command.c.obj
                0x0000000020000e18                commands
 .data.striped_spin_lock_num
                0x0000000020000e48        0x1 CMakeFiles/kyblRTOS.dir/home/fetak/pico/pico-sdk/src/rp2_common/hardware_sync/sync.c.obj
 *fill*         0x0000000020000e49        0x3 
 .data          0x0000000020000e4c       0x48 CMakeFiles/kyblRTOS.dir/home/fetak/pico/pico-sdk/src/rp2_common/hardware_irq/irq_handler_chain.S.obj
                0x0000000020000e4c                irq_handler_chain_slots
                0x0000000020000e7c                irq_handler_chain_first_slot
                0x0000000020000e86                irq_handler_chain_remove_tail
 .data.default_alarm_pool
                0x0000000020000e94       0x18 CMakeFiles/kyblRTOS.dir/home/fetak/pico/pico-sdk/src/common/pico_time/time.c.obj
 .data.default_alarm_pool_heap
                0x0000000020000eac       0x10 CMakeFiles/kyblRTOS.dir/home/fetak/pico/pico-sdk/src/common/pico_time/time.c.obj
 *fill*         0x0000000020000ebc        0x4 
 .data.aeabi_bits_funcs
                0x0000000020000ec0       0x10 CMakeFiles/kyblRTOS.dir/home/fetak/pico/pico-sdk/src/rp2_common/pico_bit_ops/bit_ops_aeabi.S.obj
                0x0000000020000ec0                aeabi_bits_funcs
                0x0000000020000ed0                aeabi_bits_funcs_end
 .data.aeabi_mem_funcs
                0x0000000020000ed0       0x10 CMakeFiles/kyblRTOS.dir/home/fetak/pico/pico-sdk/src/rp2_common/pico_mem_ops/mem_ops_aeabi.S.obj
                0x0000000020000ed0                aeabi_mem_funcs
                0x0000000020000ee0                aeabi_mem_funcs_end
 .data.stdio_usb
                0x0000000020000ee0       0x18 CMakeFiles/kyblRTOS.dir/home/fetak/pico/pico-sdk/src/rp2_common/pico_stdio_usb/stdio_usb.c.obj
                0x0000000020000ee0                stdio_usb
 .data.ep_dir_string
                0x0000000020000ef8        0x8 CMakeFiles/kyblRTOS.dir/home/fetak/pico/pico-sdk/lib/tinyusb/src/portable/raspberrypi/rp2040/rp2040_usb.c.obj
                0x0000000020000ef8                ep_dir_string
 .data._usbd_qdef
                0x0000000020000f00       0x1c CMakeFiles/kyblRTOS.dir/home/fetak/pico/pico-sdk/lib/tinyusb/src/device/usbd.c.obj
                0x0000000020000f00                _usbd_qdef
 .data._usbd_rhport
                0x0000000020000f1c        0x1 CMakeFiles/kyblRTOS.dir/home/fetak/pico/pico-sdk/lib/tinyusb/src/device/usbd.c.obj
 .data.ucPrimaryCoreNum
                0x0000000020000f1d        0x1 CMakeFiles/kyblRTOS.dir/__/lib/FreeRTOS-Kernel/portable/ThirdParty/GCC/RP2040/port.c.obj
 *fill*         0x0000000020000f1e        0x2 
 .data.uxTopUsedPriority
                0x0000000020000f20        0x4 CMakeFiles/kyblRTOS.dir/__/lib/FreeRTOS-Kernel/tasks.c.obj
                0x0000000020000f20                uxTopUsedPriority
 *fill*         0x0000000020000f24        0x4 
 .data          0x0000000020000f28      0x430 /usr/lib/gcc/arm-none-eabi/10.3.1/../../../arm-none-eabi/lib/thumb/v6-m/nofp/libc.a(lib_a-impure.o)
                0x0000000020000f28                _impure_ptr
 .data          0x0000000020001358      0x410 /usr/lib/gcc/arm-none-eabi/10.3.1/../../../arm-none-eabi/lib/thumb/v6-m/nofp/libc.a(lib_a-mallocr.o)
                0x0000000020001358                __malloc_sbrk_base
                0x000000002000135c                __malloc_trim_threshold
                0x0000000020001360                __malloc_av_
                0x0000000020001768                . = ALIGN (0x4)
 *(.after_data.*)
                0x0000000020001768                . = ALIGN (0x4)
                0x0000000020001768                PROVIDE (__mutex_array_start = .)
 *(SORT_BY_NAME(.mutex_array.*))
 *(.mutex_array)
 .mutex_array   0x0000000020001768        0x8 CMakeFiles/kyblRTOS.dir/home/fetak/pico/pico-sdk/src/rp2_common/pico_malloc/pico_malloc.c.obj
 .mutex_array   0x0000000020001770        0x8 CMakeFiles/kyblRTOS.dir/home/fetak/pico/pico-sdk/src/rp2_common/pico_stdio/stdio.c.obj
                0x0000000020001778                PROVIDE (__mutex_array_end = .)
                0x0000000020001778                . = ALIGN (0x4)
                0x0000000020001778                PROVIDE (__preinit_array_start = .)
 *(SORT_BY_NAME(.preinit_array.*))
 .preinit_array.00001
                0x0000000020001778        0x4 CMakeFiles/kyblRTOS.dir/home/fetak/pico/pico-sdk/src/rp2_common/pico_mem_ops/mem_ops_aeabi.S.obj
 .preinit_array.00010
                0x000000002000177c        0x4 CMakeFiles/kyblRTOS.dir/home/fetak/pico/pico-sdk/src/rp2_common/pico_bit_ops/bit_ops_aeabi.S.obj
 .preinit_array.00020
                0x0000000020001780        0x4 CMakeFiles/kyblRTOS.dir/home/fetak/pico/pico-sdk/src/rp2_common/pico_double/double_aeabi.S.obj
 .preinit_array.00020
                0x0000000020001784        0x4 CMakeFiles/kyblRTOS.dir/home/fetak/pico/pico-sdk/src/rp2_common/pico_float/float_aeabi.S.obj
 *(.preinit_array)
                0x0000000020001788                PROVIDE (__preinit_array_end = .)
                0x0000000020001788                . = ALIGN (0x4)
                0x0000000020001788                PROVIDE (__init_array_start = .)
 *(SORT_BY_NAME(.init_array.*))
 *(.init_array)
 .init_array    0x0000000020001788        0x4 /usr/lib/gcc/arm-none-eabi/10.3.1/thumb/v6-m/nofp/crtbegin.o
 .init_array    0x000000002000178c        0x4 CMakeFiles/kyblRTOS.dir/home/fetak/pico/pico-sdk/src/rp2_common/pico_unique_id/unique_id.c.obj
 .init_array    0x0000000020001790        0x4 CMakeFiles/kyblRTOS.dir/__/lib/FreeRTOS-Kernel/portable/ThirdParty/GCC/RP2040/port.c.obj
                0x0000000020001794                PROVIDE (__init_array_end = .)
                0x0000000020001794                . = ALIGN (0x4)
                0x0000000020001794                PROVIDE (__fini_array_start = .)
 *(SORT_BY_NAME(.fini_array.*))
 *(.fini_array)
                0x0000000020001794                PROVIDE (__fini_array_end = .)
 *(.jcr)
                0x0000000020001794                . = ALIGN (0x4)
                0x0000000020001794                __data_end__ = .
                0x000000001000ac70                __etext = LOADADDR (.data)

.tm_clone_table
                0x0000000020001794        0x0 load address 0x000000001000c344
 .tm_clone_table
                0x0000000020001794        0x0 /usr/lib/gcc/arm-none-eabi/10.3.1/thumb/v6-m/nofp/crtbegin.o
 .tm_clone_table
                0x0000000020001794        0x0 /usr/lib/gcc/arm-none-eabi/10.3.1/thumb/v6-m/nofp/crtend.o

.igot.plt       0x0000000020001794        0x0 load address 0x000000001000c344
 .igot.plt      0x0000000020001794        0x0 /usr/lib/gcc/arm-none-eabi/10.3.1/thumb/v6-m/nofp/crtbegin.o

.uninitialized_data
                0x0000000020001794        0x0 load address 0x000000001000c344
                0x0000000020001794                . = ALIGN (0x4)
 *(.uninitialized_data*)

.scratch_x      0x0000000020040000        0x0 load address 0x000000001000c344
                0x0000000020040000                __scratch_x_start__ = .
 *(.scratch_x.*)
                0x0000000020040000                . = ALIGN (0x4)
                0x0000000020040000                __scratch_x_end__ = .
                0x000000001000c344                __scratch_x_source__ = LOADADDR (.scratch_x)

.scratch_y      0x0000000020041000        0x0 load address 0x000000001000c344
                0x0000000020041000                __scratch_y_start__ = .
 *(.scratch_y.*)
                0x0000000020041000                . = ALIGN (0x4)
                0x0000000020041000                __scratch_y_end__ = .
                0x000000001000c344                __scratch_y_source__ = LOADADDR (.scratch_y)

.bss            0x0000000020001798    0x2119c
                0x0000000020001798                . = ALIGN (0x4)
                0x0000000020001798                __bss_start__ = .
 *(SORT_BY_ALIGNMENT(SORT_BY_NAME(.bss*)))
 .bss.default_alarm_pool_entries
                0x0000000020001798      0x100 CMakeFiles/kyblRTOS.dir/home/fetak/pico/pico-sdk/src/common/pico_time/time.c.obj
 .bss.last_avail_time.1
                0x0000000020001898        0x8 CMakeFiles/kyblRTOS.dir/home/fetak/pico/pico-sdk/src/rp2_common/pico_stdio_usb/stdio_usb.c.obj
 .bss.sd_table  0x00000000200018a0      0x100 CMakeFiles/kyblRTOS.dir/home/fetak/pico/pico-sdk/src/rp2_common/pico_double/double_init_rom.c.obj
                0x00000000200018a0                sd_table
 .bss.sf_table  0x00000000200019a0      0x100 CMakeFiles/kyblRTOS.dir/home/fetak/pico/pico-sdk/src/rp2_common/pico_float/float_init_rom.c.obj
                0x00000000200019a0                sf_table
 .bss.xQueueRegistry
                0x0000000020001aa0       0x40 CMakeFiles/kyblRTOS.dir/__/lib/FreeRTOS-Kernel/queue.c.obj
                0x0000000020001aa0                xQueueRegistry