Archive member included to satisfy reference by file (symbol)

/usr/lib/gcc/arm-none-eabi/10.3.1/thumb/v6-m/nofp/libgcc.a(_dvmd_tls.o)
                              CMakeFiles/kyblRTOS.dir/home/fetak/pico/pico-sdk/src/rp2_common/pico_divider/divider.S.obj (__aeabi_idiv0)
/usr/lib/gcc/arm-none-eabi/10.3.1/../../../arm-none-eabi/lib/thumb/v6-m/nofp/libc.a(lib_a-atexit.o)
                              /usr/lib/gcc/arm-none-eabi/10.3.1/../../../arm-none-eabi/lib/thumb/v6-m/nofp/crt0.o (atexit)
/usr/lib/gcc/arm-none-eabi/10.3.1/../../../arm-none-eabi/lib/thumb/v6-m/nofp/libc.a(lib_a-calloc.o)
                              CMakeFiles/kyblRTOS.dir/home/fetak/pico/pico-sdk/src/rp2_common/pico_malloc/pico_malloc.c.obj (calloc)
/usr/lib/gcc/arm-none-eabi/10.3.1/../../../arm-none-eabi/lib/thumb/v6-m/nofp/libc.a(lib_a-callocr.o)
                              /usr/lib/gcc/arm-none-eabi/10.3.1/../../../arm-none-eabi/lib/thumb/v6-m/nofp/libc.a(lib_a-calloc.o) (_calloc_r)
/usr/lib/gcc/arm-none-eabi/10.3.1/../../../arm-none-eabi/lib/thumb/v6-m/nofp/libc.a(lib_a-fflush.o)
                              CMakeFiles/kyblRTOS.dir/main.c.obj (fflush)
/usr/lib/gcc/arm-none-eabi/10.3.1/../../../arm-none-eabi/lib/thumb/v6-m/nofp/libc.a(lib_a-findfp.o)
                              /usr/lib/gcc/arm-none-eabi/10.3.1/../../../arm-none-eabi/lib/thumb/v6-m/nofp/libc.a(lib_a-fflush.o) (__sinit)
/usr/lib/gcc/arm-none-eabi/10.3.1/../../../arm-none-eabi/lib/thumb/v6-m/nofp/libc.a(lib_a-fini.o)
                              /usr/lib/gcc/arm-none-eabi/10.3.1/../../../arm-none-eabi/lib/thumb/v6-m/nofp/crt0.o (__libc_fini_array)
/usr/lib/gcc/arm-none-eabi/10.3.1/../../../arm-none-eabi/lib/thumb/v6-m/nofp/libc.a(lib_a-freer.o)
                              /usr/lib/gcc/arm-none-eabi/10.3.1/../../../arm-none-eabi/lib/thumb/v6-m/nofp/libc.a(lib_a-fflush.o) (_free_r)
/usr/lib/gcc/arm-none-eabi/10.3.1/../../../arm-none-eabi/lib/thumb/v6-m/nofp/libc.a(lib_a-fwalk.o)
                              /usr/lib/gcc/arm-none-eabi/10.3.1/../../../arm-none-eabi/lib/thumb/v6-m/nofp/libc.a(lib_a-findfp.o) (_fwalk)
/usr/lib/gcc/arm-none-eabi/10.3.1/../../../arm-none-eabi/lib/thumb/v6-m/nofp/libc.a(lib_a-impure.o)
                              /usr/lib/gcc/arm-none-eabi/10.3.1/../../../arm-none-eabi/lib/thumb/v6-m/nofp/libc.a(lib_a-fflush.o) (_global_impure_ptr)
/usr/lib/gcc/arm-none-eabi/10.3.1/../../../arm-none-eabi/lib/thumb/v6-m/nofp/libc.a(lib_a-init.o)
                              /usr/lib/gcc/arm-none-eabi/10.3.1/../../../arm-none-eabi/lib/thumb/v6-m/nofp/crt0.o (__libc_init_array)
/usr/lib/gcc/arm-none-eabi/10.3.1/../../../arm-none-eabi/lib/thumb/v6-m/nofp/libc.a(lib_a-malloc.o)
                              CMakeFiles/kyblRTOS.dir/home/fetak/pico/pico-sdk/src/rp2_common/pico_malloc/pico_malloc.c.obj (malloc)
/usr/lib/gcc/arm-none-eabi/10.3.1/../../../arm-none-eabi/lib/thumb/v6-m/nofp/libc.a(lib_a-mallocr.o)
                              /usr/lib/gcc/arm-none-eabi/10.3.1/../../../arm-none-eabi/lib/thumb/v6-m/nofp/libc.a(lib_a-callocr.o) (_malloc_r)
/usr/lib/gcc/arm-none-eabi/10.3.1/../../../arm-none-eabi/lib/thumb/v6-m/nofp/libc.a(lib_a-mlock.o)
                              /usr/lib/gcc/arm-none-eabi/10.3.1/../../../arm-none-eabi/lib/thumb/v6-m/nofp/libc.a(lib_a-freer.o) (__malloc_lock)
/usr/lib/gcc/arm-none-eabi/10.3.1/../../../arm-none-eabi/lib/thumb/v6-m/nofp/libc.a(lib_a-realloc.o)
                              CMakeFiles/kyblRTOS.dir/home/fetak/pico/pico-sdk/src/rp2_common/pico_malloc/pico_malloc.c.obj (realloc)
/usr/lib/gcc/arm-none-eabi/10.3.1/../../../arm-none-eabi/lib/thumb/v6-m/nofp/libc.a(lib_a-reallocr.o)
                              /usr/lib/gcc/arm-none-eabi/10.3.1/../../../arm-none-eabi/lib/thumb/v6-m/nofp/libc.a(lib_a-realloc.o) (_realloc_r)
/usr/lib/gcc/arm-none-eabi/10.3.1/../../../arm-none-eabi/lib/thumb/v6-m/nofp/libc.a(lib_a-sbrkr.o)
                              /usr/lib/gcc/arm-none-eabi/10.3.1/../../../arm-none-eabi/lib/thumb/v6-m/nofp/libc.a(lib_a-freer.o) (_sbrk_r)
/usr/lib/gcc/arm-none-eabi/10.3.1/../../../arm-none-eabi/lib/thumb/v6-m/nofp/libc.a(lib_a-stdio.o)
                              /usr/lib/gcc/arm-none-eabi/10.3.1/../../../arm-none-eabi/lib/thumb/v6-m/nofp/libc.a(lib_a-findfp.o) (__sread)
/usr/lib/gcc/arm-none-eabi/10.3.1/../../../arm-none-eabi/lib/thumb/v6-m/nofp/libc.a(lib_a-strcmp.o)
                              CMakeFiles/kyblRTOS.dir/main.c.obj (strcmp)
/usr/lib/gcc/arm-none-eabi/10.3.1/../../../arm-none-eabi/lib/thumb/v6-m/nofp/libc.a(lib_a-strlen-stub.o)
                              CMakeFiles/kyblRTOS.dir/home/fetak/pico/pico-sdk/src/rp2_common/pico_stdio/stdio.c.obj (strlen)
/usr/lib/gcc/arm-none-eabi/10.3.1/../../../arm-none-eabi/lib/thumb/v6-m/nofp/libc.a(lib_a-strtok.o)
                              CMakeFiles/kyblRTOS.dir/main.c.obj (strtok)
/usr/lib/gcc/arm-none-eabi/10.3.1/../../../arm-none-eabi/lib/thumb/v6-m/nofp/libc.a(lib_a-strtok_r.o)
[...]
Memory Configuration

Name             Origin             Length             Attributes
FLASH            0x0000000010000000 0x0000000000200000 xr
RAM              0x0000000020000000 0x0000000000040000 xrw
SCRATCH_X        0x0000000020040000 0x0000000000001000 xrw
SCRATCH_Y        0x0000000020041000 0x0000000000001000 xrw
*default*        0x0000000000000000 0xffffffffffffffff

Linker script and memory map

LOAD /usr/lib/gcc/arm-none-eabi/10.3.1/thumb/v6-m/nofp/crti.o
LOAD /usr/lib/gcc/arm-none-eabi/10.3.1/thumb/v6-m/nofp/crtbegin.o
LOAD /usr/lib/gcc/arm-none-eabi/10.3.1/../../../arm-none-eabi/lib/thumb/v6-m/nofp/crt0.o

.flash_begin    0x0000000010000000        0x0
                0x0000000010000000                __flash_binary_start = .

.boot2          0x0000000010000000      0x100
                0x0000000010000000                __boot2_start__ = .
 *(.boot2)
 .boot2         0x0000000010000000      0x100 /tmp/cc1zku9n.o
                0x0000000010000100                __boot2_end__ = .
                0x0000000000000001                ASSERT (((__boot2_end__ - __boot2_start__) == 0x100), ERROR: Pico second stage bootloader must be 256 bytes in size)

.text           0x0000000010000100     0x9fe8
                0x0000000010000100                __logical_binary_start = .
 *(.vectors)
 .vectors       0x0000000010000100       0xd4 CMakeFiles/kyblRTOS.dir/home/fetak/pico/pico-sdk/src/rp2_common/pico_standard_link/crt0.S.obj
                0x0000000010000100                __vectors
                0x0000000010000100                __VECTOR_TABLE
                0x00000000100001c0                isr_invalid
                0x00000000100001c0                __default_isrs_start
                0x00000000100001c2                isr_nmi
                0x00000000100001c4                isr_hardfault
                0x00000000100001c6                isr_svcall
                0x00000000100001c8                isr_pendsv
                0x00000000100001ca                isr_systick
                0x00000000100001cc                isr_irq30
                0x00000000100001cc                __unhandled_user_irq
                0x00000000100001cc                isr_irq13
                0x00000000100001cc                isr_irq27
                0x00000000100001cc                isr_irq31
                0x00000000100001cc                isr_irq5
                0x00000000100001cc                isr_irq11
                0x00000000100001cc                isr_irq23
                0x00000000100001cc                isr_irq18
                0x00000000100001cc                isr_irq28
                0x00000000100001cc                isr_irq19
                0x00000000100001cc                isr_irq0
                0x00000000100001cc                isr_irq6
                0x00000000100001cc                isr_irq22
                0x00000000100001cc                isr_irq17
                0x00000000100001cc                isr_irq14
                0x00000000100001cc                isr_irq2
                0x00000000100001cc                isr_irq10
                0x00000000100001cc                isr_irq8
                0x00000000100001cc                isr_irq24
                0x00000000100001cc                isr_irq1
                0x00000000100001cc                isr_irq7
                0x00000000100001cc                isr_irq21
                0x00000000100001cc                isr_irq20
                0x00000000100001cc                isr_irq15
                0x00000000100001cc                isr_irq25
                0x00000000100001cc                isr_irq4
                0x00000000100001cc                isr_irq16
                0x00000000100001cc                isr_irq29
                0x00000000100001cc                isr_irq26
                0x00000000100001cc                __default_isrs_end
                0x00000000100001cc                isr_irq3
                0x00000000100001cc                isr_irq12
                0x00000000100001cc                isr_irq9
                0x00000000100001d2                unhandled_user_irq_num_in_r0
 *(.binary_info_header)
 .binary_info_header
                0x00000000100001d4       0x14 CMakeFiles/kyblRTOS.dir/home/fetak/pico/pico-sdk/src/rp2_common/pico_standard_link/crt0.S.obj
                0x00000000100001e8                __binary_info_header_end = .
 *(.reset)
 .reset         0x00000000100001e8       0xa0 CMakeFiles/kyblRTOS.dir/home/fetak/pico/pico-sdk/src/rp2_common/pico_standard_link/crt0.S.obj
                0x00000000100001e8                _entry_point
 .reset         0x0000000010000288       0x30 CMakeFiles/kyblRTOS.dir/home/fetak/pico/pico-sdk/src/rp2_common/pico_standard_link/binary_info.c.obj
 *(.init)
 .init          0x00000000100002b8        0x4 /usr/lib/gcc/arm-none-eabi/10.3.1/thumb/v6-m/nofp/crti.o
                0x00000000100002b8                _init
 *(EXCLUDE_FILE(*libm.a: *libc.a:*lib_a-mem*.o *libgcc.a:) .text*)
 .text          0x00000000100002bc       0x98 /usr/lib/gcc/arm-none-eabi/10.3.1/thumb/v6-m/nofp/crtbegin.o
 .text.blue_action_led
                0x0000000010000354       0x58 CMakeFiles/kyblRTOS.dir/main.c.obj
                0x0000000010000354                blue_action_led
 .text.input_task
                0x00000000100003ac      0x128 CMakeFiles/kyblRTOS.dir/main.c.obj
                0x00000000100003ac                input_task
 .text.startup.main
                0x00000000100004d4       0x48 CMakeFiles/kyblRTOS.dir/main.c.obj
                0x00000000100004d4                main
 .text.help     0x000000001000051c       0x38 CMakeFiles/kyblRTOS.dir/command.c.obj
                0x000000001000051c                help
 .text.echo     0x0000000010000554       0x14 CMakeFiles/kyblRTOS.dir/command.c.obj
                0x0000000010000554                echo
 .text.clear    0x0000000010000568       0x10 CMakeFiles/kyblRTOS.dir/command.c.obj
                0x0000000010000568                clear
 .text.ver      0x0000000010000578       0x2c CMakeFiles/kyblRTOS.dir/command.c.obj
                0x0000000010000578                ver
 .text.execute_command
                0x00000000100005a4       0x3c CMakeFiles/kyblRTOS.dir/command.c.obj
                0x00000000100005a4                execute_command
 .text.gpio_init
                0x00000000100005e0       0x3c CMakeFiles/kyblRTOS.dir/home/fetak/pico/pico-sdk/src/rp2_common/hardware_gpio/gpio.c.obj
                0x00000000100005e0                gpio_init
 .text.running_on_fpga
                0x000000001000061c       0x10 CMakeFiles/kyblRTOS.dir/home/fetak/pico/pico-sdk/src/rp2_common/pico_platform/platform.c.obj
                0x000000001000061c                running_on_fpga
 .text.hw_claim_or_assert
                0x000000001000062c       0x44 CMakeFiles/kyblRTOS.dir/home/fetak/pico/pico-sdk/src/rp2_common/hardware_claim/claim.c.obj
                0x000000001000062c                hw_claim_or_assert
 .text.hw_claim_unused_from_range
                0x0000000010000670       0x9c CMakeFiles/kyblRTOS.dir/home/fetak/pico/pico-sdk/src/rp2_common/hardware_claim/claim.c.obj
                0x0000000010000670                hw_claim_unused_from_range
 .text.spin_locks_reset
                0x000000001000070c       0x1c CMakeFiles/kyblRTOS.dir/home/fetak/pico/pico-sdk/src/rp2_common/hardware_sync/sync.c.obj
                0x000000001000070c                spin_locks_reset
 .text.next_striped_spin_lock_num
                0x0000000010000728       0x18 CMakeFiles/kyblRTOS.dir/home/fetak/pico/pico-sdk/src/rp2_common/hardware_sync/sync.c.obj
                0x0000000010000728                next_striped_spin_lock_num
 .text.spin_lock_claim_unused
                0x0000000010000740       0x20 CMakeFiles/kyblRTOS.dir/home/fetak/pico/pico-sdk/src/rp2_common/hardware_sync/sync.c.obj
                0x0000000010000740                spin_lock_claim_unused
 .text.irq_set_enabled
                0x0000000010000760       0x24 CMakeFiles/kyblRTOS.dir/home/fetak/pico/pico-sdk/src/rp2_common/hardware_irq/irq.c.obj
                0x0000000010000760                irq_set_enabled
 .text.irq_set_pending
                0x0000000010000784       0x10 CMakeFiles/kyblRTOS.dir/home/fetak/pico/pico-sdk/src/rp2_common/hardware_irq/irq.c.obj
                0x0000000010000784                irq_set_pending
 .text.irq_has_shared_handler
                0x0000000010000794       0x2c CMakeFiles/kyblRTOS.dir/home/fetak/pico/pico-sdk/src/rp2_common/hardware_irq/irq.c.obj
                0x0000000010000794                irq_has_shared_handler
 .text.irq_get_vtable_handler
                0x00000000100007c0       0x10 CMakeFiles/kyblRTOS.dir/home/fetak/pico/pico-sdk/src/rp2_common/hardware_irq/irq.c.obj
                0x00000000100007c0                irq_get_vtable_handler
 .text.irq_set_exclusive_handler
                0x00000000100007d0       0x54 CMakeFiles/kyblRTOS.dir/home/fetak/pico/pico-sdk/src/rp2_common/hardware_irq/irq.c.obj
                0x00000000100007d0                irq_set_exclusive_handler
 .text.irq_add_shared_handler
                0x0000000010000824      0x1e8 CMakeFiles/kyblRTOS.dir/home/fetak/pico/pico-sdk/src/rp2_common/hardware_irq/irq.c.obj
                0x0000000010000824                irq_add_shared_handler
 .text.irq_remove_handler
                0x0000000010000a0c      0x1b0 CMakeFiles/kyblRTOS.dir/home/fetak/pico/pico-sdk/src/rp2_common/hardware_irq/irq.c.obj
                0x0000000010000a0c                irq_remove_handler
 .text.irq_set_priority
                0x0000000010000bbc       0x28 CMakeFiles/kyblRTOS.dir/home/fetak/pico/pico-sdk/src/rp2_common/hardware_irq/irq.c.obj
                0x0000000010000bbc                irq_set_priority
 .text.irq_add_tail_to_free_list
                0x0000000010000be4       0xb4 CMakeFiles/kyblRTOS.dir/home/fetak/pico/pico-sdk/src/rp2_common/hardware_irq/irq.c.obj
                0x0000000010000be4                irq_add_tail_to_free_list
 .text.irq_init_priorities
                0x0000000010000c98       0x24 CMakeFiles/kyblRTOS.dir/home/fetak/pico/pico-sdk/src/rp2_common/hardware_irq/irq.c.obj
                0x0000000010000c98                irq_init_priorities
 .text.user_irq_claim_unused
                0x0000000010000cbc       0x28 CMakeFiles/kyblRTOS.dir/home/fetak/pico/pico-sdk/src/rp2_common/hardware_irq/irq.c.obj
                0x0000000010000cbc                user_irq_claim_unused
 .text.lock_init
                0x0000000010000ce4       0x10 CMakeFiles/kyblRTOS.dir/home/fetak/pico/pico-sdk/src/common/pico_sync/lock_core.c.obj
                0x0000000010000ce4                lock_init
 .text.mutex_init
                0x0000000010000cf4       0x1c CMakeFiles/kyblRTOS.dir/home/fetak/pico/pico-sdk/src/common/pico_sync/mutex.c.obj
                0x0000000010000cf4                mutex_init
 .text.recursive_mutex_init
                0x0000000010000d10       0x20 CMakeFiles/kyblRTOS.dir/home/fetak/pico/pico-sdk/src/common/pico_sync/mutex.c.obj
                0x0000000010000d10                recursive_mutex_init
 .text.critical_section_init
                0x0000000010000d30       0x20 CMakeFiles/kyblRTOS.dir/home/fetak/pico/pico-sdk/src/common/pico_sync/critical_section.c.obj
                0x0000000010000d30                critical_section_init
 .text.critical_section_init_with_lock_num
                0x0000000010000d50       0x14 CMakeFiles/kyblRTOS.dir/home/fetak/pico/pico-sdk/src/common/pico_sync/critical_section.c.obj
                0x0000000010000d50                critical_section_init_with_lock_num
 .text.timer_pool_entry_comparator
                0x0000000010000d64       0x34 CMakeFiles/kyblRTOS.dir/home/fetak/pico/pico-sdk/src/common/pico_time/time.c.obj
                0x0000000010000d64                timer_pool_entry_comparator
 .text.sleep_until_callback
                0x0000000010000d98       0x24 CMakeFiles/kyblRTOS.dir/home/fetak/pico/pico-sdk/src/common/pico_time/time.c.obj
 .text.add_alarm_under_lock.isra.0
                0x0000000010000dbc      0x100 CMakeFiles/kyblRTOS.dir/home/fetak/pico/pico-sdk/src/common/pico_time/time.c.obj
 .text.alarm_pool_alarm_callback
                0x0000000010000ebc      0x1bc CMakeFiles/kyblRTOS.dir/home/fetak/pico/pico-sdk/src/common/pico_time/time.c.obj
 .text.alarm_pool_init_default
                0x0000000010001078       0x6c CMakeFiles/kyblRTOS.dir/home/fetak/pico/pico-sdk/src/common/pico_time/time.c.obj
                0x0000000010001078                alarm_pool_init_default
 .text.alarm_pool_get_default
                0x00000000100010e4        0x8 CMakeFiles/kyblRTOS.dir/home/fetak/pico/pico-sdk/src/common/pico_time/time.c.obj
                0x00000000100010e4                alarm_pool_get_default
 .text.alarm_pool_add_alarm_at
                0x00000000100010ec      0x178 CMakeFiles/kyblRTOS.dir/home/fetak/pico/pico-sdk/src/common/pico_time/time.c.obj
                0x00000000100010ec                alarm_pool_add_alarm_at
 .text.alarm_pool_core_num
                0x0000000010001264        0x4 CMakeFiles/kyblRTOS.dir/home/fetak/pico/pico-sdk/src/common/pico_time/time.c.obj
                0x0000000010001264                alarm_pool_core_num
 .text.best_effort_wfe_or_timeout
                0x0000000010001268       0xd4 CMakeFiles/kyblRTOS.dir/home/fetak/pico/pico-sdk/src/common/pico_time/time.c.obj
                0x0000000010001268                best_effort_wfe_or_timeout
 .text.hardware_alarm_irq_handler
                0x000000001000133c       0xbc CMakeFiles/kyblRTOS.dir/home/fetak/pico/pico-sdk/src/rp2_common/hardware_timer/timer.c.obj
 .text.hardware_alarm_claim
                0x00000000100013f8       0x18 CMakeFiles/kyblRTOS.dir/home/fetak/pico/pico-sdk/src/rp2_common/hardware_timer/timer.c.obj
                0x00000000100013f8                hardware_alarm_claim
 .text.time_us_64
                0x0000000010001410       0x14 CMakeFiles/kyblRTOS.dir/home/fetak/pico/pico-sdk/src/rp2_common/hardware_timer/timer.c.obj
                0x0000000010001410                time_us_64
 .text.busy_wait_us
                0x0000000010001424       0x54 CMakeFiles/kyblRTOS.dir/home/fetak/pico/pico-sdk/src/rp2_common/hardware_timer/timer.c.obj
                0x0000000010001424                busy_wait_us
 .text.hardware_alarm_set_callback
                0x0000000010001478       0x8c CMakeFiles/kyblRTOS.dir/home/fetak/pico/pico-sdk/src/rp2_common/hardware_timer/timer.c.obj
                0x0000000010001478                hardware_alarm_set_callback
 .text.hardware_alarm_set_target
                0x0000000010001504       0xd4 CMakeFiles/kyblRTOS.dir/home/fetak/pico/pico-sdk/src/rp2_common/hardware_timer/timer.c.obj
                0x0000000010001504                hardware_alarm_set_target
 .text.hardware_alarm_cancel
                0x00000000100015d8       0x3c CMakeFiles/kyblRTOS.dir/home/fetak/pico/pico-sdk/src/rp2_common/hardware_timer/timer.c.obj
                0x00000000100015d8                hardware_alarm_cancel
 .text.ph_merge_nodes
                0x0000000010001614       0x68 CMakeFiles/kyblRTOS.dir/home/fetak/pico/pico-sdk/src/common/pico_util/pheap.c.obj
 .text.ph_post_alloc_init
                0x000000001000167c       0x3c CMakeFiles/kyblRTOS.dir/home/fetak/pico/pico-sdk/src/common/pico_util/pheap.c.obj
                0x000000001000167c                ph_post_alloc_init
 .text.ph_merge_two_pass
                0x00000000100016b8       0x90 CMakeFiles/kyblRTOS.dir/home/fetak/pico/pico-sdk/src/common/pico_util/pheap.c.obj
                0x00000000100016b8                ph_merge_two_pass
 .text.ph_remove_any_head
                0x0000000010001748      0x100 CMakeFiles/kyblRTOS.dir/home/fetak/pico/pico-sdk/src/common/pico_util/pheap.c.obj
 .text.ph_remove_head
                0x0000000010001848      0x104 CMakeFiles/kyblRTOS.dir/home/fetak/pico/pico-sdk/src/common/pico_util/pheap.c.obj
                0x0000000010001848                ph_remove_head
 .text.ph_remove_and_free_node
                0x000000001000194c       0x7c CMakeFiles/kyblRTOS.dir/home/fetak/pico/pico-sdk/src/common/pico_util/pheap.c.obj
                0x000000001000194c                ph_remove_and_free_node
 .text.clocks_init
                0x00000000100019c8      0x2d0 CMakeFiles/kyblRTOS.dir/home/fetak/pico/pico-sdk/src/rp2_common/hardware_clocks/clocks.c.obj
                0x00000000100019c8                clocks_init
 .text.clock_get_hz
                0x0000000010001c98        0xc CMakeFiles/kyblRTOS.dir/home/fetak/pico/pico-sdk/src/rp2_common/hardware_clocks/clocks.c.obj
                0x0000000010001c98                clock_get_hz
 .text.pll_init
                0x0000000010001ca4       0xa0 CMakeFiles/kyblRTOS.dir/home/fetak/pico/pico-sdk/src/rp2_common/hardware_pll/pll.c.obj
                0x0000000010001ca4                pll_init
 .text.watchdog_start_tick
                0x0000000010001d44       0x10 CMakeFiles/kyblRTOS.dir/home/fetak/pico/pico-sdk/src/rp2_common/hardware_watchdog/watchdog.c.obj
                0x0000000010001d44                watchdog_start_tick
 .text.watchdog_reboot
                0x0000000010001d54       0x98 CMakeFiles/kyblRTOS.dir/home/fetak/pico/pico-sdk/src/rp2_common/hardware_watchdog/watchdog.c.obj
                0x0000000010001d54                watchdog_reboot
 .text.xosc_init
                0x0000000010001dec       0x28 CMakeFiles/kyblRTOS.dir/home/fetak/pico/pico-sdk/src/rp2_common/hardware_xosc/xosc.c.obj
                0x0000000010001dec                xosc_init
 .text.runtime_init
                0x0000000010001e14       0xf0 CMakeFiles/kyblRTOS.dir/home/fetak/pico/pico-sdk/src/rp2_common/pico_runtime/runtime.c.obj
                0x0000000010001e14                runtime_init
 .text._exit    0x0000000010001f04        0x4 CMakeFiles/kyblRTOS.dir/home/fetak/pico/pico-sdk/src/rp2_common/pico_runtime/runtime.c.obj
                0x0000000010001f04                _exit
 .text._sbrk    0x0000000010001f08       0x34 CMakeFiles/kyblRTOS.dir/home/fetak/pico/pico-sdk/src/rp2_common/pico_runtime/runtime.c.obj
                0x0000000010001f08                _sbrk
 .text.exit     0x0000000010001f3c        0x8 CMakeFiles/kyblRTOS.dir/home/fetak/pico/pico-sdk/src/rp2_common/pico_runtime/runtime.c.obj
                0x0000000010001f3c                exit
 .text.panic    0x0000000010001f44       0x30 CMakeFiles/kyblRTOS.dir/home/fetak/pico/pico-sdk/src/rp2_common/pico_runtime/runtime.c.obj
                0x0000000010001f44                panic
 .text.panic_unsupported
                0x0000000010001f74        0xc CMakeFiles/kyblRTOS.dir/home/fetak/pico/pico-sdk/src/rp2_common/pico_runtime/runtime.c.obj
                0x0000000010001f74                panic_unsupported
 .text.hard_assertion_failure
                0x0000000010001f80        0xc CMakeFiles/kyblRTOS.dir/home/fetak/pico/pico-sdk/src/rp2_common/pico_runtime/runtime.c.obj
                0x0000000010001f80                hard_assertion_failure
 .text._out_null
                0x0000000010001f8c        0x4 CMakeFiles/kyblRTOS.dir/home/fetak/pico/pico-sdk/src/rp2_common/pico_printf/printf.c.obj
 .text._out_rev
                0x0000000010001f90       0x9c CMakeFiles/kyblRTOS.dir/home/fetak/pico/pico-sdk/src/rp2_common/pico_printf/printf.c.obj
 .text._ntoa_format
                0x000000001000202c      0x1cc CMakeFiles/kyblRTOS.dir/home/fetak/pico/pico-sdk/src/rp2_common/pico_printf/printf.c.obj
 .text._out_char
                0x00000000100021f8       0x10 CMakeFiles/kyblRTOS.dir/home/fetak/pico/pico-sdk/src/rp2_common/pico_printf/printf.c.obj
 .text._out_fct
                0x0000000010002208       0x10 CMakeFiles/kyblRTOS.dir/home/fetak/pico/pico-sdk/src/rp2_common/pico_printf/printf.c.obj
 .text._etoa    0x0000000010002218      0x44c CMakeFiles/kyblRTOS.dir/home/fetak/pico/pico-sdk/src/rp2_common/pico_printf/printf.c.obj
 .text._ftoa    0x0000000010002664      0x398 CMakeFiles/kyblRTOS.dir/home/fetak/pico/pico-sdk/src/rp2_common/pico_printf/printf.c.obj
 .text._vsnprintf
                0x00000000100029fc      0xb04 CMakeFiles/kyblRTOS.dir/home/fetak/pico/pico-sdk/src/rp2_common/pico_printf/printf.c.obj
 .text.vfctprintf
                0x0000000010003500       0x20 CMakeFiles/kyblRTOS.dir/home/fetak/pico/pico-sdk/src/rp2_common/pico_printf/printf.c.obj
                0x0000000010003500                vfctprintf
 .text.weak_raw_vprintf
                0x0000000010003520       0x30 CMakeFiles/kyblRTOS.dir/home/fetak/pico/pico-sdk/src/rp2_common/pico_printf/printf.c.obj
                0x0000000010003520                weak_raw_vprintf
 .text          0x0000000010003550       0x10 CMakeFiles/kyblRTOS.dir/home/fetak/pico/pico-sdk/src/rp2_common/pico_bit_ops/bit_ops_aeabi.S.obj
 .text.rom_func_lookup
                0x0000000010003560       0x10 CMakeFiles/kyblRTOS.dir/home/fetak/pico/pico-sdk/src/rp2_common/pico_bootrom/bootrom.c.obj
                0x0000000010003560                rom_func_lookup
 .text.rom_data_lookup
                0x0000000010003570       0x10 CMakeFiles/kyblRTOS.dir/home/fetak/pico/pico-sdk/src/rp2_common/pico_bootrom/bootrom.c.obj
                0x0000000010003570                rom_data_lookup
 .text.rom_funcs_lookup
                0x0000000010003580       0x44 CMakeFiles/kyblRTOS.dir/home/fetak/pico/pico-sdk/src/rp2_common/pico_bootrom/bootrom.c.obj
                0x0000000010003580                rom_funcs_lookup
 .text.__wrap___aeabi_idiv
                0x00000000100035c4       0x50 CMakeFiles/kyblRTOS.dir/home/fetak/pico/pico-sdk/src/rp2_common/pico_divider/divider.S.obj
                0x00000000100035c4                __wrap___aeabi_idivmod
                0x00000000100035c4                divmod_s32s32
                0x00000000100035c4                div_s32s32
                0x00000000100035c4                __wrap___aeabi_idiv
                0x00000000100035cc                divmod_s32s32_unsafe
                0x00000000100035f8                divmod_s32s32_savestate
 .text.__wrap___aeabi_uidiv
                0x0000000010003614       0x4c CMakeFiles/kyblRTOS.dir/home/fetak/pico/pico-sdk/src/rp2_common/pico_divider/divider.S.obj
                0x0000000010003614                __wrap___aeabi_uidiv
                0x0000000010003614                __wrap___aeabi_uidivmod
                0x0000000010003614                div_u32u32
                0x0000000010003614                divmod_u32u32
                0x000000001000361c                divmod_u32u32_unsafe
                0x0000000010003644                divmod_u32u32_savestate
 .text.__wrap___aeabi_ldiv
                0x0000000010003660      0x424 CMakeFiles/kyblRTOS.dir/home/fetak/pico/pico-sdk/src/rp2_common/pico_divider/divider.S.obj
                0x0000000010003660                div_s64s64
                0x0000000010003660                divmod_s64s64
                0x0000000010003660                __wrap___aeabi_ldivmod
                0x0000000010003690                div_u64u64
                0x0000000010003690                divmod_u64u64
                0x0000000010003690                __wrap___aeabi_uldivmod
                0x00000000100036a0                divmod_u64u64_savestate
                0x00000000100036c0                divmod_s64s64_unsafe
                0x0000000010003748                divmod_u64u64_unsafe
 .text.__wrap___aeabi_darithmetic
                0x0000000010003a84       0x80 CMakeFiles/kyblRTOS.dir/home/fetak/pico/pico-sdk/src/rp2_common/pico_double/double_aeabi.S.obj
                0x0000000010003a84                __wrap___aeabi_drsub
                0x0000000010003a8a                __wrap___aeabi_dsub
                0x0000000010003a9c                __wrap___aeabi_dadd
                0x0000000010003aae                __wrap___aeabi_ddiv
                0x0000000010003aea                __wrap___aeabi_dmul
 .text.__wrap___aeabi_cdcmple
                0x0000000010003b04       0x6c CMakeFiles/kyblRTOS.dir/home/fetak/pico/pico-sdk/src/rp2_common/pico_double/double_aeabi.S.obj
                0x0000000010003b04                __wrap___aeabi_cdrcmple
                0x0000000010003b14                __wrap___aeabi_cdcmple
                0x0000000010003b14                __wrap___aeabi_cdcmpeq
 .text.__wrap___aeabi_dcmplt
                0x0000000010003b70        0xc CMakeFiles/kyblRTOS.dir/home/fetak/pico/pico-sdk/src/rp2_common/pico_double/double_aeabi.S.obj
                0x0000000010003b70                __wrap___aeabi_dcmplt
 .text.__wrap___aeabi_dcmple
                0x0000000010003b7c       0x10 CMakeFiles/kyblRTOS.dir/home/fetak/pico/pico-sdk/src/rp2_common/pico_double/double_aeabi.S.obj
                0x0000000010003b7c                __wrap___aeabi_dcmple
 .text.__wrap___aeabi_dcmpge
                0x0000000010003b8c       0x10 CMakeFiles/kyblRTOS.dir/home/fetak/pico/pico-sdk/src/rp2_common/pico_double/double_aeabi.S.obj
                0x0000000010003b8c                __wrap___aeabi_dcmpge
 .text.__wrap___aeabi_dcmpgt
                0x0000000010003b9c        0xa CMakeFiles/kyblRTOS.dir/home/fetak/pico/pico-sdk/src/rp2_common/pico_double/double_aeabi.S.obj
                0x0000000010003b9c                __wrap___aeabi_dcmpgt
 .text.__wrap___aeabi_dcmpun
                0x0000000010003ba6       0x1c CMakeFiles/kyblRTOS.dir/home/fetak/pico/pico-sdk/src/rp2_common/pico_double/double_aeabi.S.obj
                0x0000000010003ba6                __wrap___aeabi_dcmpun
 *fill*         0x0000000010003bc2        0x2 
 .text.__wrap___aeabi_i2d
                0x0000000010003bc4       0x38 CMakeFiles/kyblRTOS.dir/home/fetak/pico/pico-sdk/src/rp2_common/pico_double/double_aeabi.S.obj
                0x0000000010003bc4                __wrap___aeabi_ui2d
                0x0000000010003bcc                __wrap___aeabi_i2d
 .text.__wrap___aeabi_d2iz
                0x0000000010003bfc       0x48 CMakeFiles/kyblRTOS.dir/home/fetak/pico/pico-sdk/src/rp2_common/pico_double/double_aeabi.S.obj
                0x0000000010003bfc                __wrap___aeabi_d2iz
                0x0000000010003bfc                double2int_z
 .text.__wrap___aeabi_d2uiz
                0x0000000010003c44       0x18 CMakeFiles/kyblRTOS.dir/home/fetak/pico/pico-sdk/src/rp2_common/pico_double/double_aeabi.S.obj
                0x0000000010003c44                double2uint
                0x0000000010003c44                __wrap___aeabi_d2uiz
 .text.__aeabi_double_init
                0x0000000010003c5c       0x94 CMakeFiles/kyblRTOS.dir/home/fetak/pico/pico-sdk/src/rp2_common/pico_double/double_init_rom.c.obj
                0x0000000010003c5c                __aeabi_double_init
 .text.double_table_shim_on_use_helper
                0x0000000010003cf0       0x2c CMakeFiles/kyblRTOS.dir/home/fetak/pico/pico-sdk/src/rp2_common/pico_double/double_v1_rom_shim.S.obj
                0x0000000010003cf0                double_table_shim_on_use_helper
 .text.__wrap___aeabi_dsub
                0x0000000010003d1c       0x10 CMakeFiles/kyblRTOS.dir/home/fetak/pico/pico-sdk/src/rp2_common/pico_double/double_v1_rom_shim.S.obj
                0x0000000010003d1c                drsub_shim
                0x0000000010003d22                dsub_shim
 .text.dadd_shim
                0x0000000010003d2c      0x15c CMakeFiles/kyblRTOS.dir/home/fetak/pico/pico-sdk/src/rp2_common/pico_double/double_v1_rom_shim.S.obj
                0x0000000010003d2c                dadd_shim
 .text.dmul_shim
                0x0000000010003e88      0x15c CMakeFiles/kyblRTOS.dir/home/fetak/pico/pico-sdk/src/rp2_common/pico_double/double_v1_rom_shim.S.obj
                0x0000000010003e88                dmul_shim
 .text.ddiv_shim
                0x0000000010003fe4      0x1b0 CMakeFiles/kyblRTOS.dir/home/fetak/pico/pico-sdk/src/rp2_common/pico_double/double_v1_rom_shim.S.obj
                0x0000000010003fe4                ddiv_shim
 .text.double2uint_shim
                0x0000000010004194        0xe CMakeFiles/kyblRTOS.dir/home/fetak/pico/pico-sdk/src/rp2_common/pico_double/double_v1_rom_shim.S.obj
                0x0000000010004194                double2uint_shim
                0x0000000010004196                double2ufix_shim
 *fill*         0x00000000100041a2        0x2 
 .text.double2uint64_shim
                0x00000000100041a4       0x70 CMakeFiles/kyblRTOS.dir/home/fetak/pico/pico-sdk/src/rp2_common/pico_double/double_v1_rom_shim.S.obj
                0x00000000100041a4                double2uint64_shim
                0x00000000100041a6                double2ufix64_shim
                0x00000000100041c6                d2fix_a
 .text.dunpacks
                0x0000000010004214       0x3c CMakeFiles/kyblRTOS.dir/home/fetak/pico/pico-sdk/src/rp2_common/pico_double/double_v1_rom_shim.S.obj
                0x0000000010004214                dunpacks
 .text.__aeabi_lmul
                0x0000000010004250       0x32 CMakeFiles/kyblRTOS.dir/home/fetak/pico/pico-sdk/src/rp2_common/pico_int64_ops/pico_int64_ops_aeabi.S.obj
                0x0000000010004250                __wrap___aeabi_lmul
 *fill*         0x0000000010004282        0x2 
 .text.__aeabi_float_init
                0x0000000010004284       0x64 CMakeFiles/kyblRTOS.dir/home/fetak/pico/pico-sdk/src/rp2_common/pico_float/float_init_rom.c.obj
                0x0000000010004284                __aeabi_float_init
 .text.float_table_shim_on_use_helper
                0x00000000100042e8       0x2c CMakeFiles/kyblRTOS.dir/home/fetak/pico/pico-sdk/src/rp2_common/pico_float/float_v1_rom_shim.S.obj
                0x00000000100042e8                float_table_shim_on_use_helper
 .text          0x0000000010004314       0x10 CMakeFiles/kyblRTOS.dir/home/fetak/pico/pico-sdk/src/rp2_common/pico_mem_ops/mem_ops_aeabi.S.obj
                0x0000000010004314                __aeabi_mem_init
 .text.memset   0x0000000010004324        0xc CMakeFiles/kyblRTOS.dir/home/fetak/pico/pico-sdk/src/rp2_common/pico_mem_ops/mem_ops_aeabi.S.obj
                0x0000000010004324                __wrap_memset
 .text.memcpy   0x0000000010004330        0xc CMakeFiles/kyblRTOS.dir/home/fetak/pico/pico-sdk/src/rp2_common/pico_mem_ops/mem_ops_aeabi.S.obj
                0x0000000010004330                __wrap___aeabi_memcpy
                0x0000000010004330                __wrap_memcpy
 .text.stdio_out_chars_no_crlf
                0x000000001000433c       0x10 CMakeFiles/kyblRTOS.dir/home/fetak/pico/pico-sdk/src/rp2_common/pico_stdio/stdio.c.obj
 .text.stdio_out_chars_crlf
                0x000000001000434c       0xb4 CMakeFiles/kyblRTOS.dir/home/fetak/pico/pico-sdk/src/rp2_common/pico_stdio/stdio.c.obj
 .text.stdio_buffered_printer
                0x0000000010004400       0x64 CMakeFiles/kyblRTOS.dir/home/fetak/pico/pico-sdk/src/rp2_common/pico_stdio/stdio.c.obj
 .text.stdio_put_string.isra.0
                0x0000000010004464       0xfc CMakeFiles/kyblRTOS.dir/home/fetak/pico/pico-sdk/src/rp2_common/pico_stdio/stdio.c.obj
 .text.__wrap_putchar
                0x0000000010004560       0x98 CMakeFiles/kyblRTOS.dir/home/fetak/pico/pico-sdk/src/rp2_common/pico_stdio/stdio.c.obj
                0x0000000010004560                __wrap_putchar
 .text.__wrap_puts
                0x00000000100045f8       0x3c CMakeFiles/kyblRTOS.dir/home/fetak/pico/pico-sdk/src/rp2_common/pico_stdio/stdio.c.obj
                0x00000000100045f8                __wrap_puts
 .text._read    0x0000000010004634       0x94 CMakeFiles/kyblRTOS.dir/home/fetak/pico/pico-sdk/src/rp2_common/pico_stdio/stdio.c.obj
                0x0000000010004634                _read
 .text._write   0x00000000100046c8       0xac CMakeFiles/kyblRTOS.dir/home/fetak/pico/pico-sdk/src/rp2_common/pico_stdio/stdio.c.obj
                0x00000000100046c8                _write
 .text._close   0x0000000010004774        0x8 CMakeFiles/kyblRTOS.dir/home/fetak/pico/pico-sdk/src/rp2_common/pico_stdio/stdio.c.obj
                0x0000000010004774                _close
 .text._lseek   0x000000001000477c        0x8 CMakeFiles/kyblRTOS.dir/home/fetak/pico/pico-sdk/src/rp2_common/pico_stdio/stdio.c.obj
                0x000000001000477c                _lseek
 .text.stdio_set_driver_enabled
                0x0000000010004784       0x30 CMakeFiles/kyblRTOS.dir/home/fetak/pico/pico-sdk/src/rp2_common/pico_stdio/stdio.c.obj
                0x0000000010004784                stdio_set_driver_enabled
 .text.__wrap_vprintf
                0x00000000100047b4       0xd8 CMakeFiles/kyblRTOS.dir/home/fetak/pico/pico-sdk/src/rp2_common/pico_stdio/stdio.c.obj
                0x00000000100047b4                __wrap_vprintf
 .text.__wrap_printf
                0x000000001000488c       0x18 CMakeFiles/kyblRTOS.dir/home/fetak/pico/pico-sdk/src/rp2_common/pico_stdio/stdio.c.obj
                0x000000001000488c                __wrap_printf
 .text.stdio_init_all
                0x00000000100048a4        0x8 CMakeFiles/kyblRTOS.dir/home/fetak/pico/pico-sdk/src/rp2_common/pico_stdio/stdio.c.obj
                0x00000000100048a4                stdio_init_all
 .text.getchar_timeout_us
                0x00000000100048ac       0x98 CMakeFiles/kyblRTOS.dir/home/fetak/pico/pico-sdk/src/rp2_common/pico_stdio/stdio.c.obj
                0x00000000100048ac                getchar_timeout_us
 .text.resetd_init
                0x0000000010004944        0x4 CMakeFiles/kyblRTOS.dir/home/fetak/pico/pico-sdk/src/rp2_common/pico_stdio_usb/reset_interface.c.obj
 .text.resetd_reset
                0x0000000010004948        0xc CMakeFiles/kyblRTOS.dir/home/fetak/pico/pico-sdk/src/rp2_common/pico_stdio_usb/reset_interface.c.obj
 .text.resetd_open
                0x0000000010004954       0x28 CMakeFiles/kyblRTOS.dir/home/fetak/pico/pico-sdk/src/rp2_common/pico_stdio_usb/reset_interface.c.obj
 .text.resetd_xfer_cb
                0x000000001000497c        0x4 CMakeFiles/kyblRTOS.dir/home/fetak/pico/pico-sdk/src/rp2_common/pico_stdio_usb/reset_interface.c.obj
 .text.resetd_control_xfer_cb
                0x0000000010004980       0x64 CMakeFiles/kyblRTOS.dir/home/fetak/pico/pico-sdk/src/rp2_common/pico_stdio_usb/reset_interface.c.obj
 .text.usbd_app_driver_get_cb
                0x00000000100049e4        0xc CMakeFiles/kyblRTOS.dir/home/fetak/pico/pico-sdk/src/rp2_common/pico_stdio_usb/reset_interface.c.obj
                0x00000000100049e4                usbd_app_driver_get_cb
 .text.tud_cdc_line_coding_cb
                0x00000000100049f0       0x34 CMakeFiles/kyblRTOS.dir/home/fetak/pico/pico-sdk/src/rp2_common/pico_stdio_usb/reset_interface.c.obj
                0x00000000100049f0                tud_cdc_line_coding_cb
 .text.stdio_usb_set_chars_available_callback
                0x0000000010004a24       0x14 CMakeFiles/kyblRTOS.dir/home/fetak/pico/pico-sdk/src/rp2_common/pico_stdio_usb/stdio_usb.c.obj
                0x0000000010004a24                stdio_usb_set_chars_available_callback
 .text.usb_irq  0x0000000010004a38       0x10 CMakeFiles/kyblRTOS.dir/home/fetak/pico/pico-sdk/src/rp2_common/pico_stdio_usb/stdio_usb.c.obj
 .text.timer_task
                0x0000000010004a48       0x54 CMakeFiles/kyblRTOS.dir/home/fetak/pico/pico-sdk/src/rp2_common/pico_stdio_usb/stdio_usb.c.obj
 .text.stdio_usb_in_chars
                0x0000000010004a9c       0x90 CMakeFiles/kyblRTOS.dir/home/fetak/pico/pico-sdk/src/rp2_common/pico_stdio_usb/stdio_usb.c.obj
                0x0000000010004a9c                stdio_usb_in_chars
 .text.stdio_usb_out_chars
                0x0000000010004b2c      0x100 CMakeFiles/kyblRTOS.dir/home/fetak/pico/pico-sdk/src/rp2_common/pico_stdio_usb/stdio_usb.c.obj
 .text.low_priority_worker_irq
                0x0000000010004c2c       0xa8 CMakeFiles/kyblRTOS.dir/home/fetak/pico/pico-sdk/src/rp2_common/pico_stdio_usb/stdio_usb.c.obj
 .text.tud_cdc_rx_cb
                0x0000000010004cd4       0x20 CMakeFiles/kyblRTOS.dir/home/fetak/pico/pico-sdk/src/rp2_common/pico_stdio_usb/stdio_usb.c.obj
                0x0000000010004cd4                tud_cdc_rx_cb
 .text.stdio_usb_init
                0x0000000010004cf4       0xdc CMakeFiles/kyblRTOS.dir/home/fetak/pico/pico-sdk/src/rp2_common/pico_stdio_usb/stdio_usb.c.obj
                0x0000000010004cf4                stdio_usb_init
 .text.tud_descriptor_device_cb
                0x0000000010004dd0        0x8 CMakeFiles/kyblRTOS.dir/home/fetak/pico/pico-sdk/src/rp2_common/pico_stdio_usb/stdio_usb_descriptors.c.obj
                0x0000000010004dd0                tud_descriptor_device_cb
 .text.tud_descriptor_configuration_cb
                0x0000000010004dd8        0x8 CMakeFiles/kyblRTOS.dir/home/fetak/pico/pico-sdk/src/rp2_common/pico_stdio_usb/stdio_usb_descriptors.c.obj
                0x0000000010004dd8                tud_descriptor_configuration_cb
 .text.tud_descriptor_string_cb
                0x0000000010004de0       0x74 CMakeFiles/kyblRTOS.dir/home/fetak/pico/pico-sdk/src/rp2_common/pico_stdio_usb/stdio_usb_descriptors.c.obj
                0x0000000010004de0                tud_descriptor_string_cb
 .text.startup._retrieve_unique_id_on_boot
                0x0000000010004e54       0x10 CMakeFiles/kyblRTOS.dir/home/fetak/pico/pico-sdk/src/rp2_common/pico_unique_id/unique_id.c.obj
 .text.pico_get_unique_board_id_string
                0x0000000010004e64      0x1a8 CMakeFiles/kyblRTOS.dir/home/fetak/pico/pico-sdk/src/rp2_common/pico_unique_id/unique_id.c.obj
                0x0000000010004e64                pico_get_unique_board_id_string
 .text.flash_get_unique_id
                0x000000001000500c       0x40 CMakeFiles/kyblRTOS.dir/home/fetak/pico/pico-sdk/src/rp2_common/hardware_flash/flash.c.obj
                0x000000001000500c                flash_get_unique_id
 .text.dcd_int_enable
                0x000000001000504c        0xc CMakeFiles/kyblRTOS.dir/home/fetak/pico/pico-sdk/lib/tinyusb/src/portable/raspberrypi/rp2040/dcd_rp2040.c.obj
                0x000000001000504c                dcd_int_enable
 .text.dcd_set_address
                0x0000000010005058       0x14 CMakeFiles/kyblRTOS.dir/home/fetak/pico/pico-sdk/lib/tinyusb/src/portable/raspberrypi/rp2040/dcd_rp2040.c.obj
                0x0000000010005058                dcd_set_address
 .text.dcd_connect
                0x000000001000506c       0x10 CMakeFiles/kyblRTOS.dir/home/fetak/pico/pico-sdk/lib/tinyusb/src/portable/raspberrypi/rp2040/dcd_rp2040.c.obj
                0x000000001000506c                dcd_connect
 .text.dcd_init
                0x000000001000507c       0x98 CMakeFiles/kyblRTOS.dir/home/fetak/pico/pico-sdk/lib/tinyusb/src/portable/raspberrypi/rp2040/dcd_rp2040.c.obj
                0x000000001000507c                dcd_init
 .text.dcd_edpt0_status_complete
                0x0000000010005114       0x1c CMakeFiles/kyblRTOS.dir/home/fetak/pico/pico-sdk/lib/tinyusb/src/portable/raspberrypi/rp2040/dcd_rp2040.c.obj
                0x0000000010005114                dcd_edpt0_status_complete
 .text.dcd_edpt_open
                0x0000000010005130      0x108 CMakeFiles/kyblRTOS.dir/home/fetak/pico/pico-sdk/lib/tinyusb/src/portable/raspberrypi/rp2040/dcd_rp2040.c.obj
                0x0000000010005130                dcd_edpt_open
 .text.dcd_edpt_close_all
                0x0000000010005238        0x8 CMakeFiles/kyblRTOS.dir/home/fetak/pico/pico-sdk/lib/tinyusb/src/portable/raspberrypi/rp2040/dcd_rp2040.c.obj
                0x0000000010005238                dcd_edpt_close_all
 .text.dcd_edpt_xfer
                0x0000000010005240       0x24 CMakeFiles/kyblRTOS.dir/home/fetak/pico/pico-sdk/lib/tinyusb/src/portable/raspberrypi/rp2040/dcd_rp2040.c.obj
                0x0000000010005240                dcd_edpt_xfer
 .text.dcd_edpt_stall
                0x0000000010005264       0x38 CMakeFiles/kyblRTOS.dir/home/fetak/pico/pico-sdk/lib/tinyusb/src/portable/raspberrypi/rp2040/dcd_rp2040.c.obj
                0x0000000010005264                dcd_edpt_stall
 .text.dcd_edpt_clear_stall
                0x000000001000529c       0x30 CMakeFiles/kyblRTOS.dir/home/fetak/pico/pico-sdk/lib/tinyusb/src/portable/raspberrypi/rp2040/dcd_rp2040.c.obj
                0x000000001000529c                dcd_edpt_clear_stall
 .text.rp2040_usb_init
                0x00000000100052cc       0x4c CMakeFiles/kyblRTOS.dir/home/fetak/pico/pico-sdk/lib/tinyusb/src/portable/raspberrypi/rp2040/rp2040_usb.c.obj
                0x00000000100052cc                rp2040_usb_init
 .text.hw_endpoint_xfer_start
                0x0000000010005318       0x50 CMakeFiles/kyblRTOS.dir/home/fetak/pico/pico-sdk/lib/tinyusb/src/portable/raspberrypi/rp2040/rp2040_usb.c.obj
                0x0000000010005318                hw_endpoint_xfer_start
 .text.tud_mounted
                0x0000000010005368       0x10 CMakeFiles/kyblRTOS.dir/home/fetak/pico/pico-sdk/lib/tinyusb/src/device/usbd.c.obj
                0x0000000010005368                tud_mounted
 .text.tud_suspended
                0x0000000010005378       0x10 CMakeFiles/kyblRTOS.dir/home/fetak/pico/pico-sdk/lib/tinyusb/src/device/usbd.c.obj
                0x0000000010005378                tud_suspended
 .text.tud_inited
                0x0000000010005388       0x14 CMakeFiles/kyblRTOS.dir/home/fetak/pico/pico-sdk/lib/tinyusb/src/device/usbd.c.obj
                0x0000000010005388                tud_inited
 .text.tud_init
                0x000000001000539c       0xe4 CMakeFiles/kyblRTOS.dir/home/fetak/pico/pico-sdk/lib/tinyusb/src/device/usbd.c.obj
                0x000000001000539c                tud_init
 .text.tud_task_ext
                0x0000000010005480      0x854 CMakeFiles/kyblRTOS.dir/home/fetak/pico/pico-sdk/lib/tinyusb/src/device/usbd.c.obj
                0x0000000010005480                tud_task_ext
 .text.usbd_open_edpt_pair
                0x0000000010005cd4       0x9c CMakeFiles/kyblRTOS.dir/home/fetak/pico/pico-sdk/lib/tinyusb/src/device/usbd.c.obj
                0x0000000010005cd4                usbd_open_edpt_pair
 .text.usbd_defer_func
                0x0000000010005d70       0x48 CMakeFiles/kyblRTOS.dir/home/fetak/pico/pico-sdk/lib/tinyusb/src/device/usbd.c.obj
                0x0000000010005d70                usbd_defer_func
 .text.usbd_edpt_open
                0x0000000010005db8       0x34 CMakeFiles/kyblRTOS.dir/home/fetak/pico/pico-sdk/lib/tinyusb/src/device/usbd.c.obj
                0x0000000010005db8                usbd_edpt_open
 .text.usbd_edpt_claim
                0x0000000010005dec       0x28 CMakeFiles/kyblRTOS.dir/home/fetak/pico/pico-sdk/lib/tinyusb/src/device/usbd.c.obj
                0x0000000010005dec                usbd_edpt_claim
 .text.usbd_edpt_release
                0x0000000010005e14       0x28 CMakeFiles/kyblRTOS.dir/home/fetak/pico/pico-sdk/lib/tinyusb/src/device/usbd.c.obj
                0x0000000010005e14                usbd_edpt_release
 .text.usbd_edpt_xfer
                0x0000000010005e3c       0x4c CMakeFiles/kyblRTOS.dir/home/fetak/pico/pico-sdk/lib/tinyusb/src/device/usbd.c.obj
                0x0000000010005e3c                usbd_edpt_xfer
 .text.tud_control_status
                0x0000000010005e88       0x30 CMakeFiles/kyblRTOS.dir/home/fetak/pico/pico-sdk/lib/tinyusb/src/device/usbd_control.c.obj
                0x0000000010005e88                tud_control_status
 .text.tud_control_xfer
                0x0000000010005eb8       0xbc CMakeFiles/kyblRTOS.dir/home/fetak/pico/pico-sdk/lib/tinyusb/src/device/usbd_control.c.obj
                0x0000000010005eb8                tud_control_xfer
 .text.usbd_control_reset
                0x0000000010005f74       0x14 CMakeFiles/kyblRTOS.dir/home/fetak/pico/pico-sdk/lib/tinyusb/src/device/usbd_control.c.obj
                0x0000000010005f74                usbd_control_reset
 .text.usbd_control_set_complete_callback
                0x0000000010005f88        0xc CMakeFiles/kyblRTOS.dir/home/fetak/pico/pico-sdk/lib/tinyusb/src/device/usbd_control.c.obj
                0x0000000010005f88                usbd_control_set_complete_callback
 .text.usbd_control_set_request
                0x0000000010005f94       0x1c CMakeFiles/kyblRTOS.dir/home/fetak/pico/pico-sdk/lib/tinyusb/src/device/usbd_control.c.obj
                0x0000000010005f94                usbd_control_set_request
 .text.usbd_control_xfer_cb
                0x0000000010005fb0       0xfc CMakeFiles/kyblRTOS.dir/home/fetak/pico/pico-sdk/lib/tinyusb/src/device/usbd_control.c.obj
                0x0000000010005fb0                usbd_control_xfer_cb
 .text.tud_cdc_n_connected
                0x00000000100060ac       0x30 CMakeFiles/kyblRTOS.dir/home/fetak/pico/pico-sdk/lib/tinyusb/src/class/cdc/cdc_device.c.obj
                0x00000000100060ac                tud_cdc_n_connected
 .text.tud_cdc_n_available
                0x00000000100060dc       0x18 CMakeFiles/kyblRTOS.dir/home/fetak/pico/pico-sdk/lib/tinyusb/src/class/cdc/cdc_device.c.obj
                0x00000000100060dc                tud_cdc_n_available
 .text.tud_cdc_n_read
                0x00000000100060f4       0x70 CMakeFiles/kyblRTOS.dir/home/fetak/pico/pico-sdk/lib/tinyusb/src/class/cdc/cdc_device.c.obj
                0x00000000100060f4                tud_cdc_n_read
 .text.tud_cdc_n_write_flush
                0x0000000010006164       0x78 CMakeFiles/kyblRTOS.dir/home/fetak/pico/pico-sdk/lib/tinyusb/src/class/cdc/cdc_device.c.obj
                0x0000000010006164                tud_cdc_n_write_flush
 .text.tud_cdc_n_write
                0x00000000100061dc       0x34 CMakeFiles/kyblRTOS.dir/home/fetak/pico/pico-sdk/lib/tinyusb/src/class/cdc/cdc_device.c.obj
                0x00000000100061dc                tud_cdc_n_write
 .text.tud_cdc_n_write_available
                0x0000000010006210       0x18 CMakeFiles/kyblRTOS.dir/home/fetak/pico/pico-sdk/lib/tinyusb/src/class/cdc/cdc_device.c.obj
                0x0000000010006210                tud_cdc_n_write_available
 .text.cdcd_init
                0x0000000010006228       0x7c CMakeFiles/kyblRTOS.dir/home/fetak/pico/pico-sdk/lib/tinyusb/src/class/cdc/cdc_device.c.obj
                0x0000000010006228                cdcd_init
 .text.cdcd_reset
                0x00000000100062a4       0x2c CMakeFiles/kyblRTOS.dir/home/fetak/pico/pico-sdk/lib/tinyusb/src/class/cdc/cdc_device.c.obj
                0x00000000100062a4                cdcd_reset
 .text.cdcd_open
                0x00000000100062d0       0xe8 CMakeFiles/kyblRTOS.dir/home/fetak/pico/pico-sdk/lib/tinyusb/src/class/cdc/cdc_device.c.obj
                0x00000000100062d0                cdcd_open
 .text.cdcd_control_xfer_cb
                0x00000000100063b8       0xe4 CMakeFiles/kyblRTOS.dir/home/fetak/pico/pico-sdk/lib/tinyusb/src/class/cdc/cdc_device.c.obj
                0x00000000100063b8                cdcd_control_xfer_cb
 .text.cdcd_xfer_cb
                0x000000001000649c      0x148 CMakeFiles/kyblRTOS.dir/home/fetak/pico/pico-sdk/lib/tinyusb/src/class/cdc/cdc_device.c.obj
                0x000000001000649c                cdcd_xfer_cb
 .text.tusb_init
                0x00000000100065e4        0xc CMakeFiles/kyblRTOS.dir/home/fetak/pico/pico-sdk/lib/tinyusb/src/tusb.c.obj
                0x00000000100065e4                tusb_init
 .text.tusb_inited
                0x00000000100065f0        0x8 CMakeFiles/kyblRTOS.dir/home/fetak/pico/pico-sdk/lib/tinyusb/src/tusb.c.obj
                0x00000000100065f0                tusb_inited
 .text.tu_edpt_claim
                0x00000000100065f8       0x50 CMakeFiles/kyblRTOS.dir/home/fetak/pico/pico-sdk/lib/tinyusb/src/tusb.c.obj
                0x00000000100065f8                tu_edpt_claim
 .text.tu_edpt_release
                0x0000000010006648       0x38 CMakeFiles/kyblRTOS.dir/home/fetak/pico/pico-sdk/lib/tinyusb/src/tusb.c.obj
                0x0000000010006648                tu_edpt_release
 .text.tu_edpt_validate
                0x0000000010006680       0x78 CMakeFiles/kyblRTOS.dir/home/fetak/pico/pico-sdk/lib/tinyusb/src/tusb.c.obj
                0x0000000010006680                tu_edpt_validate
 .text.tu_edpt_bind_driver
                0x00000000100066f8       0x34 CMakeFiles/kyblRTOS.dir/home/fetak/pico/pico-sdk/lib/tinyusb/src/tusb.c.obj
                0x00000000100066f8                tu_edpt_bind_driver
 .text.tu_fifo_config
                0x000000001000672c       0x70 CMakeFiles/kyblRTOS.dir/home/fetak/pico/pico-sdk/lib/tinyusb/src/common/tusb_fifo.c.obj
                0x000000001000672c                tu_fifo_config
 .text.tu_fifo_count
                0x000000001000679c       0x2c CMakeFiles/kyblRTOS.dir/home/fetak/pico/pico-sdk/lib/tinyusb/src/common/tusb_fifo.c.obj
                0x000000001000679c                tu_fifo_count
 .text.tu_fifo_empty
                0x00000000100067c8       0x10 CMakeFiles/kyblRTOS.dir/home/fetak/pico/pico-sdk/lib/tinyusb/src/common/tusb_fifo.c.obj
                0x00000000100067c8                tu_fifo_empty
 .text.tu_fifo_remaining
                0x00000000100067d8       0x2c CMakeFiles/kyblRTOS.dir/home/fetak/pico/pico-sdk/lib/tinyusb/src/common/tusb_fifo.c.obj
                0x00000000100067d8                tu_fifo_remaining
 .text.tu_fifo_read
                0x0000000010006804       0xa0 CMakeFiles/kyblRTOS.dir/home/fetak/pico/pico-sdk/lib/tinyusb/src/common/tusb_fifo.c.obj
                0x0000000010006804                tu_fifo_read
 .text.tu_fifo_read_n
                0x00000000100068a4       0xec CMakeFiles/kyblRTOS.dir/home/fetak/pico/pico-sdk/lib/tinyusb/src/common/tusb_fifo.c.obj
                0x00000000100068a4                tu_fifo_read_n
 .text.tu_fifo_write
                0x0000000010006990       0x88 CMakeFiles/kyblRTOS.dir/home/fetak/pico/pico-sdk/lib/tinyusb/src/common/tusb_fifo.c.obj
                0x0000000010006990                tu_fifo_write
 .text.tu_fifo_write_n
                0x0000000010006a18      0x168 CMakeFiles/kyblRTOS.dir/home/fetak/pico/pico-sdk/lib/tinyusb/src/common/tusb_fifo.c.obj
                0x0000000010006a18                tu_fifo_write_n
 .text.tu_fifo_clear
                0x0000000010006b80       0x40 CMakeFiles/kyblRTOS.dir/home/fetak/pico/pico-sdk/lib/tinyusb/src/common/tusb_fifo.c.obj
                0x0000000010006b80                tu_fifo_clear
 .text.tu_fifo_set_overwritable
                0x0000000010006bc0       0x48 CMakeFiles/kyblRTOS.dir/home/fetak/pico/pico-sdk/lib/tinyusb/src/common/tusb_fifo.c.obj
                0x0000000010006bc0                tu_fifo_set_overwritable
 .text.pvPortMalloc
                0x0000000010006c08      0x118 CMakeFiles/kyblRTOS.dir/__/lib/FreeRTOS-Kernel/portable/MemMang/heap_4.c.obj
                0x0000000010006c08                pvPortMalloc
 .text.vPortFree
                0x0000000010006d20       0x8c CMakeFiles/kyblRTOS.dir/__/lib/FreeRTOS-Kernel/portable/MemMang/heap_4.c.obj
                0x0000000010006d20                vPortFree
 .text.vPortSVCHandler
                0x0000000010006dac        0x4 CMakeFiles/kyblRTOS.dir/__/lib/FreeRTOS-Kernel/portable/ThirdParty/GCC/RP2040/port.c.obj
                0x0000000010006dac                vPortSVCHandler
 .text.vPortStartFirstTask
                0x0000000010006db0       0x34 CMakeFiles/kyblRTOS.dir/__/lib/FreeRTOS-Kernel/portable/ThirdParty/GCC/RP2040/port.c.obj
 *fill*         0x0000000010006de4        0xc 
 .text.xPortPendSVHandler
                0x0000000010006df0       0x64 CMakeFiles/kyblRTOS.dir/__/lib/FreeRTOS-Kernel/portable/ThirdParty/GCC/RP2040/port.c.obj
                0x0000000010006df0                xPortPendSVHandler
 .text.prvFIFOInterruptHandler
                0x0000000010006e54       0x78 CMakeFiles/kyblRTOS.dir/__/lib/FreeRTOS-Kernel/portable/ThirdParty/GCC/RP2040/port.c.obj
 .text.prvTaskExitError
                0x0000000010006ecc        0x8 CMakeFiles/kyblRTOS.dir/__/lib/FreeRTOS-Kernel/portable/ThirdParty/GCC/RP2040/port.c.obj
 .text.pxPortInitialiseStack
                0x0000000010006ed4       0x20 CMakeFiles/kyblRTOS.dir/__/lib/FreeRTOS-Kernel/portable/ThirdParty/GCC/RP2040/port.c.obj
                0x0000000010006ed4                pxPortInitialiseStack
 .text.vPortYield
                0x0000000010006ef4       0x18 CMakeFiles/kyblRTOS.dir/__/lib/FreeRTOS-Kernel/portable/ThirdParty/GCC/RP2040/port.c.obj
                0x0000000010006ef4                vPortYield
 .text.vPortEnterCritical
                0x0000000010006f0c       0x18 CMakeFiles/kyblRTOS.dir/__/lib/FreeRTOS-Kernel/portable/ThirdParty/GCC/RP2040/port.c.obj
                0x0000000010006f0c                vPortEnterCritical
 .text.vPortExitCritical
                0x0000000010006f24       0x34 CMakeFiles/kyblRTOS.dir/__/lib/FreeRTOS-Kernel/portable/ThirdParty/GCC/RP2040/port.c.obj
                0x0000000010006f24                vPortExitCritical
 .text.ulSetInterruptMaskFromISR
                0x0000000010006f58        0x8 CMakeFiles/kyblRTOS.dir/__/lib/FreeRTOS-Kernel/portable/ThirdParty/GCC/RP2040/port.c.obj
                0x0000000010006f58                ulSetInterruptMaskFromISR
 .text.vClearInterruptMaskFromISR
                0x0000000010006f60        0x8 CMakeFiles/kyblRTOS.dir/__/lib/FreeRTOS-Kernel/portable/ThirdParty/GCC/RP2040/port.c.obj
                0x0000000010006f60                vClearInterruptMaskFromISR
 .text.xPortSysTickHandler
                0x0000000010006f68       0x24 CMakeFiles/kyblRTOS.dir/__/lib/FreeRTOS-Kernel/portable/ThirdParty/GCC/RP2040/port.c.obj
                0x0000000010006f68                xPortSysTickHandler
 .text.vPortSetupTimerInterrupt
                0x0000000010006f8c       0x34 CMakeFiles/kyblRTOS.dir/__/lib/FreeRTOS-Kernel/portable/ThirdParty/GCC/RP2040/port.c.obj
                0x0000000010006f8c                vPortSetupTimerInterrupt
 .text.xPortStartScheduler
                0x0000000010006fc0       0xa8 CMakeFiles/kyblRTOS.dir/__/lib/FreeRTOS-Kernel/portable/ThirdParty/GCC/RP2040/port.c.obj
                0x0000000010006fc0                xPortStartScheduler
 .text.ulPortLockGetCurrentOwnerId
                0x0000000010007068       0x2c CMakeFiles/kyblRTOS.dir/__/lib/FreeRTOS-Kernel/portable/ThirdParty/GCC/RP2040/port.c.obj
                0x0000000010007068                ulPortLockGetCurrentOwnerId
 .text.vPortLockInternalSpinUnlockWithNotify
                0x0000000010007094       0xc8 CMakeFiles/kyblRTOS.dir/__/lib/FreeRTOS-Kernel/portable/ThirdParty/GCC/RP2040/port.c.obj
                0x0000000010007094                vPortLockInternalSpinUnlockWithNotify
 .text.xPortLockInternalSpinUnlockWithBestEffortWaitOrTimeout
                0x000000001000715c       0xfc CMakeFiles/kyblRTOS.dir/__/lib/FreeRTOS-Kernel/portable/ThirdParty/GCC/RP2040/port.c.obj
                0x000000001000715c                xPortLockInternalSpinUnlockWithBestEffortWaitOrTimeout
 .text.startup.prvRuntimeInitializer
                0x0000000010007258       0x28 CMakeFiles/kyblRTOS.dir/__/lib/FreeRTOS-Kernel/portable/ThirdParty/GCC/RP2040/port.c.obj
 .text.vEventGroupSetBitsCallback
                0x0000000010007280       0x8c CMakeFiles/kyblRTOS.dir/__/lib/FreeRTOS-Kernel/event_groups.c.obj
                0x0000000010007280                vEventGroupSetBitsCallback
 .text.xEventGroupCreate
                0x000000001000730c       0x18 CMakeFiles/kyblRTOS.dir/__/lib/FreeRTOS-Kernel/event_groups.c.obj
                0x000000001000730c                xEventGroupCreate
 .text.xEventGroupWaitBits
                0x0000000010007324       0xb8 CMakeFiles/kyblRTOS.dir/__/lib/FreeRTOS-Kernel/event_groups.c.obj
                0x0000000010007324                xEventGroupWaitBits
 .text.xEventGroupSetBits
                0x00000000100073dc       0x90 CMakeFiles/kyblRTOS.dir/__/lib/FreeRTOS-Kernel/event_groups.c.obj
                0x00000000100073dc                xEventGroupSetBits
 .text.xEventGroupSetBitsFromISR
                0x000000001000746c       0x14 CMakeFiles/kyblRTOS.dir/__/lib/FreeRTOS-Kernel/event_groups.c.obj
                0x000000001000746c                xEventGroupSetBitsFromISR
 .text.vListInitialise
                0x0000000010007480       0x18 CMakeFiles/kyblRTOS.dir/__/lib/FreeRTOS-Kernel/list.c.obj
                0x0000000010007480                vListInitialise
 .text.vListInitialiseItem
                0x0000000010007498        0x8 CMakeFiles/kyblRTOS.dir/__/lib/FreeRTOS-Kernel/list.c.obj
                0x0000000010007498                vListInitialiseItem
 .text.vListInsertEnd
                0x00000000100074a0       0x18 CMakeFiles/kyblRTOS.dir/__/lib/FreeRTOS-Kernel/list.c.obj
                0x00000000100074a0                vListInsertEnd
 .text.vListInsert
                0x00000000100074b8       0x30 CMakeFiles/kyblRTOS.dir/__/lib/FreeRTOS-Kernel/list.c.obj
                0x00000000100074b8                vListInsert
 .text.uxListRemove
                0x00000000100074e8       0x24 CMakeFiles/kyblRTOS.dir/__/lib/FreeRTOS-Kernel/list.c.obj
                0x00000000100074e8                uxListRemove
 .text.prvUnlockQueue
                0x000000001000750c      0x148 CMakeFiles/kyblRTOS.dir/__/lib/FreeRTOS-Kernel/queue.c.obj
 .text.prvNotifyQueueSetContainer
                0x0000000010007654       0x9c CMakeFiles/kyblRTOS.dir/__/lib/FreeRTOS-Kernel/queue.c.obj
 .text.xQueueGenericCreate
                0x00000000100076f0       0xa0 CMakeFiles/kyblRTOS.dir/__/lib/FreeRTOS-Kernel/queue.c.obj
                0x00000000100076f0                xQueueGenericCreate
 .text.xQueueGenericSendFromISR
                0x0000000010007790      0x138 CMakeFiles/kyblRTOS.dir/__/lib/FreeRTOS-Kernel/queue.c.obj
                0x0000000010007790                xQueueGenericSendFromISR
 .text.xQueueReceive
                0x00000000100078c8      0x11c CMakeFiles/kyblRTOS.dir/__/lib/FreeRTOS-Kernel/queue.c.obj
                0x00000000100078c8                xQueueReceive
 .text.vQueueAddToRegistry
                0x00000000100079e4       0xec CMakeFiles/kyblRTOS.dir/__/lib/FreeRTOS-Kernel/queue.c.obj
                0x00000000100079e4                vQueueAddToRegistry
 .text.vQueueWaitForMessageRestricted
                0x0000000010007ad0       0x48 CMakeFiles/kyblRTOS.dir/__/lib/FreeRTOS-Kernel/queue.c.obj
                0x0000000010007ad0                vQueueWaitForMessageRestricted
 .text.prvIdleTask
                0x0000000010007b18       0x60 CMakeFiles/kyblRTOS.dir/__/lib/FreeRTOS-Kernel/tasks.c.obj
 .text.prvAddCurrentTaskToDelayedList
                0x0000000010007b78       0x94 CMakeFiles/kyblRTOS.dir/__/lib/FreeRTOS-Kernel/tasks.c.obj
 .text.xTaskIncrementTick.part.0
                0x0000000010007c0c      0x1a0 CMakeFiles/kyblRTOS.dir/__/lib/FreeRTOS-Kernel/tasks.c.obj
 .text.xTaskCreate
                0x0000000010007dac      0x280 CMakeFiles/kyblRTOS.dir/__/lib/FreeRTOS-Kernel/tasks.c.obj
                0x0000000010007dac                xTaskCreate
 .text.vTaskDelete
                0x000000001000802c       0xb8 CMakeFiles/kyblRTOS.dir/__/lib/FreeRTOS-Kernel/tasks.c.obj
                0x000000001000802c                vTaskDelete
 .text.vTaskStartScheduler
                0x00000000100080e4      0x1e0 CMakeFiles/kyblRTOS.dir/__/lib/FreeRTOS-Kernel/tasks.c.obj
                0x00000000100080e4                vTaskStartScheduler
 .text.vTaskSuspendAll
                0x00000000100082c4       0x10 CMakeFiles/kyblRTOS.dir/__/lib/FreeRTOS-Kernel/tasks.c.obj
                0x00000000100082c4                vTaskSuspendAll
 .text.xTaskResumeAll
                0x00000000100082d4      0x18c CMakeFiles/kyblRTOS.dir/__/lib/FreeRTOS-Kernel/tasks.c.obj
                0x00000000100082d4                xTaskResumeAll
 .text.vTaskDelay
                0x0000000010008460       0x78 CMakeFiles/kyblRTOS.dir/__/lib/FreeRTOS-Kernel/tasks.c.obj
                0x0000000010008460                vTaskDelay
 .text.xTaskGetTickCount
                0x00000000100084d8        0xc CMakeFiles/kyblRTOS.dir/__/lib/FreeRTOS-Kernel/tasks.c.obj
                0x00000000100084d8                xTaskGetTickCount
 .text.uxTaskGetNumberOfTasks
                0x00000000100084e4        0xc CMakeFiles/kyblRTOS.dir/__/lib/FreeRTOS-Kernel/tasks.c.obj
                0x00000000100084e4                uxTaskGetNumberOfTasks
 .text.xTaskIncrementTick
                0x00000000100084f0       0x24 CMakeFiles/kyblRTOS.dir/__/lib/FreeRTOS-Kernel/tasks.c.obj
                0x00000000100084f0                xTaskIncrementTick
 .text.vTaskSwitchContext
                0x0000000010008514       0x6c CMakeFiles/kyblRTOS.dir/__/lib/FreeRTOS-Kernel/tasks.c.obj
                0x0000000010008514                vTaskSwitchContext
 .text.vTaskPlaceOnEventList
                0x0000000010008580       0x98 CMakeFiles/kyblRTOS.dir/__/lib/FreeRTOS-Kernel/tasks.c.obj
                0x0000000010008580                vTaskPlaceOnEventList
 .text.vTaskPlaceOnUnorderedEventList
                0x0000000010008618       0xbc CMakeFiles/kyblRTOS.dir/__/lib/FreeRTOS-Kernel/tasks.c.obj
                0x0000000010008618                vTaskPlaceOnUnorderedEventList
 .text.vTaskPlaceOnEventListRestricted
                0x00000000100086d4       0xc4 CMakeFiles/kyblRTOS.dir/__/lib/FreeRTOS-Kernel/tasks.c.obj
                0x00000000100086d4                vTaskPlaceOnEventListRestricted
 .text.xTaskRemoveFromEventList
                0x0000000010008798       0xd8 CMakeFiles/kyblRTOS.dir/__/lib/FreeRTOS-Kernel/tasks.c.obj
                0x0000000010008798                xTaskRemoveFromEventList
 .text.vTaskRemoveFromUnorderedEventList
                0x0000000010008870       0x98 CMakeFiles/kyblRTOS.dir/__/lib/FreeRTOS-Kernel/tasks.c.obj
                0x0000000010008870                vTaskRemoveFromUnorderedEventList
 .text.vTaskInternalSetTimeOutState
                0x0000000010008908       0x18 CMakeFiles/kyblRTOS.dir/__/lib/FreeRTOS-Kernel/tasks.c.obj
                0x0000000010008908                vTaskInternalSetTimeOutState
 .text.xTaskCheckForTimeOut
                0x0000000010008920       0x74 CMakeFiles/kyblRTOS.dir/__/lib/FreeRTOS-Kernel/tasks.c.obj
                0x0000000010008920                xTaskCheckForTimeOut
 .text.vTaskMissedYield
                0x0000000010008994        0xc CMakeFiles/kyblRTOS.dir/__/lib/FreeRTOS-Kernel/tasks.c.obj
                0x0000000010008994                vTaskMissedYield
 .text.xTaskGetCurrentTaskHandle
                0x00000000100089a0        0xc CMakeFiles/kyblRTOS.dir/__/lib/FreeRTOS-Kernel/tasks.c.obj
                0x00000000100089a0                xTaskGetCurrentTaskHandle
 .text.xTaskPriorityDisinherit
                0x00000000100089ac       0x64 CMakeFiles/kyblRTOS.dir/__/lib/FreeRTOS-Kernel/tasks.c.obj
                0x00000000100089ac                xTaskPriorityDisinherit
 .text.uxTaskResetEventItemValue
                0x0000000010008a10       0x18 CMakeFiles/kyblRTOS.dir/__/lib/FreeRTOS-Kernel/tasks.c.obj
                0x0000000010008a10                uxTaskResetEventItemValue
 .text.ulTaskGenericNotifyTake
                0x0000000010008a28       0x7c CMakeFiles/kyblRTOS.dir/__/lib/FreeRTOS-Kernel/tasks.c.obj
                0x0000000010008a28                ulTaskGenericNotifyTake
 .text.xTaskGenericNotify
                0x0000000010008aa4       0xe8 CMakeFiles/kyblRTOS.dir/__/lib/FreeRTOS-Kernel/tasks.c.obj
                0x0000000010008aa4                xTaskGenericNotify
 .text.prvTimerTask
                0x0000000010008b8c      0x360 CMakeFiles/kyblRTOS.dir/__/lib/FreeRTOS-Kernel/timers.c.obj
 .text.xTimerCreateTimerTask
                0x0000000010008eec       0x8c CMakeFiles/kyblRTOS.dir/__/lib/FreeRTOS-Kernel/timers.c.obj
                0x0000000010008eec                xTimerCreateTimerTask
 .text.xTimerPendFunctionCallFromISR
                0x0000000010008f78       0x28 CMakeFiles/kyblRTOS.dir/__/lib/FreeRTOS-Kernel/timers.c.obj
                0x0000000010008f78                xTimerPendFunctionCallFromISR
 .text.exception_set_exclusive_handler
                0x0000000010008fa0       0x48 CMakeFiles/kyblRTOS.dir/home/fetak/pico/pico-sdk/src/rp2_common/hardware_exception/exception.c.obj
                0x0000000010008fa0                exception_set_exclusive_handler
 .text          0x0000000010008fe8      0x1c0 /usr/lib/gcc/arm-none-eabi/10.3.1/../../../arm-none-eabi/lib/thumb/v6-m/nofp/libc.a(lib_a-fflush.o)
                0x0000000010008fe8                __sflush_r
                0x0000000010009128                _fflush_r
                0x0000000010009154                fflush
 .text          0x00000000100091a8      0x248 /usr/lib/gcc/arm-none-eabi/10.3.1/../../../arm-none-eabi/lib/thumb/v6-m/nofp/libc.a(lib_a-findfp.o)
                0x00000000100091ac                _cleanup_r
                0x00000000100092a8                __sfmoreglue
                0x00000000100092d8                __sfp
                0x0000000010009388                _cleanup
                0x00000000100093a0                __sinit
                0x00000000100093b0                __sfp_lock_acquire
                0x00000000100093b4                __sfp_lock_release
                0x00000000100093b8                __sinit_lock_acquire
                0x00000000100093bc                __sinit_lock_release
                0x00000000100093c0                __fp_lock_all
                0x00000000100093d8                __fp_unlock_all
 .text          0x00000000100093f0      0x260 /usr/lib/gcc/arm-none-eabi/10.3.1/../../../arm-none-eabi/lib/thumb/v6-m/nofp/libc.a(lib_a-freer.o)
                0x00000000100093f0                _malloc_trim_r
                0x000000001000948c                _free_r
 .text          0x0000000010009650       0x88 /usr/lib/gcc/arm-none-eabi/10.3.1/../../../arm-none-eabi/lib/thumb/v6-m/nofp/libc.a(lib_a-fwalk.o)
                0x0000000010009650                _fwalk
                0x0000000010009690                _fwalk_reent
 .text          0x00000000100096d8      0x574 /usr/lib/gcc/arm-none-eabi/10.3.1/../../../arm-none-eabi/lib/thumb/v6-m/nofp/libc.a(lib_a-mallocr.o)
                0x00000000100096d8                _malloc_r
 .text          0x0000000010009c4c        0x8 /usr/lib/gcc/arm-none-eabi/10.3.1/../../../arm-none-eabi/lib/thumb/v6-m/nofp/libc.a(lib_a-mlock.o)
                0x0000000010009c4c                __malloc_lock
                0x0000000010009c50                __malloc_unlock
 .text          0x0000000010009c54       0x24 /usr/lib/gcc/arm-none-eabi/10.3.1/../../../arm-none-eabi/lib/thumb/v6-m/nofp/libc.a(lib_a-sbrkr.o)
                0x0000000010009c54                _sbrk_r
 .text          0x0000000010009c78       0xa4 /usr/lib/gcc/arm-none-eabi/10.3.1/../../../arm-none-eabi/lib/thumb/v6-m/nofp/libc.a(lib_a-stdio.o)
                0x0000000010009c78                __sread
                0x0000000010009ca0                __seofread
                0x0000000010009ca4                __swrite
                0x0000000010009ce4                __sseek
                0x0000000010009d10                __sclose
 .text          0x0000000010009d1c       0x88 /usr/lib/gcc/arm-none-eabi/10.3.1/../../../arm-none-eabi/lib/thumb/v6-m/nofp/libc.a(lib_a-strcmp.o)
                0x0000000010009d1c                strcmp
 .text          0x0000000010009da4       0x5c /usr/lib/gcc/arm-none-eabi/10.3.1/../../../arm-none-eabi/lib/thumb/v6-m/nofp/libc.a(lib_a-strlen-stub.o)
                0x0000000010009da4                strlen
 .text          0x0000000010009e00       0x14 /usr/lib/gcc/arm-none-eabi/10.3.1/../../../arm-none-eabi/lib/thumb/v6-m/nofp/libc.a(lib_a-strtok.o)
                0x0000000010009e00                strtok
 .text          0x0000000010009e14       0x78 /usr/lib/gcc/arm-none-eabi/10.3.1/../../../arm-none-eabi/lib/thumb/v6-m/nofp/libc.a(lib_a-strtok_r.o)
                0x0000000010009e14                __strtok_r
                0x0000000010009e80                strtok_r
 .text          0x0000000010009e8c       0x28 /usr/lib/gcc/arm-none-eabi/10.3.1/../../../arm-none-eabi/lib/thumb/v6-m/nofp/libc.a(lib_a-writer.o)
                0x0000000010009e8c                _write_r
 .text          0x0000000010009eb4       0x24 /usr/lib/gcc/arm-none-eabi/10.3.1/../../../arm-none-eabi/lib/thumb/v6-m/nofp/libc.a(lib_a-closer.o)
                0x0000000010009eb4                _close_r
 .text          0x0000000010009ed8       0xe8 /usr/lib/gcc/arm-none-eabi/10.3.1/../../../arm-none-eabi/lib/thumb/v6-m/nofp/libc.a(lib_a-fclose.o)
                0x0000000010009f48                _fclose_r
                0x0000000010009f80                fclose
 .text          0x0000000010009fc0       0x28 /usr/lib/gcc/arm-none-eabi/10.3.1/../../../arm-none-eabi/lib/thumb/v6-m/nofp/libc.a(lib_a-lseekr.o)
                0x0000000010009fc0                _lseek_r
 .text          0x0000000010009fe8       0x28 /usr/lib/gcc/arm-none-eabi/10.3.1/../../../arm-none-eabi/lib/thumb/v6-m/nofp/libc.a(lib_a-readr.o)
                0x0000000010009fe8                _read_r
 *(.fini)
 .fini          0x000000001000a010        0x4 /usr/lib/gcc/arm-none-eabi/10.3.1/thumb/v6-m/nofp/crti.o
                0x000000001000a010                _fini
 *fill*         0x000000001000a014        0x4 
 .fini.__stub   0x000000001000a018       0xd0 linker stubs
 *crtbegin.o(.ctors)
 *crtbegin?.o(.ctors)
 *(EXCLUDE_FILE(*crtend.o *crtend?.o) .ctors)
 *(SORT_BY_NAME(.ctors.*))
 *(.ctors)
 *crtbegin.o(.dtors)
 *crtbegin?.o(.dtors)
 *(EXCLUDE_FILE(*crtend.o *crtend?.o) .dtors)
 *(SORT_BY_NAME(.dtors.*))
 *(.dtors)
 *(.eh_frame*)
 .eh_frame      0x000000001000a0e8        0x0 /usr/lib/gcc/arm-none-eabi/10.3.1/thumb/v6-m/nofp/crtbegin.o
                0x000000001000a0e8                . = ALIGN (0x4)

.glue_7         0x000000001000a0e8        0x0
 .glue_7        0x000000001000a0e8        0x0 linker stubs

.glue_7t        0x000000001000a0e8        0x0
 .glue_7t       0x000000001000a0e8        0x0 linker stubs

.vfp11_veneer   0x000000001000a0e8        0x0
 .vfp11_veneer  0x000000001000a0e8        0x0 linker stubs

.v4_bx          0x000000001000a0e8        0x0
 .v4_bx         0x000000001000a0e8        0x0 linker stubs

.iplt           0x000000001000a0e8        0x0
 .iplt          0x000000001000a0e8        0x0 /usr/lib/gcc/arm-none-eabi/10.3.1/thumb/v6-m/nofp/crtbegin.o

.rodata         0x000000001000a0e8      0x744
 *(EXCLUDE_FILE(*libm.a: *libc.a:*lib_a-mem*.o *libgcc.a:) .rodata*)
 .rodata.blue_action_led.str1.4
                0x000000001000a0e8       0x3a CMakeFiles/kyblRTOS.dir/main.c.obj
 *fill*         0x000000001000a122        0x2 
 .rodata.input_task.str1.4
                0x000000001000a124       0x7c CMakeFiles/kyblRTOS.dir/main.c.obj
                                         0x80 (size before relaxing)
 .rodata.main.str1.4
                0x000000001000a1a0       0x21 CMakeFiles/kyblRTOS.dir/main.c.obj
 *fill*         0x000000001000a1c1        0x3 
 .rodata.help.str1.4
                0x000000001000a1c4       0x9e CMakeFiles/kyblRTOS.dir/command.c.obj
 *fill*         0x000000001000a262        0x2 
 .rodata.clear.str1.4
                0x000000001000a264        0x8 CMakeFiles/kyblRTOS.dir/command.c.obj
 .rodata.ver.str1.4
                0x000000001000a26c       0x2e CMakeFiles/kyblRTOS.dir/command.c.obj
 *fill*         0x000000001000a29a        0x2 
 .rodata.str1.4
                0x000000001000a29c       0x1a CMakeFiles/kyblRTOS.dir/command.c.obj
 *fill*         0x000000001000a2b6        0x2 
 .rodata.spin_lock_claim_unused.str1.4
                0x000000001000a2b8       0x1b CMakeFiles/kyblRTOS.dir/home/fetak/pico/pico-sdk/src/rp2_common/hardware_sync/sync.c.obj
 *fill*         0x000000001000a2d3        0x1 
 .rodata.user_irq_claim_unused.str1.4
                0x000000001000a2d4       0x1b CMakeFiles/kyblRTOS.dir/home/fetak/pico/pico-sdk/src/rp2_common/hardware_irq/irq.c.obj
 *fill*         0x000000001000a2ef        0x1 
 .rodata.at_the_end_of_time
                0x000000001000a2f0        0x8 CMakeFiles/kyblRTOS.dir/home/fetak/pico/pico-sdk/src/common/pico_time/time.c.obj
                0x000000001000a2f0                at_the_end_of_time
 .rodata.hardware_alarm_claim.str1.4
                0x000000001000a2f8       0x22 CMakeFiles/kyblRTOS.dir/home/fetak/pico/pico-sdk/src/rp2_common/hardware_timer/timer.c.obj
 *fill*         0x000000001000a31a        0x2 
 .rodata.panic.str1.4
                0x000000001000a31c       0x12 CMakeFiles/kyblRTOS.dir/home/fetak/pico/pico-sdk/src/rp2_common/pico_runtime/runtime.c.obj
 *fill*         0x000000001000a32e        0x2 
 .rodata.panic_unsupported.str1.4
                0x000000001000a330        0xe CMakeFiles/kyblRTOS.dir/home/fetak/pico/pico-sdk/src/rp2_common/pico_runtime/runtime.c.obj
 *fill*         0x000000001000a33e        0x2 
 .rodata.hard_assertion_failure.str1.4
                0x000000001000a340        0xc CMakeFiles/kyblRTOS.dir/home/fetak/pico/pico-sdk/src/rp2_common/pico_runtime/runtime.c.obj
 .rodata._ftoa.str1.4
                0x000000001000a34c       0x15 CMakeFiles/kyblRTOS.dir/home/fetak/pico/pico-sdk/src/rp2_common/pico_printf/printf.c.obj
 *fill*         0x000000001000a361        0x3 
 .rodata._vsnprintf
                0x000000001000a364      0x1e0 CMakeFiles/kyblRTOS.dir/home/fetak/pico/pico-sdk/src/rp2_common/pico_printf/printf.c.obj
 *fill*         0x000000001000a544        0x4 
 .rodata.pow10.0
                0x000000001000a548       0x50 CMakeFiles/kyblRTOS.dir/home/fetak/pico/pico-sdk/src/rp2_common/pico_printf/printf.c.obj
 .rodata.str1.4
                0x000000001000a598       0x40 CMakeFiles/kyblRTOS.dir/home/fetak/pico/pico-sdk/src/rp2_common/pico_standard_link/binary_info.c.obj
 .rodata.__bi_44
                0x000000001000a5d8        0xc CMakeFiles/kyblRTOS.dir/home/fetak/pico/pico-sdk/src/rp2_common/pico_standard_link/binary_info.c.obj
 .rodata.__bi_75
                0x000000001000a5e4        0xc CMakeFiles/kyblRTOS.dir/home/fetak/pico/pico-sdk/src/rp2_common/pico_standard_link/binary_info.c.obj
 .rodata.__bi_81
                0x000000001000a5f0        0xc CMakeFiles/kyblRTOS.dir/home/fetak/pico/pico-sdk/src/rp2_common/pico_standard_link/binary_info.c.obj
 .rodata.crlf_str.0
                0x000000001000a5fc        0x2 CMakeFiles/kyblRTOS.dir/home/fetak/pico/pico-sdk/src/rp2_common/pico_stdio/stdio.c.obj
 *fill*         0x000000001000a5fe        0x2 
 .rodata._resetd_driver
                0x000000001000a600       0x18 CMakeFiles/kyblRTOS.dir/home/fetak/pico/pico-sdk/src/rp2_common/pico_stdio_usb/reset_interface.c.obj
 .rodata.str1.4
                0x000000001000a618       0x13 CMakeFiles/kyblRTOS.dir/home/fetak/pico/pico-sdk/src/rp2_common/pico_stdio_usb/stdio_usb.c.obj
 *fill*         0x000000001000a62b        0x1 
 .rodata.__bi_182.0
                0x000000001000a62c        0xc CMakeFiles/kyblRTOS.dir/home/fetak/pico/pico-sdk/src/rp2_common/pico_stdio_usb/stdio_usb.c.obj
 .rodata.str1.4
                0x000000001000a638       0x2a CMakeFiles/kyblRTOS.dir/home/fetak/pico/pico-sdk/src/rp2_common/pico_stdio_usb/stdio_usb_descriptors.c.obj
 *fill*         0x000000001000a662        0x2 
 .rodata.usbd_desc_cfg
                0x000000001000a664       0x54 CMakeFiles/kyblRTOS.dir/home/fetak/pico/pico-sdk/src/rp2_common/pico_stdio_usb/stdio_usb_descriptors.c.obj
 .rodata.usbd_desc_device
                0x000000001000a6b8       0x12 CMakeFiles/kyblRTOS.dir/home/fetak/pico/pico-sdk/src/rp2_common/pico_stdio_usb/stdio_usb_descriptors.c.obj
 *fill*         0x000000001000a6ca        0x2 
 .rodata.usbd_desc_str
                0x000000001000a6cc       0x18 CMakeFiles/kyblRTOS.dir/home/fetak/pico/pico-sdk/src/rp2_common/pico_stdio_usb/stdio_usb_descriptors.c.obj
 .rodata.str1.4
                0x000000001000a6e4       0x14 CMakeFiles/kyblRTOS.dir/home/fetak/pico/pico-sdk/lib/tinyusb/src/portable/raspberrypi/rp2040/dcd_rp2040.c.obj
 .rodata.str1.4
                0x000000001000a6f8       0x53 CMakeFiles/kyblRTOS.dir/home/fetak/pico/pico-sdk/lib/tinyusb/src/portable/raspberrypi/rp2040/rp2040_usb.c.obj
 *fill*         0x000000001000a74b        0x1 
 .rodata.tud_task_ext
                0x000000001000a74c       0x8c CMakeFiles/kyblRTOS.dir/home/fetak/pico/pico-sdk/lib/tinyusb/src/device/usbd.c.obj
 .rodata._usbd_driver
                0x000000001000a7d8       0x18 CMakeFiles/kyblRTOS.dir/home/fetak/pico/pico-sdk/lib/tinyusb/src/device/usbd.c.obj
 .rodata.prvTimerTask
                0x000000001000a7f0       0x28 CMakeFiles/kyblRTOS.dir/__/lib/FreeRTOS-Kernel/timers.c.obj
 .rodata.xTimerCreateTimerTask.str1.4
                0x000000001000a818       0x10 CMakeFiles/kyblRTOS.dir/__/lib/FreeRTOS-Kernel/timers.c.obj
 .rodata        0x000000001000a828        0x4 /usr/lib/gcc/arm-none-eabi/10.3.1/../../../arm-none-eabi/lib/thumb/v6-m/nofp/libc.a(lib_a-impure.o)
                0x000000001000a828                _global_impure_ptr
                0x000000001000a82c                . = ALIGN (0x4)
 *(SORT_BY_ALIGNMENT(SORT_BY_NAME(.flashdata*)))
                0x000000001000a82c                . = ALIGN (0x4)

.ARM.extab
 *(.ARM.extab* .gnu.linkonce.armextab.*)
                0x000000001000a82c                __exidx_start = .

.ARM.exidx
 *(.ARM.exidx* .gnu.linkonce.armexidx.*)
                0x000000001000a82c                __exidx_end = .
                0x000000001000a82c                . = ALIGN (0x4)
                0x000000001000a82c                __binary_info_start = .

.binary_info    0x000000001000a82c       0x20
 *(.binary_info.keep.*)
 .binary_info.keep.__bi_ptr22
                0x000000001000a82c        0x4 CMakeFiles/kyblRTOS.dir/home/fetak/pico/pico-sdk/src/rp2_common/pico_standard_link/binary_info.c.obj
 .binary_info.keep.__bi_ptr30
                0x000000001000a830        0x4 CMakeFiles/kyblRTOS.dir/home/fetak/pico/pico-sdk/src/rp2_common/pico_standard_link/binary_info.c.obj
 .binary_info.keep.__bi_ptr38
                0x000000001000a834        0x4 CMakeFiles/kyblRTOS.dir/home/fetak/pico/pico-sdk/src/rp2_common/pico_standard_link/binary_info.c.obj
 .binary_info.keep.__bi_ptr44
                0x000000001000a838        0x4 CMakeFiles/kyblRTOS.dir/home/fetak/pico/pico-sdk/src/rp2_common/pico_standard_link/binary_info.c.obj
 .binary_info.keep.__bi_ptr50
                0x000000001000a83c        0x4 CMakeFiles/kyblRTOS.dir/home/fetak/pico/pico-sdk/src/rp2_common/pico_standard_link/binary_info.c.obj
 .binary_info.keep.__bi_ptr75
                0x000000001000a840        0x4 CMakeFiles/kyblRTOS.dir/home/fetak/pico/pico-sdk/src/rp2_common/pico_standard_link/binary_info.c.obj
 .binary_info.keep.__bi_ptr81
                0x000000001000a844        0x4 CMakeFiles/kyblRTOS.dir/home/fetak/pico/pico-sdk/src/rp2_common/pico_standard_link/binary_info.c.obj
 *(.binary_info.*)
 .binary_info.__bi_ptr182
                0x000000001000a848        0x4 CMakeFiles/kyblRTOS.dir/home/fetak/pico/pico-sdk/src/rp2_common/pico_stdio_usb/stdio_usb.c.obj
                0x000000001000a84c                __binary_info_end = .

.rel.dyn        0x000000001000a84c        0x0
 .rel.iplt      0x000000001000a84c        0x0 /usr/lib/gcc/arm-none-eabi/10.3.1/thumb/v6-m/nofp/crtbegin.o
                0x000000001000a84c                . = ALIGN (0x4)

.ram_vector_table
                0x0000000020000000       0xc0
 *(.ram_vector_table)
 .ram_vector_table
                0x0000000020000000       0xc0 CMakeFiles/kyblRTOS.dir/home/fetak/pico/pico-sdk/src/rp2_common/pico_runtime/runtime.c.obj
                0x0000000020000000                ram_vector_table

.data           0x00000000200000c0     0x16d4 load address 0x000000001000a84c
                0x00000000200000c0                __data_start__ = .
 *(vtable)
 *(.time_critical*)
 .time_critical.mutex_try_enter
                0x00000000200000c0       0x44 CMakeFiles/kyblRTOS.dir/home/fetak/pico/pico-sdk/src/common/pico_sync/mutex.c.obj
                0x00000000200000c0                mutex_try_enter
 .time_critical.mutex_try_enter_block_until
                0x0000000020000104       0x9c CMakeFiles/kyblRTOS.dir/home/fetak/pico/pico-sdk/src/common/pico_sync/mutex.c.obj
                0x0000000020000104                mutex_try_enter_block_until
 .time_critical.mutex_enter_timeout_ms
                0x00000000200001a0       0x78 CMakeFiles/kyblRTOS.dir/home/fetak/pico/pico-sdk/src/common/pico_sync/mutex.c.obj
                0x00000000200001a0                mutex_enter_timeout_ms
 .time_critical.mutex_exit
                0x0000000020000218       0x20 CMakeFiles/kyblRTOS.dir/home/fetak/pico/pico-sdk/src/common/pico_sync/mutex.c.obj
                0x0000000020000218                mutex_exit
 .time_critical.flash_init_boot2_copyout
                0x0000000020000238       0x30 CMakeFiles/kyblRTOS.dir/home/fetak/pico/pico-sdk/src/rp2_common/hardware_flash/flash.c.obj
 .time_critical.flash_enable_xip_via_boot2
                0x0000000020000268       0x10 CMakeFiles/kyblRTOS.dir/home/fetak/pico/pico-sdk/src/rp2_common/hardware_flash/flash.c.obj
 .time_critical.flash_cs_force
                0x0000000020000278       0x38 CMakeFiles/kyblRTOS.dir/home/fetak/pico/pico-sdk/src/rp2_common/hardware_flash/flash.c.obj
 .time_critical.flash_do_cmd
                0x00000000200002b0       0xc4 CMakeFiles/kyblRTOS.dir/home/fetak/pico/pico-sdk/src/rp2_common/hardware_flash/flash.c.obj
                0x00000000200002b0                flash_do_cmd
 .time_critical.reset_non_control_endpoints
                0x0000000020000374       0xbc CMakeFiles/kyblRTOS.dir/home/fetak/pico/pico-sdk/lib/tinyusb/src/portable/raspberrypi/rp2040/dcd_rp2040.c.obj
 .time_critical.hw_handle_buff_status
                0x0000000020000430       0xa8 CMakeFiles/kyblRTOS.dir/home/fetak/pico/pico-sdk/lib/tinyusb/src/portable/raspberrypi/rp2040/dcd_rp2040.c.obj
 .time_critical.dcd_rp2040_irq
                0x00000000200004d8      0x4d8 CMakeFiles/kyblRTOS.dir/home/fetak/pico/pico-sdk/lib/tinyusb/src/portable/raspberrypi/rp2040/dcd_rp2040.c.obj
 .time_critical.e15_is_bulkin_ep
                0x00000000200009b0       0x28 CMakeFiles/kyblRTOS.dir/home/fetak/pico/pico-sdk/lib/tinyusb/src/portable/raspberrypi/rp2040/rp2040_usb.c.obj
 .time_critical.e15_is_critical_frame_period
                0x00000000200009d8       0x34 CMakeFiles/kyblRTOS.dir/home/fetak/pico/pico-sdk/lib/tinyusb/src/portable/raspberrypi/rp2040/rp2040_usb.c.obj
 .time_critical.prepare_ep_buffer
                0x0000000020000a0c       0x70 CMakeFiles/kyblRTOS.dir/home/fetak/pico/pico-sdk/lib/tinyusb/src/portable/raspberrypi/rp2040/rp2040_usb.c.obj
 .time_critical.sync_ep_buffer
                0x0000000020000a7c       0x4c CMakeFiles/kyblRTOS.dir/home/fetak/pico/pico-sdk/lib/tinyusb/src/portable/raspberrypi/rp2040/rp2040_usb.c.obj
 .time_critical._hw_endpoint_xfer_sync
                0x0000000020000ac8       0x28 CMakeFiles/kyblRTOS.dir/home/fetak/pico/pico-sdk/lib/tinyusb/src/portable/raspberrypi/rp2040/rp2040_usb.c.obj
 .time_critical.hw_endpoint_reset_transfer
                0x0000000020000af0        0xc CMakeFiles/kyblRTOS.dir/home/fetak/pico/pico-sdk/lib/tinyusb/src/portable/raspberrypi/rp2040/rp2040_usb.c.obj
                0x0000000020000af0                hw_endpoint_reset_transfer
 .time_critical._hw_endpoint_buffer_control_update32
                0x0000000020000afc       0x58 CMakeFiles/kyblRTOS.dir/home/fetak/pico/pico-sdk/lib/tinyusb/src/portable/raspberrypi/rp2040/rp2040_usb.c.obj
                0x0000000020000afc                _hw_endpoint_buffer_control_update32
 .time_critical.hw_endpoint_start_next_buffer
                0x0000000020000b54       0x6c CMakeFiles/kyblRTOS.dir/home/fetak/pico/pico-sdk/lib/tinyusb/src/portable/raspberrypi/rp2040/rp2040_usb.c.obj
                0x0000000020000b54                hw_endpoint_start_next_buffer
 .time_critical.hw_endpoint_xfer_continue
                0x0000000020000bc0       0x50 CMakeFiles/kyblRTOS.dir/home/fetak/pico/pico-sdk/lib/tinyusb/src/portable/raspberrypi/rp2040/rp2040_usb.c.obj
                0x0000000020000bc0                hw_endpoint_xfer_continue
 .time_critical.tinyusb
                0x0000000020000c10      0x170 CMakeFiles/kyblRTOS.dir/home/fetak/pico/pico-sdk/lib/tinyusb/src/device/usbd.c.obj
                0x0000000020000c10                dcd_event_handler
 *(.text*)
 .text          0x0000000020000d80        0x4 /usr/lib/gcc/arm-none-eabi/10.3.1/thumb/v6-m/nofp/libgcc.a(_dvmd_tls.o)
                0x0000000020000d80                __aeabi_ldiv0
                0x0000000020000d80                __aeabi_idiv0
 *fill*         0x0000000020000d84        0x4 
 .text.__stub   0x0000000020000d88       0x90 linker stubs
                0x0000000020000e18                . = ALIGN (0x4)
 *(.rodata*)
                0x0000000020000e18                . = ALIGN (0x4)
 *(.data*)
 .data.commands
                0x0000000020000e18       0x28 CMakeFiles/kyblRTOS.dir/command.c.obj
                0x0000000020000e18                commands
 .data.striped_spin_lock_num
                0x0000000020000e40        0x1 CMakeFiles/kyblRTOS.dir/home/fetak/pico/pico-sdk/src/rp2_common/hardware_sync/sync.c.obj
 *fill*         0x0000000020000e41        0x3 
 .data          0x0000000020000e44       0x48 CMakeFiles/kyblRTOS.dir/home/fetak/pico/pico-sdk/src/rp2_common/hardware_irq/irq_handler_chain.S.obj
                0x0000000020000e44                irq_handler_chain_slots
                0x0000000020000e74                irq_handler_chain_first_slot
                0x0000000020000e7e                irq_handler_chain_remove_tail
 .data.default_alarm_pool
                0x0000000020000e8c       0x18 CMakeFiles/kyblRTOS.dir/home/fetak/pico/pico-sdk/src/common/pico_time/time.c.obj
 .data.default_alarm_pool_heap
                0x0000000020000ea4       0x10 CMakeFiles/kyblRTOS.dir/home/fetak/pico/pico-sdk/src/common/pico_time/time.c.obj
 *fill*         0x0000000020000eb4        0xc 
 .data.aeabi_bits_funcs
                0x0000000020000ec0       0x10 CMakeFiles/kyblRTOS.dir/home/fetak/pico/pico-sdk/src/rp2_common/pico_bit_ops/bit_ops_aeabi.S.obj
                0x0000000020000ec0                aeabi_bits_funcs
                0x0000000020000ed0                aeabi_bits_funcs_end
 .data.aeabi_mem_funcs
                0x0000000020000ed0       0x10 CMakeFiles/kyblRTOS.dir/home/fetak/pico/pico-sdk/src/rp2_common/pico_mem_ops/mem_ops_aeabi.S.obj
                0x0000000020000ed0                aeabi_mem_funcs
                0x0000000020000ee0                aeabi_mem_funcs_end
 .data.stdio_usb
                0x0000000020000ee0       0x18 CMakeFiles/kyblRTOS.dir/home/fetak/pico/pico-sdk/src/rp2_common/pico_stdio_usb/stdio_usb.c.obj
                0x0000000020000ee0                stdio_usb
 .data.ep_dir_string
                0x0000000020000ef8        0x8 CMakeFiles/kyblRTOS.dir/home/fetak/pico/pico-sdk/lib/tinyusb/src/portable/raspberrypi/rp2040/rp2040_usb.c.obj
                0x0000000020000ef8                ep_dir_string
 .data._usbd_qdef
                0x0000000020000f00       0x1c CMakeFiles/kyblRTOS.dir/home/fetak/pico/pico-sdk/lib/tinyusb/src/device/usbd.c.obj
                0x0000000020000f00                _usbd_qdef
 .data._usbd_rhport
                0x0000000020000f1c        0x1 CMakeFiles/kyblRTOS.dir/home/fetak/pico/pico-sdk/lib/tinyusb/src/device/usbd.c.obj
 .data.ucPrimaryCoreNum
                0x0000000020000f1d        0x1 CMakeFiles/kyblRTOS.dir/__/lib/FreeRTOS-Kernel/portable/ThirdParty/GCC/RP2040/port.c.obj
 *fill*         0x0000000020000f1e        0x2 
 .data.uxTopUsedPriority
                0x0000000020000f20        0x4 CMakeFiles/kyblRTOS.dir/__/lib/FreeRTOS-Kernel/tasks.c.obj
                0x0000000020000f20                uxTopUsedPriority
 *fill*         0x0000000020000f24        0x4 
 .data          0x0000000020000f28      0x430 /usr/lib/gcc/arm-none-eabi/10.3.1/../../../arm-none-eabi/lib/thumb/v6-m/nofp/libc.a(lib_a-impure.o)
                0x0000000020000f28                _impure_ptr
 .data          0x0000000020001358      0x410 /usr/lib/gcc/arm-none-eabi/10.3.1/../../../arm-none-eabi/lib/thumb/v6-m/nofp/libc.a(lib_a-mallocr.o)
                0x0000000020001358                __malloc_sbrk_base
                0x000000002000135c                __malloc_trim_threshold
                0x0000000020001360                __malloc_av_
                0x0000000020001768                . = ALIGN (0x4)
 *(.after_data.*)
                0x0000000020001768                . = ALIGN (0x4)
                0x0000000020001768                PROVIDE (__mutex_array_start = .)
 *(SORT_BY_NAME(.mutex_array.*))
 *(.mutex_array)
 .mutex_array   0x0000000020001768        0x8 CMakeFiles/kyblRTOS.dir/home/fetak/pico/pico-sdk/src/rp2_common/pico_malloc/pico_malloc.c.obj
 .mutex_array   0x0000000020001770        0x8 CMakeFiles/kyblRTOS.dir/home/fetak/pico/pico-sdk/src/rp2_common/pico_stdio/stdio.c.obj
                0x0000000020001778                PROVIDE (__mutex_array_end = .)
                0x0000000020001778                . = ALIGN (0x4)
                0x0000000020001778                PROVIDE (__preinit_array_start = .)
 *(SORT_BY_NAME(.preinit_array.*))
 .preinit_array.00001
                0x0000000020001778        0x4 CMakeFiles/kyblRTOS.dir/home/fetak/pico/pico-sdk/src/rp2_common/pico_mem_ops/mem_ops_aeabi.S.obj
 .preinit_array.00010
                0x000000002000177c        0x4 CMakeFiles/kyblRTOS.dir/home/fetak/pico/pico-sdk/src/rp2_common/pico_bit_ops/bit_ops_aeabi.S.obj
 .preinit_array.00020
                0x0000000020001780        0x4 CMakeFiles/kyblRTOS.dir/home/fetak/pico/pico-sdk/src/rp2_common/pico_double/double_aeabi.S.obj
 .preinit_array.00020
                0x0000000020001784        0x4 CMakeFiles/kyblRTOS.dir/home/fetak/pico/pico-sdk/src/rp2_common/pico_float/float_aeabi.S.obj
 *(.preinit_array)
                0x0000000020001788                PROVIDE (__preinit_array_end = .)
                0x0000000020001788                . = ALIGN (0x4)
                0x0000000020001788                PROVIDE (__init_array_start = .)
 *(SORT_BY_NAME(.init_array.*))
 *(.init_array)
 .init_array    0x0000000020001788        0x4 /usr/lib/gcc/arm-none-eabi/10.3.1/thumb/v6-m/nofp/crtbegin.o
 .init_array    0x000000002000178c        0x4 CMakeFiles/kyblRTOS.dir/home/fetak/pico/pico-sdk/src/rp2_common/pico_unique_id/unique_id.c.obj
 .init_array    0x0000000020001790        0x4 CMakeFiles/kyblRTOS.dir/__/lib/FreeRTOS-Kernel/portable/ThirdParty/GCC/RP2040/port.c.obj
                0x0000000020001794                PROVIDE (__init_array_end = .)
                0x0000000020001794                . = ALIGN (0x4)
                0x0000000020001794                PROVIDE (__fini_array_start = .)
 *(SORT_BY_NAME(.fini_array.*))
 *(.fini_array)
                0x0000000020001794                PROVIDE (__fini_array_end = .)
 *(.jcr)
                0x0000000020001794                . = ALIGN (0x4)
                0x0000000020001794                __data_end__ = .
                0x000000001000a84c                __etext = LOADADDR (.data)

.tm_clone_table
                0x0000000020001794        0x0 load address 0x000000001000bf20
 .tm_clone_table
                0x0000000020001794        0x0 /usr/lib/gcc/arm-none-eabi/10.3.1/thumb/v6-m/nofp/crtbegin.o
 .tm_clone_table
                0x0000000020001794        0x0 /usr/lib/gcc/arm-none-eabi/10.3.1/thumb/v6-m/nofp/crtend.o

.igot.plt       0x0000000020001794        0x0 load address 0x000000001000bf20
 .igot.plt      0x0000000020001794        0x0 /usr/lib/gcc/arm-none-eabi/10.3.1/thumb/v6-m/nofp/crtbegin.o

.uninitialized_data
                0x0000000020001794        0x0 load address 0x000000001000bf20
                0x0000000020001794                . = ALIGN (0x4)
 *(.uninitialized_data*)

.scratch_x      0x0000000020040000        0x0 load address 0x000000001000bf20
                0x0000000020040000                __scratch_x_start__ = .
 *(.scratch_x.*)
                0x0000000020040000                . = ALIGN (0x4)
                0x0000000020040000                __scratch_x_end__ = .
                0x000000001000bf20                __scratch_x_source__ = LOADADDR (.scratch_x)

.scratch_y      0x0000000020041000        0x0 load address 0x000000001000bf20
                0x0000000020041000                __scratch_y_start__ = .
 *(.scratch_y.*)
                0x0000000020041000                . = ALIGN (0x4)
                0x0000000020041000                __scratch_y_end__ = .
                0x000000001000bf20                __scratch_y_source__ = LOADADDR (.scratch_y)

.bss            0x0000000020001798    0x2119c
                0x0000000020001798                . = ALIGN (0x4)
                0x0000000020001798                __bss_start__ = .
 *(SORT_BY_ALIGNMENT(SORT_BY_NAME(.bss*)))
 .bss.default_alarm_pool_entries
                0x0000000020001798      0x100 CMakeFiles/kyblRTOS.dir/home/fetak/pico/pico-sdk/src/common/pico_time/time.c.obj
 .bss.last_avail_time.1
                0x0000000020001898        0x8 CMakeFiles/kyblRTOS.dir/home/fetak/pico/pico-sdk/src/rp2_common/pico_stdio_usb/stdio_usb.c.obj
 .bss.sd_table  0x00000000200018a0      0x100 CMakeFiles/kyblRTOS.dir/home/fetak/pico/pico-sdk/src/rp2_common/pico_double/double_init_rom.c.obj
                0x00000000200018a0                sd_table
 .bss.sf_table  0x00000000200019a0      0x100 CMakeFiles/kyblRTOS.dir/home/fetak/pico/pico-sdk/src/rp2_common/pico_float/float_init_rom.c.obj
                0x00000000200019a0                sf_table
 .bss.xQueueRegistry
                0x0000000020001aa0       0x40 CMakeFiles/kyblRTOS.dir/__/lib/FreeRTOS-Kernel/queue.c.obj
                0x0000000020001aa0                xQueueRegistry
 .bss           0x0000000020001ae0       0x1c /usr/lib/gcc/arm-none-eabi/10.3.1/thumb/v6-m/nofp/crtbegin.o
 .bss           0x0000000020001afc       0x34 /usr/lib/gcc/arm-none-eabi/10.3.1/../../../arm-none-eabi/lib/thumb/v6-m/nofp/libc.a(lib_a-mallocr.o)
                0x0000000020001afc                __malloc_top_pad
                0x0000000020001b00                __malloc_current_mallinfo
                0x0000000020001b28                __malloc_max_sbrked_mem
                0x0000000020001b2c                __malloc_max_total_mem
 .bss           0x0000000020001b30        0x4 /usr/lib/gcc/arm-none-eabi/10.3.1/../../../arm-none-eabi/lib/thumb/v6-m/nofp/libc.a(lib_a-reent.o)
                0x0000000020001b30                errno
 .bss._app_driver
                0x0000000020001b34        0x4 CMakeFiles/kyblRTOS.dir/home/fetak/pico/pico-sdk/lib/tinyusb/src/device/usbd.c.obj
 .bss._cdcd_itf
                0x0000000020001b38      0x2c8 CMakeFiles/kyblRTOS.dir/home/fetak/pico/pico-sdk/lib/tinyusb/src/class/cdc/cdc_device.c.obj
 .bss._ctrl_xfer